###############################################################################
#                                                                             #
# IAR ELF Linker V6.30.4.53288/W32 for ARM              23/Jul/2012  23:17:03 #
# Copyright 2007-2011 IAR Systems AB.                                         #
#                                                                             #
#    Output file  =  F:\我的项目\CAMERA工程\Project\STM32F2xx_StdPeriph_Templ #
#                    ate\EWARM\STM322xG_EVAL\Exe\Project.out                  #
#    Map file     =  F:\我的项目\CAMERA工程\Project\STM32F2xx_StdPeriph_Templ #
#                    ate\EWARM\STM322xG_EVAL\List\Project.map                 #
#    Command line =  F:\我的项目\CAMERA工程\Project\STM32F2xx_StdPeriph_Templ #
#                    ate\EWARM\STM322xG_EVAL\Obj\camera_api.o                 #
#                    F:\我的项目\CAMERA工程\Project\STM32F2xx_StdPeriph_Templ #
#                    ate\EWARM\STM322xG_EVAL\Obj\dcmi_ov2640.o                #
#                    F:\我的项目\CAMERA工程\Project\STM32F2xx_StdPeriph_Templ #
#                    ate\EWARM\STM322xG_EVAL\Obj\dcmi_ov9655.o                #
#                    F:\我的项目\CAMERA工程\Project\STM32F2xx_StdPeriph_Templ #
#                    ate\EWARM\STM322xG_EVAL\Obj\lcd_log.o                    #
#                    F:\我的项目\CAMERA工程\Project\STM32F2xx_StdPeriph_Templ #
#                    ate\EWARM\STM322xG_EVAL\Obj\main.o                       #
#                    F:\我的项目\CAMERA工程\Project\STM32F2xx_StdPeriph_Templ #
#                    ate\EWARM\STM322xG_EVAL\Obj\misc.o                       #
#                    F:\我的项目\CAMERA工程\Project\STM32F2xx_StdPeriph_Templ #
#                    ate\EWARM\STM322xG_EVAL\Obj\startup_stm32f2xx.o          #
#                    F:\我的项目\CAMERA工程\Project\STM32F2xx_StdPeriph_Templ #
#                    ate\EWARM\STM322xG_EVAL\Obj\stm322xg_eval.o              #
#                    F:\我的项目\CAMERA工程\Project\STM32F2xx_StdPeriph_Templ #
#                    ate\EWARM\STM322xG_EVAL\Obj\stm322xg_eval_fsmc_sram.o    #
#                    F:\我的项目\CAMERA工程\Project\STM32F2xx_StdPeriph_Templ #
#                    ate\EWARM\STM322xG_EVAL\Obj\stm322xg_eval_ioe.o          #
#                    F:\我的项目\CAMERA工程\Project\STM32F2xx_StdPeriph_Templ #
#                    ate\EWARM\STM322xG_EVAL\Obj\stm322xg_eval_lcd.o          #
#                    F:\我的项目\CAMERA工程\Project\STM32F2xx_StdPeriph_Templ #
#                    ate\EWARM\STM322xG_EVAL\Obj\stm32f2xx_adc.o              #
#                    F:\我的项目\CAMERA工程\Project\STM32F2xx_StdPeriph_Templ #
#                    ate\EWARM\STM322xG_EVAL\Obj\stm32f2xx_can.o              #
#                    F:\我的项目\CAMERA工程\Project\STM32F2xx_StdPeriph_Templ #
#                    ate\EWARM\STM322xG_EVAL\Obj\stm32f2xx_crc.o              #
#                    F:\我的项目\CAMERA工程\Project\STM32F2xx_StdPeriph_Templ #
#                    ate\EWARM\STM322xG_EVAL\Obj\stm32f2xx_cryp.o             #
#                    F:\我的项目\CAMERA工程\Project\STM32F2xx_StdPeriph_Templ #
#                    ate\EWARM\STM322xG_EVAL\Obj\stm32f2xx_cryp_aes.o         #
#                    F:\我的项目\CAMERA工程\Project\STM32F2xx_StdPeriph_Templ #
#                    ate\EWARM\STM322xG_EVAL\Obj\stm32f2xx_cryp_des.o         #
#                    F:\我的项目\CAMERA工程\Project\STM32F2xx_StdPeriph_Templ #
#                    ate\EWARM\STM322xG_EVAL\Obj\stm32f2xx_cryp_tdes.o        #
#                    F:\我的项目\CAMERA工程\Project\STM32F2xx_StdPeriph_Templ #
#                    ate\EWARM\STM322xG_EVAL\Obj\stm32f2xx_dac.o              #
#                    F:\我的项目\CAMERA工程\Project\STM32F2xx_StdPeriph_Templ #
#                    ate\EWARM\STM322xG_EVAL\Obj\stm32f2xx_dbgmcu.o           #
#                    F:\我的项目\CAMERA工程\Project\STM32F2xx_StdPeriph_Templ #
#                    ate\EWARM\STM322xG_EVAL\Obj\stm32f2xx_dcmi.o             #
#                    F:\我的项目\CAMERA工程\Project\STM32F2xx_StdPeriph_Templ #
#                    ate\EWARM\STM322xG_EVAL\Obj\stm32f2xx_dma.o              #
#                    F:\我的项目\CAMERA工程\Project\STM32F2xx_StdPeriph_Templ #
#                    ate\EWARM\STM322xG_EVAL\Obj\stm32f2xx_exti.o             #
#                    F:\我的项目\CAMERA工程\Project\STM32F2xx_StdPeriph_Templ #
#                    ate\EWARM\STM322xG_EVAL\Obj\stm32f2xx_flash.o            #
#                    F:\我的项目\CAMERA工程\Project\STM32F2xx_StdPeriph_Templ #
#                    ate\EWARM\STM322xG_EVAL\Obj\stm32f2xx_fsmc.o             #
#                    F:\我的项目\CAMERA工程\Project\STM32F2xx_StdPeriph_Templ #
#                    ate\EWARM\STM322xG_EVAL\Obj\stm32f2xx_gpio.o             #
#                    F:\我的项目\CAMERA工程\Project\STM32F2xx_StdPeriph_Templ #
#                    ate\EWARM\STM322xG_EVAL\Obj\stm32f2xx_hash.o             #
#                    F:\我的项目\CAMERA工程\Project\STM32F2xx_StdPeriph_Templ #
#                    ate\EWARM\STM322xG_EVAL\Obj\stm32f2xx_hash_md5.o         #
#                    F:\我的项目\CAMERA工程\Project\STM32F2xx_StdPeriph_Templ #
#                    ate\EWARM\STM322xG_EVAL\Obj\stm32f2xx_hash_sha1.o        #
#                    F:\我的项目\CAMERA工程\Project\STM32F2xx_StdPeriph_Templ #
#                    ate\EWARM\STM322xG_EVAL\Obj\stm32f2xx_i2c.o              #
#                    F:\我的项目\CAMERA工程\Project\STM32F2xx_StdPeriph_Templ #
#                    ate\EWARM\STM322xG_EVAL\Obj\stm32f2xx_it.o               #
#                    F:\我的项目\CAMERA工程\Project\STM32F2xx_StdPeriph_Templ #
#                    ate\EWARM\STM322xG_EVAL\Obj\stm32f2xx_iwdg.o             #
#                    F:\我的项目\CAMERA工程\Project\STM32F2xx_StdPeriph_Templ #
#                    ate\EWARM\STM322xG_EVAL\Obj\stm32f2xx_pwr.o              #
#                    F:\我的项目\CAMERA工程\Project\STM32F2xx_StdPeriph_Templ #
#                    ate\EWARM\STM322xG_EVAL\Obj\stm32f2xx_rcc.o              #
#                    F:\我的项目\CAMERA工程\Project\STM32F2xx_StdPeriph_Templ #
#                    ate\EWARM\STM322xG_EVAL\Obj\stm32f2xx_rng.o              #
#                    F:\我的项目\CAMERA工程\Project\STM32F2xx_StdPeriph_Templ #
#                    ate\EWARM\STM322xG_EVAL\Obj\stm32f2xx_rtc.o              #
#                    F:\我的项目\CAMERA工程\Project\STM32F2xx_StdPeriph_Templ #
#                    ate\EWARM\STM322xG_EVAL\Obj\stm32f2xx_sdio.o             #
#                    F:\我的项目\CAMERA工程\Project\STM32F2xx_StdPeriph_Templ #
#                    ate\EWARM\STM322xG_EVAL\Obj\stm32f2xx_spi.o              #
#                    F:\我的项目\CAMERA工程\Project\STM32F2xx_StdPeriph_Templ #
#                    ate\EWARM\STM322xG_EVAL\Obj\stm32f2xx_syscfg.o           #
#                    F:\我的项目\CAMERA工程\Project\STM32F2xx_StdPeriph_Templ #
#                    ate\EWARM\STM322xG_EVAL\Obj\stm32f2xx_tim.o              #
#                    F:\我的项目\CAMERA工程\Project\STM32F2xx_StdPeriph_Templ #
#                    ate\EWARM\STM322xG_EVAL\Obj\stm32f2xx_usart.o            #
#                    F:\我的项目\CAMERA工程\Project\STM32F2xx_StdPeriph_Templ #
#                    ate\EWARM\STM322xG_EVAL\Obj\stm32f2xx_wwdg.o             #
#                    F:\我的项目\CAMERA工程\Project\STM32F2xx_StdPeriph_Templ #
#                    ate\EWARM\STM322xG_EVAL\Obj\system_stm32f2xx.o           #
#                    --redirect _Printf=_PrintfSmall --redirect               #
#                    _Scanf=_ScanfSmall -o F:\我的项目\CAMERA工程\Project\STM #
#                    32F2xx_StdPeriph_Template\EWARM\STM322xG_EVAL\Exe\Projec #
#                    t.out --map F:\我的项目\CAMERA工程\Project\STM32F2xx_Std #
#                    Periph_Template\EWARM\STM322xG_EVAL\List\Project.map     #
#                    --config F:\我的项目\CAMERA工程\Project\STM32F2xx_StdPer #
#                    iph_Template\EWARM\stm32f2xx_flash.icf --semihosting     #
#                    --entry __iar_program_start --vfe                        #
#                                                                             #
#                                                                             #
###############################################################################

*******************************************************************************
*** RUNTIME MODEL ATTRIBUTES
***

CppFlavor                     = *
__Heap_Handler                = Basic
__SystemLibrary               = DLib
__dlib_dynamic_initialization = normal


*******************************************************************************
*** PLACEMENT SUMMARY
***

"A1":  place at 0x08000000 { ro section .intvec };
"P1":  place in [from 0x08000000 to 0x080fffff] { ro };
"P2":  place in [from 0x20000000 to 0x20020000] { rw, block CSTACK, block HEAP };

  Section            Kind        Address    Size  Object
  -------            ----        -------    ----  ------
"A1":                                      0x184
  .intvec            ro code  0x08000000   0x184  startup_stm32f2xx.o [1]
                            - 0x08000184   0x184

"P1":                                     0x5c60
  .rodata            const    0x08000184  0x23d0  stm322xg_eval_lcd.o [1]
  .text              ro code  0x08002554   0x8c4  dcmi_ov2640.o [1]
  .text              ro code  0x08002e18   0x110  stm32f2xx_rcc.o [1]
  .text              ro code  0x08002f28    0x94  stm32f2xx_gpio.o [1]
  .text              ro code  0x08002fbc   0x1fc  stm32f2xx_i2c.o [1]
  .text              ro code  0x080031b8   0x1c4  stm32f2xx_dma.o [1]
  .text              ro code  0x0800337c    0x64  stm32f2xx_dcmi.o [1]
  .text              ro code  0x080033e0    0xa0  camera_api.o [1]
  .text              ro code  0x08003480   0x414  dcmi_ov9655.o [1]
  .text              ro code  0x08003894   0x6b0  stm322xg_eval_lcd.o [1]
  .text              ro code  0x08003f44    0xd8  stm32f2xx_fsmc.o [1]
  .text              ro code  0x0800401c   0x73c  xprintfsmall.o [3]
  .text              ro code  0x08004758    0x20  xmbtowc.o [3]
  .text              ro code  0x08004778    0x16  strchr.o [5]
  .text              ro code  0x0800478e    0x2e  copy_init3.o [5]
  .text              ro code  0x080047bc    0x36  strlen.o [5]
  .text              ro code  0x080047f2    0x22  zero_init3.o [5]
  .text              ro code  0x08004814    0x58  memchr.o [5]
  .text              ro code  0x0800486c     0xa  xmbcurmax.o [3]
  .text              ro code  0x08004876     0xa  xsprout.o [3]
  .text              ro code  0x08004880    0xbc  xxmemxmalloc.o [3]
  .text              ro code  0x0800493c    0x1a  xwctomb.o [3]
  .text              ro code  0x08004958    0x76  ABImemcpy.o [5]
  .text              ro code  0x080049d0    0x88  xxmemxfree.o [3]
  .text              ro code  0x08004a58    0x14  setlocale.o [3]
  .text              ro code  0x08004a6c    0x5c  xencoding_sb.o [3]
  .text              ro code  0x08004ac8   0x114  xsyslock.o [3]
  .text              ro code  0x08004bdc    0x28  xgetmemchunk.o [3]
  .text              ro code  0x08004c04     0x2  xtls.o [3]
  .text              ro code  0x08004c06     0x4  xmtx2.o [3]
  .text              ro code  0x08004c0a     0x8  xmtx.o [3]
  .text              ro code  0x08004c14   0x4c4  stm322xg_eval_ioe.o [1]
  .text              ro code  0x080050d8    0x28  stm32f2xx_syscfg.o [1]
  .text              ro code  0x08005100   0x350  main.o [1]
  .text              ro code  0x08005450    0x94  stm322xg_eval.o [1]
  .text              ro code  0x080054e4    0xec  lcd_log.o [1]
  .text              ro code  0x080055d0    0x34  sprintf.o [3]
  .text              ro code  0x08005604   0x120  stm32f2xx_adc.o [1]
  .text              ro code  0x08005724    0x3a  ABImemset48.o [5]
  .text              ro code  0x08005760    0xcc  system_stm32f2xx.o [1]
  .text              ro code  0x0800582c    0x9c  stm32f2xx_it.o [1]
  .text              ro code  0x080058c8    0x28  stm32f2xx_exti.o [1]
  .rodata            const    0x080058f0    0x30  camera_api.o [1]
  .text              ro code  0x08005920    0x2c  data_init3.o [5]
  .iar.init_table    const    0x0800594c    0x24  - Linker created -
  .text              ro code  0x08005970    0x16  cmain.o [5]
  .text              ro code  0x08005986     0x4  low_level_init.o [3]
  .text              ro code  0x0800598a     0x4  exit.o [3]
  .text              ro code  0x08005990     0xe  cexit.o [5]
  .text              ro code  0x080059a0    0x14  exit.o [6]
  .text              ro code  0x080059b4    0x10  startup_stm32f2xx.o [1]
  .text              ro code  0x080059c4     0xc  cstartup_M.o [5]
  .text              ro code  0x080059d0     0x4  startup_stm32f2xx.o [1]
  .text              ro code  0x080059d4     0x4  startup_stm32f2xx.o [1]
  .text              ro code  0x080059d8     0x4  startup_stm32f2xx.o [1]
  .text              ro code  0x080059dc     0x4  startup_stm32f2xx.o [1]
  .text              ro code  0x080059e0     0x4  startup_stm32f2xx.o [1]
  .text              ro code  0x080059e4     0x4  startup_stm32f2xx.o [1]
  .text              ro code  0x080059e8     0x4  startup_stm32f2xx.o [1]
  .text              ro code  0x080059ec     0x4  startup_stm32f2xx.o [1]
  .text              ro code  0x080059f0     0x4  startup_stm32f2xx.o [1]
  .text              ro code  0x080059f4     0x4  startup_stm32f2xx.o [1]
  .text              ro code  0x080059f8     0x4  startup_stm32f2xx.o [1]
  .text              ro code  0x080059fc     0x4  startup_stm32f2xx.o [1]
  .text              ro code  0x08005a00     0x4  startup_stm32f2xx.o [1]
  .text              ro code  0x08005a04     0x4  startup_stm32f2xx.o [1]
  .text              ro code  0x08005a08     0x4  startup_stm32f2xx.o [1]
  .text              ro code  0x08005a0c     0x4  startup_stm32f2xx.o [1]
  .text              ro code  0x08005a10     0x4  startup_stm32f2xx.o [1]
  .text              ro code  0x08005a14     0x4  startup_stm32f2xx.o [1]
  .text              ro code  0x08005a18     0x4  startup_stm32f2xx.o [1]
  .text              ro code  0x08005a1c     0x4  startup_stm32f2xx.o [1]
  .text              ro code  0x08005a20     0x4  startup_stm32f2xx.o [1]
  .text              ro code  0x08005a24     0x4  startup_stm32f2xx.o [1]
  .text              ro code  0x08005a28     0x4  startup_stm32f2xx.o [1]
  .text              ro code  0x08005a2c     0x4  startup_stm32f2xx.o [1]
  .text              ro code  0x08005a30     0x4  startup_stm32f2xx.o [1]
  .text              ro code  0x08005a34     0x4  startup_stm32f2xx.o [1]
  .text              ro code  0x08005a38     0x4  startup_stm32f2xx.o [1]
  .text              ro code  0x08005a3c     0x4  startup_stm32f2xx.o [1]
  .text              ro code  0x08005a40     0x4  startup_stm32f2xx.o [1]
  .text              ro code  0x08005a44     0x4  startup_stm32f2xx.o [1]
  .text              ro code  0x08005a48     0x4  startup_stm32f2xx.o [1]
  .text              ro code  0x08005a4c     0x4  startup_stm32f2xx.o [1]
  .text              ro code  0x08005a50     0x4  startup_stm32f2xx.o [1]
  .text              ro code  0x08005a54     0x4  startup_stm32f2xx.o [1]
  .text              ro code  0x08005a58     0x4  startup_stm32f2xx.o [1]
  .text              ro code  0x08005a5c     0x4  startup_stm32f2xx.o [1]
  .text              ro code  0x08005a60     0x4  startup_stm32f2xx.o [1]
  .text              ro code  0x08005a64     0x4  startup_stm32f2xx.o [1]
  .text              ro code  0x08005a68     0x4  startup_stm32f2xx.o [1]
  .text              ro code  0x08005a6c     0x4  startup_stm32f2xx.o [1]
  .text              ro code  0x08005a70     0x4  startup_stm32f2xx.o [1]
  .text              ro code  0x08005a74     0x4  startup_stm32f2xx.o [1]
  .text              ro code  0x08005a78     0x4  startup_stm32f2xx.o [1]
  .text              ro code  0x08005a7c     0x4  startup_stm32f2xx.o [1]
  .text              ro code  0x08005a80     0x4  startup_stm32f2xx.o [1]
  .text              ro code  0x08005a84     0x4  startup_stm32f2xx.o [1]
  .text              ro code  0x08005a88     0x4  startup_stm32f2xx.o [1]
  .text              ro code  0x08005a8c     0x4  startup_stm32f2xx.o [1]
  .text              ro code  0x08005a90     0x4  startup_stm32f2xx.o [1]
  .text              ro code  0x08005a94     0x4  startup_stm32f2xx.o [1]
  .text              ro code  0x08005a98     0x4  startup_stm32f2xx.o [1]
  .text              ro code  0x08005a9c     0x4  startup_stm32f2xx.o [1]
  .text              ro code  0x08005aa0     0x4  startup_stm32f2xx.o [1]
  .text              ro code  0x08005aa4     0x4  startup_stm32f2xx.o [1]
  .text              ro code  0x08005aa8     0x4  startup_stm32f2xx.o [1]
  .text              ro code  0x08005aac     0x4  startup_stm32f2xx.o [1]
  .text              ro code  0x08005ab0     0x4  startup_stm32f2xx.o [1]
  .text              ro code  0x08005ab4     0x4  startup_stm32f2xx.o [1]
  .text              ro code  0x08005ab8     0x4  startup_stm32f2xx.o [1]
  .text              ro code  0x08005abc     0x4  startup_stm32f2xx.o [1]
  .text              ro code  0x08005ac0     0x4  startup_stm32f2xx.o [1]
  .text              ro code  0x08005ac4     0x4  startup_stm32f2xx.o [1]
  .text              ro code  0x08005ac8     0x4  startup_stm32f2xx.o [1]
  .text              ro code  0x08005acc     0x4  startup_stm32f2xx.o [1]
  .text              ro code  0x08005ad0     0x4  startup_stm32f2xx.o [1]
  .text              ro code  0x08005ad4     0x4  startup_stm32f2xx.o [1]
  .text              ro code  0x08005ad8     0x4  startup_stm32f2xx.o [1]
  .text              ro code  0x08005adc     0x4  startup_stm32f2xx.o [1]
  .text              ro code  0x08005ae0     0x4  startup_stm32f2xx.o [1]
  .text              ro code  0x08005ae4     0x4  startup_stm32f2xx.o [1]
  .text              ro code  0x08005ae8     0x4  startup_stm32f2xx.o [1]
  .text              ro code  0x08005aec     0x4  startup_stm32f2xx.o [1]
  .text              ro code  0x08005af0     0x4  startup_stm32f2xx.o [1]
  .text              ro code  0x08005af4     0x4  startup_stm32f2xx.o [1]
  .text              ro code  0x08005af8     0x4  startup_stm32f2xx.o [1]
  .text              ro code  0x08005afc     0x4  startup_stm32f2xx.o [1]
  .text              ro code  0x08005b00     0x4  startup_stm32f2xx.o [1]
  .text              ro code  0x08005b04     0x4  startup_stm32f2xx.o [1]
  .text              ro code  0x08005b08     0x4  startup_stm32f2xx.o [1]
  .text              ro code  0x08005b0c     0x4  startup_stm32f2xx.o [1]
  .text              ro code  0x08005b10     0x4  startup_stm32f2xx.o [1]
  .text              ro code  0x08005b14     0x4  startup_stm32f2xx.o [1]
  .text              ro code  0x08005b18     0x4  startup_stm32f2xx.o [1]
  .text              ro code  0x08005b1c     0x4  startup_stm32f2xx.o [1]
  .text              ro code  0x08005b20     0x4  startup_stm32f2xx.o [1]
  .text              ro code  0x08005b24     0x4  startup_stm32f2xx.o [1]
  .text              ro code  0x08005b28     0x4  startup_stm32f2xx.o [1]
  .text              ro code  0x08005b2c     0x4  startup_stm32f2xx.o [1]
  .text              ro code  0x08005b30     0x4  startup_stm32f2xx.o [1]
  .text              ro code  0x08005b34     0x4  startup_stm32f2xx.o [1]
  .text              ro code  0x08005b38     0x0  cstart_clearlocks.o [5]
  .rodata            const    0x08005b38     0x0  bwt_init3c.o [5]
  Initializer bytes  ro data  0x08005b38   0x2ac  <for P2 s0>
                            - 0x08005de4  0x5c60

"P2", part 1 of 3:                         0x2ac
  P2 s0                       0x20000000   0x2ac  <Init block>
    .data            inited   0x20000000   0x130  dcmi_ov9655.o [1]
    .data            inited   0x20000130   0x130  dcmi_ov9655.o [1]
    .data            inited   0x20000260    0x10  stm322xg_eval.o [1]
    .data            inited   0x20000270    0x10  stm322xg_eval_lcd.o [1]
    .data            inited   0x20000280    0x10  stm32f2xx_rcc.o [1]
    .data            inited   0x20000290     0x8  camera_api.o [1]
    .data            inited   0x20000298     0x8  stm322xg_eval_lcd.o [1]
    .data            inited   0x200002a0     0x8  stm322xg_eval_lcd.o [1]
    .data            inited   0x200002a8     0x4  stm322xg_eval_ioe.o [1]
                            - 0x200002ac   0x2ac

"P2", part 2 of 3:                         0x10c
  __DLIB_PERTHREAD   zero     0x200002ac    0x74  setlocale.o [3]
  .bss               zero     0x20000320    0x44  main.o [1]
  .bss               zero     0x20000364    0x38  xsyslock.o [3]
  .bss               zero     0x2000039c     0x8  camera_api.o [1]
  .bss               zero     0x200003a4     0x8  xxmemxmalloc.o [3]
  .bss               zero     0x200003ac     0x4  camera_api.o [1]
  .bss               zero     0x200003b0     0x4  xgetmemchunk.o [3]
  .bss               zero     0x200003b4     0x2  camera_api.o [1]
                            - 0x200003b6   0x10a

"P2", part 3 of 3:                         0x600
  CSTACK                      0x200003b8   0x400  <Block>
    CSTACK           uninit   0x200003b8   0x400  <Block tail>
  HEAP                        0x200007b8   0x200  <Block>
    HEAP             uninit   0x200007b8   0x200  <Block tail>
                            - 0x200009b8   0x600


*******************************************************************************
*** INIT TABLE
***

          Address     Size
          -------     ----
Zero (__iar_zero_init3)
    1 destination range, total size 0x10a:
          0x200002ac  0x10a

Copy (__iar_copy_init3)
    1 source range, total size 0x2ac:
          0x08005b38  0x2ac
    1 destination range, total size 0x2ac:
          0x20000000  0x2ac



*******************************************************************************
*** MODULE SUMMARY
***

    Module               ro code  ro data  rw data
    ------               -------  -------  -------
F:\我的项目\CAMERA工程\Project\STM32F2xx_StdPeriph_Template\EWARM\STM322xG_EVAL\Obj: [1]
    camera_api.o             160       56       22
    dcmi_ov2640.o          2 244
    dcmi_ov9655.o          1 044      608      608
    lcd_log.o                236
    main.o                   848                68
    startup_stm32f2xx.o      764
    stm322xg_eval.o          148       16       16
    stm322xg_eval_ioe.o    1 220        4        4
    stm322xg_eval_lcd.o    1 712    9 200       32
    stm32f2xx_adc.o          288
    stm32f2xx_dcmi.o         100
    stm32f2xx_dma.o          452
    stm32f2xx_exti.o          40
    stm32f2xx_fsmc.o         216
    stm32f2xx_gpio.o         148
    stm32f2xx_i2c.o          508
    stm32f2xx_it.o           156
    stm32f2xx_rcc.o          272       16       16
    stm32f2xx_syscfg.o        40
    system_stm32f2xx.o       204
    ----------------------------------------------
    Total:                10 800    9 900      766

command line: [2]
    ----------------------------------------------
    Total:

dl7M_tlf.a: [3]
    exit.o                     4
    low_level_init.o           4
    setlocale.o               20               116
    sprintf.o                 52
    xencoding_sb.o            92
    xgetmemchunk.o            40                 4
    xmbcurmax.o               10
    xmbtowc.o                 32
    xmtx.o                     8
    xmtx2.o                    4
    xprintfsmall.o         1 852
    xsprout.o                 10
    xsyslock.o               276                56
    xtls.o                     2
    xwctomb.o                 26
    xxmemxfree.o             136
    xxmemxmalloc.o           188                 8
    ----------------------------------------------
    Total:                 2 756               184

m7M_tl.a: [4]
    ----------------------------------------------
    Total:

rt7M_tl.a: [5]
    ABImemcpy.o              118
    ABImemset48.o             58
    bwt_init3c.o
    cexit.o                   14
    cmain.o                   22
    copy_init3.o              46
    cstart_clearlocks.o
    cstartup_M.o              12
    data_init3.o              44
    memchr.o                  88
    strchr.o                  22
    strlen.o                  54
    zero_init3.o              34
    ----------------------------------------------
    Total:                   512

shb_l.a: [6]
    exit.o                    20
    ----------------------------------------------
    Total:                    20

    Gaps                      12
    Linker created                     36    1 536
--------------------------------------------------
    Grand Total:          14 100    9 936    2 486


*******************************************************************************
*** ENTRY LIST
***

Entry                      Address    Size  Type      Object
-----                      -------    ----  ----      ------
?main                   0x08005971          Code  Gb  cmain.o [5]
ADCVal                  0x20000328     0x2  Data  Gb  main.o [1]
ADC_Cmd                 0x08005675    0x12  Code  Gb  stm32f2xx_adc.o [1]
ADC_CommonInit          0x08005659    0x1c  Code  Gb  stm32f2xx_adc.o [1]
ADC_Config              0x080052d7    0x92  Code  Gb  main.o [1]
ADC_GetConversionValue  0x0800570f     0x6  Code  Gb  stm32f2xx_adc.o [1]
ADC_IRQHandler          0x08005a3d          Code  Wk  startup_stm32f2xx.o [1]
ADC_Init                0x08005605    0x40  Code  Gb  stm32f2xx_adc.o [1]
ADC_RegularChannelConfig
                        0x08005687    0x7e  Code  Gb  stm32f2xx_adc.o [1]
ADC_SoftwareStartConv   0x08005705     0xa  Code  Gb  stm32f2xx_adc.o [1]
ADC_StructInit          0x08005645    0x14  Code  Gb  stm32f2xx_adc.o [1]
APBAHBPrescTable        0x20000280    0x10  Data  Lc  stm32f2xx_rcc.o [1]
ASCII12x12_Table        0x08001354   0x900  Data  Gb  stm322xg_eval_lcd.o [1]
ASCII16x24_Table        0x08000184  0x11d0  Data  Gb  stm322xg_eval_lcd.o [1]
ASCII8x12_Table         0x08001c54   0x900  Data  Gb  stm322xg_eval_lcd.o [1]
BackColor               0x20000272     0x2  Data  Gb  stm322xg_eval_lcd.o [1]
BusFault_Handler        0x08005833     0x2  Code  Gb  stm32f2xx_it.o [1]
CAN1_RX0_IRQHandler     0x08005a45          Code  Wk  startup_stm32f2xx.o [1]
CAN1_RX1_IRQHandler     0x08005a49          Code  Wk  startup_stm32f2xx.o [1]
CAN1_SCE_IRQHandler     0x08005a4d          Code  Wk  startup_stm32f2xx.o [1]
CAN1_TX_IRQHandler      0x08005a41          Code  Wk  startup_stm32f2xx.o [1]
CAN2_RX0_IRQHandler     0x08005af5          Code  Wk  startup_stm32f2xx.o [1]
CAN2_RX1_IRQHandler     0x08005af9          Code  Wk  startup_stm32f2xx.o [1]
CAN2_SCE_IRQHandler     0x08005afd          Code  Wk  startup_stm32f2xx.o [1]
CAN2_TX_IRQHandler      0x08005af1          Code  Wk  startup_stm32f2xx.o [1]
CRYP_IRQHandler         0x08005b31          Code  Wk  startup_stm32f2xx.o [1]
CSTACK$$Base            0x200003b8           --   Gb  - Linker created -
CSTACK$$Limit           0x200007b8           --   Gb  - Linker created -
Camera                  0x200003b4     0x1  Data  Gb  camera_api.o [1]
Camera_Config           0x080033e1    0x60  Code  Gb  camera_api.o [1]
DCMI_CaptureCmd         0x080033c1    0x14  Code  Gb  stm32f2xx_dcmi.o [1]
DCMI_Cmd                0x080033ad    0x14  Code  Gb  stm32f2xx_dcmi.o [1]
DCMI_IRQHandler         0x08005b2d          Code  Wk  startup_stm32f2xx.o [1]
DCMI_Init               0x0800337d    0x30  Code  Gb  stm32f2xx_dcmi.o [1]
DMA1_Stream0_IRQHandler
                        0x08005a21          Code  Wk  startup_stm32f2xx.o [1]
DMA1_Stream1_IRQHandler
                        0x08005a25          Code  Wk  startup_stm32f2xx.o [1]
DMA1_Stream2_IRQHandler
                        0x08005a29          Code  Wk  startup_stm32f2xx.o [1]
DMA1_Stream3_IRQHandler
                        0x08005a2d          Code  Wk  startup_stm32f2xx.o [1]
DMA1_Stream4_IRQHandler
                        0x08005a31          Code  Wk  startup_stm32f2xx.o [1]
DMA1_Stream5_IRQHandler
                        0x08005a35          Code  Wk  startup_stm32f2xx.o [1]
DMA1_Stream6_IRQHandler
                        0x08005a39          Code  Wk  startup_stm32f2xx.o [1]
DMA1_Stream7_IRQHandler
                        0x08005ab1          Code  Wk  startup_stm32f2xx.o [1]
DMA2_Stream0_IRQHandler
                        0x08005ad5          Code  Wk  startup_stm32f2xx.o [1]
DMA2_Stream1_IRQHandler
                        0x08005ad9          Code  Wk  startup_stm32f2xx.o [1]
DMA2_Stream2_IRQHandler
                        0x08005add          Code  Wk  startup_stm32f2xx.o [1]
DMA2_Stream3_IRQHandler
                        0x08005ae1          Code  Wk  startup_stm32f2xx.o [1]
DMA2_Stream4_IRQHandler
                        0x08005ae5          Code  Wk  startup_stm32f2xx.o [1]
DMA2_Stream5_IRQHandler
                        0x08005b05          Code  Wk  startup_stm32f2xx.o [1]
DMA2_Stream6_IRQHandler
                        0x08005b09          Code  Wk  startup_stm32f2xx.o [1]
DMA2_Stream7_IRQHandler
                        0x08005b0d          Code  Wk  startup_stm32f2xx.o [1]
DMA_ClearFlag           0x080032fd    0x1a  Code  Gb  stm32f2xx_dma.o [1]
DMA_Cmd                 0x080032c9    0x12  Code  Gb  stm32f2xx_dma.o [1]
DMA_DeInit              0x080031b9    0xc0  Code  Gb  stm32f2xx_dma.o [1]
DMA_GetFlagStatus       0x080032db    0x22  Code  Gb  stm32f2xx_dma.o [1]
DMA_Init                0x08003279    0x50  Code  Gb  stm32f2xx_dma.o [1]
DebugMon_Handler        0x08005839     0x2  Code  Gb  stm32f2xx_it.o [1]
Delay                   0x0800345d     0xc  Code  Gb  camera_api.o [1]
Demo_LCD_Clear          0x08003443    0x1a  Code  Gb  camera_api.o [1]
ETH_IRQHandler          0x08005ae9          Code  Wk  startup_stm32f2xx.o [1]
ETH_WKUP_IRQHandler     0x08005aed          Code  Wk  startup_stm32f2xx.o [1]
EXTI0_IRQHandler        0x08005a0d          Code  Wk  startup_stm32f2xx.o [1]
EXTI15_10_IRQHandler    0x08005a95          Code  Wk  startup_stm32f2xx.o [1]
EXTI1_IRQHandler        0x08005a11          Code  Wk  startup_stm32f2xx.o [1]
EXTI2_IRQHandler        0x08005841    0x6c  Code  Gb  stm32f2xx_it.o [1]
EXTI3_IRQHandler        0x08005a19          Code  Wk  startup_stm32f2xx.o [1]
EXTI4_IRQHandler        0x08005a1d          Code  Wk  startup_stm32f2xx.o [1]
EXTI9_5_IRQHandler      0x08005a51          Code  Wk  startup_stm32f2xx.o [1]
EXTI_ClearITPendingBit  0x080058df     0x2  Code  Gb  stm32f2xx_exti.o [1]
EXTI_GetITStatus        0x080058c9    0x16  Code  Gb  stm32f2xx_exti.o [1]
FLASH_IRQHandler        0x08005a05          Code  Wk  startup_stm32f2xx.o [1]
FSMC_IRQHandler         0x08005ab5          Code  Wk  startup_stm32f2xx.o [1]
FSMC_NORSRAMCmd         0x08003ffb    0x14  Code  Gb  stm32f2xx_fsmc.o [1]
FSMC_NORSRAMInit        0x08003f45    0xb6  Code  Gb  stm32f2xx_fsmc.o [1]
Font12x12               0x20000298     0x8  Data  Gb  stm322xg_eval_lcd.o [1]
Font16x24               0x20000278     0x8  Data  Gb  stm322xg_eval_lcd.o [1]
Font8x12                0x200002a0     0x8  Data  Gb  stm322xg_eval_lcd.o [1]
GPIO_CLK                0x080054d4    0x10  Data  Gb  stm322xg_eval.o [1]
GPIO_Init               0x08002f29    0x70  Code  Gb  stm32f2xx_gpio.o [1]
GPIO_PIN                0x080054cc     0x8  Data  Gb  stm322xg_eval.o [1]
GPIO_PORT               0x20000260    0x10  Data  Gb  stm322xg_eval.o [1]
GPIO_PinAFConfig        0x08002f99    0x24  Code  Gb  stm32f2xx_gpio.o [1]
HASH_RNG_IRQHandler     0x08005b35          Code  Wk  startup_stm32f2xx.o [1]
HEAP$$Base              0x200007b8           --   Gb  - Linker created -
HEAP$$Limit             0x200009b8           --   Gb  - Linker created -
HardFault_Handler       0x0800582f     0x2  Code  Gb  stm32f2xx_it.o [1]
I2C1_ER_IRQHandler      0x08005a75          Code  Wk  startup_stm32f2xx.o [1]
I2C1_EV_IRQHandler      0x08005a71          Code  Wk  startup_stm32f2xx.o [1]
I2C2_ER_IRQHandler      0x08005a7d          Code  Wk  startup_stm32f2xx.o [1]
I2C2_EV_IRQHandler      0x08005a79          Code  Wk  startup_stm32f2xx.o [1]
I2C3_ER_IRQHandler      0x08005b19          Code  Wk  startup_stm32f2xx.o [1]
I2C3_EV_IRQHandler      0x08005b15          Code  Wk  startup_stm32f2xx.o [1]
I2C_AcknowledgeConfig   0x08003125    0x14  Code  Gb  stm32f2xx_i2c.o [1]
I2C_CheckEvent          0x0800316b    0x1a  Code  Gb  stm32f2xx_i2c.o [1]
I2C_Cmd                 0x080030d5    0x14  Code  Gb  stm32f2xx_i2c.o [1]
I2C_DMACmd              0x08003143    0x14  Code  Gb  stm32f2xx_i2c.o [1]
I2C_DMALastTransferCmd  0x08003157    0x14  Code  Gb  stm32f2xx_i2c.o [1]
I2C_DeInit              0x08002fbd    0x52  Code  Gb  stm32f2xx_i2c.o [1]
I2C_GenerateSTART       0x080030e9    0x16  Code  Gb  stm32f2xx_i2c.o [1]
I2C_GenerateSTOP        0x080030ff    0x16  Code  Gb  stm32f2xx_i2c.o [1]
I2C_GetFlagStatus       0x08003185    0x34  Code  Gb  stm32f2xx_i2c.o [1]
I2C_Init                0x0800300f    0xb0  Code  Gb  stm32f2xx_i2c.o [1]
I2C_ReadDeviceRegister  0x08004eaf    0xda  Code  Gb  stm322xg_eval_ioe.o [1]
I2C_ReceiveData         0x0800313d     0x6  Code  Gb  stm32f2xx_i2c.o [1]
I2C_Send7bitAddress     0x08003115    0x10  Code  Gb  stm32f2xx_i2c.o [1]
I2C_SendData            0x08003139     0x4  Code  Gb  stm32f2xx_i2c.o [1]
I2C_WriteDeviceRegister
                        0x08004db1    0xf6  Code  Gb  stm322xg_eval_ioe.o [1]
IOE_ClearGITPending     0x08004d63     0x6  Code  Gb  stm322xg_eval_ioe.o [1]
IOE_ClearIOITPending    0x08004d71    0x24  Code  Gb  stm322xg_eval_ioe.o [1]
IOE_Config              0x08004c15    0xf0  Code  Gb  stm322xg_eval_ioe.o [1]
IOE_DMA_Config          0x08005009    0x6a  Code  Lc  stm322xg_eval_ioe.o [1]
IOE_GetGITStatus        0x08004d41    0x22  Code  Gb  stm322xg_eval_ioe.o [1]
IOE_JoyStickGetState    0x08004d05    0x3c  Code  Gb  stm322xg_eval_ioe.o [1]
IOE_TimeOut             0x200002a8     0x4  Data  Gb  stm322xg_eval_ioe.o [1]
ImageForematArray       0x20000290     0x8  Data  Gb  camera_api.o [1]
ImageFormat             0x200003b5     0x1  Data  Gb  camera_api.o [1]
LCD_Clear               0x08003c47    0x22  Code  Gb  stm322xg_eval_lcd.o [1]
LCD_ClearLine           0x08003c19    0x2e  Code  Gb  stm322xg_eval_lcd.o [1]
LCD_CtrlLinesConfig     0x08003daf    0xae  Code  Gb  stm322xg_eval_lcd.o [1]
LCD_Currentfonts        0x20000274     0x4  Data  Lc  stm322xg_eval_lcd.o [1]
LCD_DisplayChar         0x08003cf1    0x1c  Code  Gb  stm322xg_eval_lcd.o [1]
LCD_DisplayStringLine   0x08003d0d    0x36  Code  Gb  stm322xg_eval_lcd.o [1]
LCD_DrawChar            0x08003c77    0x7a  Code  Gb  stm322xg_eval_lcd.o [1]
LCD_FSMCConfig          0x08003ead    0x62  Code  Gb  stm322xg_eval_lcd.o [1]
LCD_GetFont             0x08003c11     0x8  Code  Gb  stm322xg_eval_lcd.o [1]
LCD_LOG_SetFooter       0x08005569    0x60  Code  Gb  lcd_log.o [1]
LCD_LOG_SetHeader       0x080054e5    0x84  Code  Gb  lcd_log.o [1]
LCD_SetBackColor        0x08003bf9    0x10  Code  Gb  stm322xg_eval_lcd.o [1]
LCD_SetCursor           0x08003c69     0xe  Code  Gb  stm322xg_eval_lcd.o [1]
LCD_SetDisplayWindow    0x08003d43    0x44  Code  Gb  stm322xg_eval_lcd.o [1]
LCD_SetFont             0x08003c09     0x8  Code  Gb  stm322xg_eval_lcd.o [1]
LCD_SetTextColor        0x08003be9    0x10  Code  Gb  stm322xg_eval_lcd.o [1]
LCD_WriteRAM_Prepare    0x08003d91     0xa  Code  Gb  stm322xg_eval_lcd.o [1]
LCD_WriteReg            0x08003d87     0x4  Code  Gb  stm322xg_eval_lcd.o [1]
MemManage_Handler       0x08005831     0x2  Code  Gb  stm32f2xx_it.o [1]
NMI_Handler             0x0800582d     0x2  Code  Gb  stm32f2xx_it.o [1]
OTG_FS_IRQHandler       0x08005b01          Code  Wk  startup_stm32f2xx.o [1]
OTG_FS_WKUP_IRQHandler  0x08005a9d          Code  Wk  startup_stm32f2xx.o [1]
OTG_HS_EP1_IN_IRQHandler
                        0x08005b21          Code  Wk  startup_stm32f2xx.o [1]
OTG_HS_EP1_OUT_IRQHandler
                        0x08005b1d          Code  Wk  startup_stm32f2xx.o [1]
OTG_HS_IRQHandler       0x08005b29          Code  Wk  startup_stm32f2xx.o [1]
OTG_HS_WKUP_IRQHandler  0x08005b25          Code  Wk  startup_stm32f2xx.o [1]
OV2640_BrightnessConfig
                        0x080027e7    0x1e  Code  Gb  dcmi_ov2640.o [1]
OV2640_Camera_ID        0x20000324     0x4  Data  Gb  main.o [1]
OV2640_HW_Init          0x08002555   0x140  Code  Gb  dcmi_ov2640.o [1]
OV2640_Init             0x080026f5    0x9a  Code  Gb  dcmi_ov2640.o [1]
OV2640_QQVGA            0x080029d0   0x290  Data  Gb  dcmi_ov2640.o [1]
OV2640_QQVGAConfig      0x0800278f    0x28  Code  Gb  dcmi_ov2640.o [1]
OV2640_QVGA             0x08002c60   0x1b8  Data  Gb  dcmi_ov2640.o [1]
OV2640_QVGAConfig       0x080027b7    0x24  Code  Gb  dcmi_ov2640.o [1]
OV2640_ReadID           0x080026c5    0x2a  Code  Gb  dcmi_ov2640.o [1]
OV2640_ReadReg          0x080028b9    0xd8  Code  Gb  dcmi_ov2640.o [1]
OV2640_Reset            0x080026b5    0x10  Code  Gb  dcmi_ov2640.o [1]
OV2640_WriteReg         0x08002821    0x90  Code  Gb  dcmi_ov2640.o [1]
OV9655_BrightnessConfig
                        0x080036d9     0x4  Code  Gb  dcmi_ov9655.o [1]
OV9655_Camera_ID        0x20000320     0x4  Data  Gb  main.o [1]
OV9655_HW_Init          0x08003481   0x13c  Code  Gb  dcmi_ov9655.o [1]
OV9655_Init             0x08003603    0x90  Code  Gb  dcmi_ov9655.o [1]
OV9655_QQVGA            0x20000000   0x130  Data  Lc  dcmi_ov9655.o [1]
OV9655_QQVGAConfig      0x08003693    0x16  Code  Gb  dcmi_ov9655.o [1]
OV9655_QVGA             0x20000130   0x130  Data  Lc  dcmi_ov9655.o [1]
OV9655_QVGAConfig       0x080036a9    0x14  Code  Gb  dcmi_ov9655.o [1]
OV9655_ReadID           0x080035dd    0x26  Code  Gb  dcmi_ov9655.o [1]
OV9655_ReadReg          0x08003775    0xd8  Code  Gb  dcmi_ov9655.o [1]
OV9655_WriteReg         0x080036dd    0x90  Code  Gb  dcmi_ov9655.o [1]
PVD_IRQHandler          0x080059f9          Code  Wk  startup_stm32f2xx.o [1]
PendSV_Handler          0x0800583b     0x2  Code  Gb  stm32f2xx_it.o [1]
PressedKey              0x200003a0     0x4  Data  Gb  camera_api.o [1]
RCC_AHB1PeriphClockCmd  0x08002e95    0x12  Code  Gb  stm32f2xx_rcc.o [1]
RCC_AHB2PeriphClockCmd  0x08002ea7    0x12  Code  Gb  stm32f2xx_rcc.o [1]
RCC_AHB3PeriphClockCmd  0x08002eb9    0x12  Code  Gb  stm32f2xx_rcc.o [1]
RCC_APB1PeriphClockCmd  0x08002ecb    0x12  Code  Gb  stm32f2xx_rcc.o [1]
RCC_APB1PeriphResetCmd  0x08002eef    0x12  Code  Gb  stm32f2xx_rcc.o [1]
RCC_APB2PeriphClockCmd  0x08002edd    0x12  Code  Gb  stm32f2xx_rcc.o [1]
RCC_Clocks              0x2000032c    0x10  Data  Gb  main.o [1]
RCC_GetClocksFreq       0x08002e19    0x7c  Code  Gb  stm32f2xx_rcc.o [1]
RCC_IRQHandler          0x08005a09          Code  Wk  startup_stm32f2xx.o [1]
RTC_Alarm_IRQHandler    0x08005a99          Code  Wk  startup_stm32f2xx.o [1]
RTC_WKUP_IRQHandler     0x08005a01          Code  Wk  startup_stm32f2xx.o [1]
Region$$Table$$Base     0x0800594c           --   Gb  - Linker created -
Region$$Table$$Limit    0x08005970           --   Gb  - Linker created -
Reset_Handler           0x080059b5          Code  Wk  startup_stm32f2xx.o [1]
SDIO_IRQHandler         0x08005ab9          Code  Wk  startup_stm32f2xx.o [1]
SPI1_IRQHandler         0x08005a81          Code  Wk  startup_stm32f2xx.o [1]
SPI2_IRQHandler         0x08005a85          Code  Wk  startup_stm32f2xx.o [1]
SPI3_IRQHandler         0x08005ac1          Code  Wk  startup_stm32f2xx.o [1]
STM322xG_LCD_Init       0x08003895   0x2ce  Code  Gb  stm322xg_eval_lcd.o [1]
STM_EVAL_LEDInit        0x08005451    0x3a  Code  Gb  stm322xg_eval.o [1]
STM_EVAL_LEDOn          0x0800548b    0x14  Code  Gb  stm322xg_eval.o [1]
STM_EVAL_LEDToggle      0x0800549f    0x18  Code  Gb  stm322xg_eval.o [1]
SVC_Handler             0x08005837     0x2  Code  Gb  stm32f2xx_it.o [1]
SYSCFG_EXTILineConfig   0x080050d9    0x22  Code  Gb  stm32f2xx_syscfg.o [1]
SysTick_Handler         0x0800583d     0x4  Code  Gb  stm32f2xx_it.o [1]
SystemInit              0x08005761    0xb2  Code  Gb  system_stm32f2xx.o [1]
TAMP_STAMP_IRQHandler   0x080059fd          Code  Wk  startup_stm32f2xx.o [1]
TIM1_BRK_TIM9_IRQHandler
                        0x08005a55          Code  Wk  startup_stm32f2xx.o [1]
TIM1_CC_IRQHandler      0x08005a61          Code  Wk  startup_stm32f2xx.o [1]
TIM1_TRG_COM_TIM11_IRQHandler
                        0x08005a5d          Code  Wk  startup_stm32f2xx.o [1]
TIM1_UP_TIM10_IRQHandler
                        0x08005a59          Code  Wk  startup_stm32f2xx.o [1]
TIM2_IRQHandler         0x08005a65          Code  Wk  startup_stm32f2xx.o [1]
TIM3_IRQHandler         0x08005a69          Code  Wk  startup_stm32f2xx.o [1]
TIM4_IRQHandler         0x08005a6d          Code  Wk  startup_stm32f2xx.o [1]
TIM5_IRQHandler         0x08005abd          Code  Wk  startup_stm32f2xx.o [1]
TIM6_DAC_IRQHandler     0x08005acd          Code  Wk  startup_stm32f2xx.o [1]
TIM7_IRQHandler         0x08005ad1          Code  Wk  startup_stm32f2xx.o [1]
TIM8_BRK_TIM12_IRQHandler
                        0x08005aa1          Code  Wk  startup_stm32f2xx.o [1]
TIM8_CC_IRQHandler      0x08005aad          Code  Wk  startup_stm32f2xx.o [1]
TIM8_TRG_COM_TIM14_IRQHandler
                        0x08005aa9          Code  Wk  startup_stm32f2xx.o [1]
TIM8_UP_TIM13_IRQHandler
                        0x08005aa5          Code  Wk  startup_stm32f2xx.o [1]
TextColor               0x20000270     0x2  Data  Gb  stm322xg_eval_lcd.o [1]
TimingDelay             0x200003ac     0x4  Data  Lc  camera_api.o [1]
TimingDelay_Decrement   0x08003469     0xe  Code  Gb  camera_api.o [1]
UART4_IRQHandler        0x08005ac5          Code  Wk  startup_stm32f2xx.o [1]
UART5_IRQHandler        0x08005ac9          Code  Wk  startup_stm32f2xx.o [1]
USART1_IRQHandler       0x08005a89          Code  Wk  startup_stm32f2xx.o [1]
USART2_IRQHandler       0x08005a8d          Code  Wk  startup_stm32f2xx.o [1]
USART3_IRQHandler       0x08005a91          Code  Wk  startup_stm32f2xx.o [1]
USART6_IRQHandler       0x08005b11          Code  Wk  startup_stm32f2xx.o [1]
UsageFault_Handler      0x08005835     0x2  Code  Gb  stm32f2xx_it.o [1]
ValueMax                0x2000039d     0x1  Data  Gb  camera_api.o [1]
ValueMin                0x2000039c     0x1  Data  Gb  camera_api.o [1]
WWDG_IRQHandler         0x080059f5          Code  Wk  startup_stm32f2xx.o [1]
_EncodingSb_Mbtowc      0x08004a89    0x30  Code  Gb  xencoding_sb.o [3]
_EncodingSb_Wctomb      0x08004a6d    0x1c  Code  Gb  xencoding_sb.o [3]
_IsdstStr               0x200002b0     0x4  Data  Gb  setlocale.o [3]
_LitobSmall             0x08004643    0xd0  Code  Lc  xprintfsmall.o [3]
_LocaleEncoding         0x08004a59     0xe  Code  Gb  setlocale.o [3]
_LocaleReturnString     0x200002d0    0x50  Data  Lc  setlocale.o [3]
_Locale_Profile         0x200002b4    0x1c  Data  Gb  setlocale.o [3]
_Mbtowc                 0x08004759    0x20  Code  Gb  xmbtowc.o [3]
_PrintfSmall            0x0800401d   0x41e  Code  Gb  xprintfsmall.o [3]
_PutcharsSmall          0x08004713    0x2e  Code  Lc  xprintfsmall.o [3]
_PutstrSmall            0x0800443b   0x202  Code  Lc  xprintfsmall.o [3]
_SProut                 0x08004877     0xa  Code  Gb  xsprout.o [3]
_TzoneStr               0x200002ac     0x4  Data  Gb  setlocale.o [3]
_Wctomb                 0x0800493d    0x1a  Code  Gb  xwctomb.o [3]
__aeabi_memcpy          0x08004959          Code  Gb  ABImemcpy.o [5]
__aeabi_memcpy4         0x08004979          Code  Gb  ABImemcpy.o [5]
__aeabi_memcpy8         0x08004979          Code  Gb  ABImemcpy.o [5]
__aeabi_memset4         0x08005725          Code  Gb  ABImemset48.o [5]
__aeabi_memset8         0x08005725          Code  Gb  ABImemset48.o [5]
__cexit_clearlocks      0x08005993          Code  Gb  cexit.o [5]
__cmain                 0x08005971          Code  Gb  cmain.o [5]
__cstart_clearlocks     0x08005b38          Data  Gb  cstart_clearlocks.o [5]
__data_Aldata           0x200003a4     0x8  Data  Gb  xxmemxmalloc.o [3]
__data_GetMemChunk      0x08004bdd    0x28  Code  Gb  xgetmemchunk.o [3]
__exit                  0x080059a1    0x14  Code  Gb  exit.o [6]
__iar_Locksyslock       0x08004b3d    0x88  Code  Gb  xsyslock.o [3]
__iar_Mbcurmax          0x0800486d     0xa  Code  Gb  xmbcurmax.o [3]
__iar_Memchr            0x08004815          Code  Gb  memchr.o [5]
__iar_Memset4_word      0x0800572d          Code  Gb  ABImemset48.o [5]
__iar_Memset8_word      0x0800572d          Code  Gb  ABImemset48.o [5]
__iar_SB                0x08005b38          Data  Gb  bwt_init3c.o [5]
__iar_Strchr            0x08004779          Code  Gb  strchr.o [5]
__iar_Unlocksyslock     0x08004bc5    0x12  Code  Gb  xsyslock.o [3]
__iar_clearlocks        0x08004ac9    0x74  Code  Gb  xsyslock.o [3]
__iar_copy_init3        0x0800478f    0x2e  Code  Gb  copy_init3.o [5]
__iar_data_init3        0x08005921    0x2c  Code  Gb  data_init3.o [5]
__iar_dlib_perthread_access
                        0x08004c05     0x2  Code  Gb  xtls.o [3]
__iar_file_Mtxdst       0x08004c09     0x2  Code  Gb  xmtx2.o [3]
__iar_file_Mtxinit      0x08004c07     0x2  Code  Gb  xmtx2.o [3]
__iar_program_start     0x080059c5          Code  Gb  cstartup_M.o [5]
__iar_system_Mtxdst     0x08004c0d     0x2  Code  Gb  xmtx.o [3]
__iar_system_Mtxinit    0x08004c0b     0x2  Code  Gb  xmtx.o [3]
__iar_system_Mtxlock    0x08004c0f     0x2  Code  Gb  xmtx.o [3]
__iar_system_Mtxunlock  0x08004c11     0x2  Code  Gb  xmtx.o [3]
__iar_zero_init3        0x080047f3    0x22  Code  Gb  zero_init3.o [5]
__low_level_init        0x08005987     0x4  Code  Gb  low_level_init.o [3]
__vector_table          0x08000000          Data  Gb  startup_stm32f2xx.o [1]
_call_main              0x0800597d          Code  Gb  cmain.o [5]
_exit                   0x08005991          Code  Gb  cexit.o [5]
_main                   0x08005983          Code  Gb  cmain.o [5]
buffer                  0x2000033c    0x28  Data  Gb  main.o [1]
delay                   0x0800507d    0x20  Code  Lc  stm322xg_eval_ioe.o [1]
delay                   0x08003f0f    0x20  Code  Lc  stm322xg_eval_lcd.o [1]
exit                    0x0800598b     0x4  Code  Gb  exit.o [3]
file_mtx                0x20000368    0x20  Data  Lc  xsyslock.o [3]
free                    0x080049d1    0x82  Code  Gb  xxmemxfree.o [3]
main                    0x08005101   0x1c8  Code  Gb  main.o [1]
malloc                  0x08004881    0xb6  Code  Gb  xxmemxmalloc.o [3]
memchr                  0x08004815          Code  Gb  memchr.o [5]
mtx                     0x20000388    0x14  Data  Lc  xsyslock.o [3]
sprintf                 0x080055d1    0x34  Code  Gb  sprintf.o [3]
strchr                  0x08004779          Code  Gb  strchr.o [5]
strlen                  0x080047bd          Code  Gb  strlen.o [5]
syslock_o               0x20000364     0x4  Data  Lc  xsyslock.o [3]


[1] = F:\我的项目\CAMERA工程\Project\STM32F2xx_StdPeriph_Template\EWARM\STM322xG_EVAL\Obj
[2] = command line
[3] = dl7M_tlf.a
[4] = m7M_tl.a
[5] = rt7M_tl.a
[6] = shb_l.a

  14 100 bytes of readonly  code memory
   9 936 bytes of readonly  data memory
   2 486 bytes of readwrite data memory

Errors: none
Warnings: none
