###############################################################################
#                                                                             #
# IAR ELF Linker V6.30.4.53288/W32 for ARM              13/Jul/2012  22:38:38 #
# Copyright 2007-2011 IAR Systems AB.                                         #
#                                                                             #
#    Output file  =  F:\ÎÒµÄÏîÄ¿\STM32-CMOS\CAMERA¹¤³Ì\EWARM\STM322xG_EVAL\Ex #
#                    e\Project.out                                            #
#    Map file     =  F:\ÎÒµÄÏîÄ¿\STM32-CMOS\CAMERA¹¤³Ì\EWARM\STM322xG_EVAL\Li #
#                    st\Project.map                                           #
#    Command line =  -f F:\ÎÒµÄÏîÄ¿\STM32-CMOS\CAMERA¹¤³Ì\EWARM\EW1AF6.tmp    #
#                    (F:\ÎÒµÄÏîÄ¿\STM32-CMOS\CAMERA¹¤³Ì\EWARM\STM322xG_EVAL\O #
#                    bj\BUTTON.o F:\ÎÒµÄÏîÄ¿\STM32-CMOS\CAMERA¹¤³Ì\EWARM\STM3 #
#                    22xG_EVAL\Obj\BUTTON_BMP.o F:\ÎÒµÄÏîÄ¿\STM32-CMOS\CAMERA #
#                    ¹¤³Ì\EWARM\STM322xG_EVAL\Obj\BUTTON_Bitmap.o             #
#                    F:\ÎÒµÄÏîÄ¿\STM32-CMOS\CAMERA¹¤³Ì\EWARM\STM322xG_EVAL\Ob #
#                    j\BUTTON_Create.o F:\ÎÒµÄÏîÄ¿\STM32-CMOS\CAMERA¹¤³Ì\EWAR #
#                    M\STM322xG_EVAL\Obj\BUTTON_CreateIndirect.o              #
#                    F:\ÎÒµÄÏîÄ¿\STM32-CMOS\CAMERA¹¤³Ì\EWARM\STM322xG_EVAL\Ob #
#                    j\BUTTON_Default.o F:\ÎÒµÄÏîÄ¿\STM32-CMOS\CAMERA¹¤³Ì\EWA #
#                    RM\STM322xG_EVAL\Obj\BUTTON_Get.o                        #
#                    F:\ÎÒµÄÏîÄ¿\STM32-CMOS\CAMERA¹¤³Ì\EWARM\STM322xG_EVAL\Ob #
#                    j\BUTTON_IsPressed.o F:\ÎÒµÄÏîÄ¿\STM32-CMOS\CAMERA¹¤³Ì\E #
#                    WARM\STM322xG_EVAL\Obj\BUTTON_SelfDraw.o                 #
#                    F:\ÎÒµÄÏîÄ¿\STM32-CMOS\CAMERA¹¤³Ì\EWARM\STM322xG_EVAL\Ob #
#                    j\BUTTON_SetTextAlign.o F:\ÎÒµÄÏîÄ¿\STM32-CMOS\CAMERA¹¤³ #
#                    Ì\EWARM\STM322xG_EVAL\Obj\BUTTON_StreamedBitmap.o        #
#                    F:\ÎÒµÄÏîÄ¿\STM32-CMOS\CAMERA¹¤³Ì\EWARM\STM322xG_EVAL\Ob #
#                    j\BUTTON__SetBitmapObj.o F:\ÎÒµÄÏîÄ¿\STM32-CMOS\CAMERA¹¤ #
#                    ³Ì\EWARM\STM322xG_EVAL\Obj\CHECKBOX.o                    #
#                    F:\ÎÒµÄÏîÄ¿\STM32-CMOS\CAMERA¹¤³Ì\EWARM\STM322xG_EVAL\Ob #
#                    j\CHECKBOX_Create.o F:\ÎÒµÄÏîÄ¿\STM32-CMOS\CAMERA¹¤³Ì\EW #
#                    ARM\STM322xG_EVAL\Obj\CHECKBOX_CreateIndirect.o          #
#                    F:\ÎÒµÄÏîÄ¿\STM32-CMOS\CAMERA¹¤³Ì\EWARM\STM322xG_EVAL\Ob #
#                    j\CHECKBOX_Default.o F:\ÎÒµÄÏîÄ¿\STM32-CMOS\CAMERA¹¤³Ì\E #
#                    WARM\STM322xG_EVAL\Obj\CHECKBOX_GetState.o               #
#                    F:\ÎÒµÄÏîÄ¿\STM32-CMOS\CAMERA¹¤³Ì\EWARM\STM322xG_EVAL\Ob #
#                    j\CHECKBOX_Image.o F:\ÎÒµÄÏîÄ¿\STM32-CMOS\CAMERA¹¤³Ì\EWA #
#                    RM\STM322xG_EVAL\Obj\CHECKBOX_IsChecked.o                #
#                    F:\ÎÒµÄÏîÄ¿\STM32-CMOS\CAMERA¹¤³Ì\EWARM\STM322xG_EVAL\Ob #
#                    j\CHECKBOX_SetBkColor.o F:\ÎÒµÄÏîÄ¿\STM32-CMOS\CAMERA¹¤³ #
#                    Ì\EWARM\STM322xG_EVAL\Obj\CHECKBOX_SetDefaultImage.o     #
#                    F:\ÎÒµÄÏîÄ¿\STM32-CMOS\CAMERA¹¤³Ì\EWARM\STM322xG_EVAL\Ob #
#                    j\CHECKBOX_SetFont.o F:\ÎÒµÄÏîÄ¿\STM32-CMOS\CAMERA¹¤³Ì\E #
#                    WARM\STM322xG_EVAL\Obj\CHECKBOX_SetImage.o               #
#                    F:\ÎÒµÄÏîÄ¿\STM32-CMOS\CAMERA¹¤³Ì\EWARM\STM322xG_EVAL\Ob #
#                    j\CHECKBOX_SetNumStates.o F:\ÎÒµÄÏîÄ¿\STM32-CMOS\CAMERA¹ #
#                    ¤³Ì\EWARM\STM322xG_EVAL\Obj\CHECKBOX_SetSpacing.o        #
#                    F:\ÎÒµÄÏîÄ¿\STM32-CMOS\CAMERA¹¤³Ì\EWARM\STM322xG_EVAL\Ob #
#                    j\CHECKBOX_SetState.o F:\ÎÒµÄÏîÄ¿\STM32-CMOS\CAMERA¹¤³Ì\ #
#                    EWARM\STM322xG_EVAL\Obj\CHECKBOX_SetText.o               #
#                    F:\ÎÒµÄÏîÄ¿\STM32-CMOS\CAMERA¹¤³Ì\EWARM\STM322xG_EVAL\Ob #
#                    j\CHECKBOX_SetTextAlign.o F:\ÎÒµÄÏîÄ¿\STM32-CMOS\CAMERA¹ #
#                    ¤³Ì\EWARM\STM322xG_EVAL\Obj\CHECKBOX_SetTextColor.o      #
#                    F:\ÎÒµÄÏîÄ¿\STM32-CMOS\CAMERA¹¤³Ì\EWARM\STM322xG_EVAL\Ob #
#                    j\DIALOG.o F:\ÎÒµÄÏîÄ¿\STM32-CMOS\CAMERA¹¤³Ì\EWARM\STM32 #
#                    2xG_EVAL\Obj\DROPDOWN.o F:\ÎÒµÄÏîÄ¿\STM32-CMOS\CAMERA¹¤³ #
#                    Ì\EWARM\STM322xG_EVAL\Obj\DROPDOWN_Create.o              #
#                    F:\ÎÒµÄÏîÄ¿\STM32-CMOS\CAMERA¹¤³Ì\EWARM\STM322xG_EVAL\Ob #
#                    j\DROPDOWN_CreateIndirect.o                              #
#                    F:\ÎÒµÄÏîÄ¿\STM32-CMOS\CAMERA¹¤³Ì\EWARM\STM322xG_EVAL\Ob #
#                    j\DROPDOWN_DeleteItem.o F:\ÎÒµÄÏîÄ¿\STM32-CMOS\CAMERA¹¤³ #
#                    Ì\EWARM\STM322xG_EVAL\Obj\DROPDOWN_InsertString.o        #
#                    F:\ÎÒµÄÏîÄ¿\STM32-CMOS\CAMERA¹¤³Ì\EWARM\STM322xG_EVAL\Ob #
#                    j\DROPDOWN_ItemSpacing.o F:\ÎÒµÄÏîÄ¿\STM32-CMOS\CAMERA¹¤ #
#                    ³Ì\EWARM\STM322xG_EVAL\Obj\DROPDOWN_SetAutoScroll.o      #
#                    F:\ÎÒµÄÏîÄ¿\STM32-CMOS\CAMERA¹¤³Ì\EWARM\STM322xG_EVAL\Ob #
#                    j\DROPDOWN_SetTextAlign.o F:\ÎÒµÄÏîÄ¿\STM32-CMOS\CAMERA¹ #
#                    ¤³Ì\EWARM\STM322xG_EVAL\Obj\DROPDOWN_SetTextHeight.o     #
#                    F:\ÎÒµÄÏîÄ¿\STM32-CMOS\CAMERA¹¤³Ì\EWARM\STM322xG_EVAL\Ob #
#                    j\EDIT.o F:\ÎÒµÄÏîÄ¿\STM32-CMOS\CAMERA¹¤³Ì\EWARM\STM322x #
#                    G_EVAL\Obj\EDITBin.o F:\ÎÒµÄÏîÄ¿\STM32-CMOS\CAMERA¹¤³Ì\E #
#                    WARM\STM322xG_EVAL\Obj\EDITDec.o                         #
#                    F:\ÎÒµÄÏîÄ¿\STM32-CMOS\CAMERA¹¤³Ì\EWARM\STM322xG_EVAL\Ob #
#                    j\EDITFloat.o F:\ÎÒµÄÏîÄ¿\STM32-CMOS\CAMERA¹¤³Ì\EWARM\ST #
#                    M322xG_EVAL\Obj\EDITHex.o F:\ÎÒµÄÏîÄ¿\STM32-CMOS\CAMERA¹ #
#                    ¤³Ì\EWARM\STM322xG_EVAL\Obj\EDIT_Create.o                #
#                    F:\ÎÒµÄÏîÄ¿\STM32-CMOS\CAMERA¹¤³Ì\EWARM\STM322xG_EVAL\Ob #
#                    j\EDIT_CreateIndirect.o F:\ÎÒµÄÏîÄ¿\STM32-CMOS\CAMERA¹¤³ #
#                    Ì\EWARM\STM322xG_EVAL\Obj\EDIT_Default.o                 #
#                    F:\ÎÒµÄÏîÄ¿\STM32-CMOS\CAMERA¹¤³Ì\EWARM\STM322xG_EVAL\Ob #
#                    j\EDIT_GetNumChars.o F:\ÎÒµÄÏîÄ¿\STM32-CMOS\CAMERA¹¤³Ì\E #
#                    WARM\STM322xG_EVAL\Obj\EDIT_SetCursorAtChar.o            #
#                    F:\ÎÒµÄÏîÄ¿\STM32-CMOS\CAMERA¹¤³Ì\EWARM\STM322xG_EVAL\Ob #
#                    j\EDIT_SetInsertMode.o F:\ÎÒµÄÏîÄ¿\STM32-CMOS\CAMERA¹¤³Ì #
#                    \EWARM\STM322xG_EVAL\Obj\EDIT_SetSel.o                   #
#                    F:\ÎÒµÄÏîÄ¿\STM32-CMOS\CAMERA¹¤³Ì\EWARM\STM322xG_EVAL\Ob #
#                    j\EDIT_SetpfAddKeyEx.o F:\ÎÒµÄÏîÄ¿\STM32-CMOS\CAMERA¹¤³Ì #
#                    \EWARM\STM322xG_EVAL\Obj\EDIT_SetpfUpdateBuffer.o        #
#                    F:\ÎÒµÄÏîÄ¿\STM32-CMOS\CAMERA¹¤³Ì\EWARM\STM322xG_EVAL\Ob #
#                    j\F08_1.o F:\ÎÒµÄÏîÄ¿\STM32-CMOS\CAMERA¹¤³Ì\EWARM\STM322 #
#                    xG_EVAL\Obj\F08_ASCII.o F:\ÎÒµÄÏîÄ¿\STM32-CMOS\CAMERA¹¤³ #
#                    Ì\EWARM\STM322xG_EVAL\Obj\F10S_1.o                       #
#                    F:\ÎÒµÄÏîÄ¿\STM32-CMOS\CAMERA¹¤³Ì\EWARM\STM322xG_EVAL\Ob #
#                    j\F10S_ASCII.o F:\ÎÒµÄÏîÄ¿\STM32-CMOS\CAMERA¹¤³Ì\EWARM\S #
#                    TM322xG_EVAL\Obj\F10_1.o F:\ÎÒµÄÏîÄ¿\STM32-CMOS\CAMERA¹¤ #
#                    ³Ì\EWARM\STM322xG_EVAL\Obj\F10_ASCII.o                   #
#                    F:\ÎÒµÄÏîÄ¿\STM32-CMOS\CAMERA¹¤³Ì\EWARM\STM322xG_EVAL\Ob #
#                    j\F13B_1.o F:\ÎÒµÄÏîÄ¿\STM32-CMOS\CAMERA¹¤³Ì\EWARM\STM32 #
#                    2xG_EVAL\Obj\F13B_ASCII.o F:\ÎÒµÄÏîÄ¿\STM32-CMOS\CAMERA¹ #
#                    ¤³Ì\EWARM\STM322xG_EVAL\Obj\F13HB_1.o                    #
#                    F:\ÎÒµÄÏîÄ¿\STM32-CMOS\CAMERA¹¤³Ì\EWARM\STM322xG_EVAL\Ob #
#                    j\F13HB_ASCII.o F:\ÎÒµÄÏîÄ¿\STM32-CMOS\CAMERA¹¤³Ì\EWARM\ #
#                    STM322xG_EVAL\Obj\F13H_1.o F:\ÎÒµÄÏîÄ¿\STM32-CMOS\CAMERA #
#                    ¹¤³Ì\EWARM\STM322xG_EVAL\Obj\F13H_ASCII.o                #
#                    F:\ÎÒµÄÏîÄ¿\STM32-CMOS\CAMERA¹¤³Ì\EWARM\STM322xG_EVAL\Ob #
#                    j\F13_1.o F:\ÎÒµÄÏîÄ¿\STM32-CMOS\CAMERA¹¤³Ì\EWARM\STM322 #
#                    xG_EVAL\Obj\F13_ASCII.o F:\ÎÒµÄÏîÄ¿\STM32-CMOS\CAMERA¹¤³ #
#                    Ì\EWARM\STM322xG_EVAL\Obj\F16B_1.o                       #
#                    F:\ÎÒµÄÏîÄ¿\STM32-CMOS\CAMERA¹¤³Ì\EWARM\STM322xG_EVAL\Ob #
#                    j\F16B_ASCII.o F:\ÎÒµÄÏîÄ¿\STM32-CMOS\CAMERA¹¤³Ì\EWARM\S #
#                    TM322xG_EVAL\Obj\F16_1.o F:\ÎÒµÄÏîÄ¿\STM32-CMOS\CAMERA¹¤ #
#                    ³Ì\EWARM\STM322xG_EVAL\Obj\F16_1HK.o                     #
#                    F:\ÎÒµÄÏîÄ¿\STM32-CMOS\CAMERA¹¤³Ì\EWARM\STM322xG_EVAL\Ob #
#                    j\F16_ASCII.o F:\ÎÒµÄÏîÄ¿\STM32-CMOS\CAMERA¹¤³Ì\EWARM\ST #
#                    M322xG_EVAL\Obj\F16_HK.o F:\ÎÒµÄÏîÄ¿\STM32-CMOS\CAMERA¹¤ #
#                    ³Ì\EWARM\STM322xG_EVAL\Obj\F24B_1.o                      #
#                    F:\ÎÒµÄÏîÄ¿\STM32-CMOS\CAMERA¹¤³Ì\EWARM\STM322xG_EVAL\Ob #
#                    j\F24B_ASCII.o F:\ÎÒµÄÏîÄ¿\STM32-CMOS\CAMERA¹¤³Ì\EWARM\S #
#                    TM322xG_EVAL\Obj\F24_1.o F:\ÎÒµÄÏîÄ¿\STM32-CMOS\CAMERA¹¤ #
#                    ³Ì\EWARM\STM322xG_EVAL\Obj\F24_ASCII.o                   #
#                    F:\ÎÒµÄÏîÄ¿\STM32-CMOS\CAMERA¹¤³Ì\EWARM\STM322xG_EVAL\Ob #
#                    j\F32B_1.o F:\ÎÒµÄÏîÄ¿\STM32-CMOS\CAMERA¹¤³Ì\EWARM\STM32 #
#                    2xG_EVAL\Obj\F32B_ASCII.o F:\ÎÒµÄÏîÄ¿\STM32-CMOS\CAMERA¹ #
#                    ¤³Ì\EWARM\STM322xG_EVAL\Obj\F32_1.o                      #
#                    F:\ÎÒµÄÏîÄ¿\STM32-CMOS\CAMERA¹¤³Ì\EWARM\STM322xG_EVAL\Ob #
#                    j\F32_ASCII.o F:\ÎÒµÄÏîÄ¿\STM32-CMOS\CAMERA¹¤³Ì\EWARM\ST #
#                    M322xG_EVAL\Obj\F4x6.o F:\ÎÒµÄÏîÄ¿\STM32-CMOS\CAMERA¹¤³Ì #
#                    \EWARM\STM322xG_EVAL\Obj\F6x8.o                          #
#                    F:\ÎÒµÄÏîÄ¿\STM32-CMOS\CAMERA¹¤³Ì\EWARM\STM322xG_EVAL\Ob #
#                    j\F8x10_ASCII.o F:\ÎÒµÄÏîÄ¿\STM32-CMOS\CAMERA¹¤³Ì\EWARM\ #
#                    STM322xG_EVAL\Obj\F8x12_ASCII.o                          #
#                    F:\ÎÒµÄÏîÄ¿\STM32-CMOS\CAMERA¹¤³Ì\EWARM\STM322xG_EVAL\Ob #
#                    j\F8x13_1.o F:\ÎÒµÄÏîÄ¿\STM32-CMOS\CAMERA¹¤³Ì\EWARM\STM3 #
#                    22xG_EVAL\Obj\F8x13_ASCII.o                              #
#                    F:\ÎÒµÄÏîÄ¿\STM32-CMOS\CAMERA¹¤³Ì\EWARM\STM322xG_EVAL\Ob #
#                    j\F8x15B_1.o F:\ÎÒµÄÏîÄ¿\STM32-CMOS\CAMERA¹¤³Ì\EWARM\STM #
#                    322xG_EVAL\Obj\F8x15B_ASCII.o                            #
#                    F:\ÎÒµÄÏîÄ¿\STM32-CMOS\CAMERA¹¤³Ì\EWARM\STM322xG_EVAL\Ob #
#                    j\F8x16.o F:\ÎÒµÄÏîÄ¿\STM32-CMOS\CAMERA¹¤³Ì\EWARM\STM322 #
#                    xG_EVAL\Obj\F8x8.o F:\ÎÒµÄÏîÄ¿\STM32-CMOS\CAMERA¹¤³Ì\EWA #
#                    RM\STM322xG_EVAL\Obj\FComic18B_1.o                       #
#                    F:\ÎÒµÄÏîÄ¿\STM32-CMOS\CAMERA¹¤³Ì\EWARM\STM322xG_EVAL\Ob #
#                    j\FComic18B_ASCII.o F:\ÎÒµÄÏîÄ¿\STM32-CMOS\CAMERA¹¤³Ì\EW #
#                    ARM\STM322xG_EVAL\Obj\FComic24B_1.o                      #
#                    F:\ÎÒµÄÏîÄ¿\STM32-CMOS\CAMERA¹¤³Ì\EWARM\STM322xG_EVAL\Ob #
#                    j\FComic24B_ASCII.o F:\ÎÒµÄÏîÄ¿\STM32-CMOS\CAMERA¹¤³Ì\EW #
#                    ARM\STM322xG_EVAL\Obj\FD24x32.o                          #
#                    F:\ÎÒµÄÏîÄ¿\STM32-CMOS\CAMERA¹¤³Ì\EWARM\STM322xG_EVAL\Ob #
#                    j\FD32.o F:\ÎÒµÄÏîÄ¿\STM32-CMOS\CAMERA¹¤³Ì\EWARM\STM322x #
#                    G_EVAL\Obj\FD36x48.o F:\ÎÒµÄÏîÄ¿\STM32-CMOS\CAMERA¹¤³Ì\E #
#                    WARM\STM322xG_EVAL\Obj\FD48.o                            #
#                    F:\ÎÒµÄÏîÄ¿\STM32-CMOS\CAMERA¹¤³Ì\EWARM\STM322xG_EVAL\Ob #
#                    j\FD48x64.o F:\ÎÒµÄÏîÄ¿\STM32-CMOS\CAMERA¹¤³Ì\EWARM\STM3 #
#                    22xG_EVAL\Obj\FD60x80.o F:\ÎÒµÄÏîÄ¿\STM32-CMOS\CAMERA¹¤³ #
#                    Ì\EWARM\STM322xG_EVAL\Obj\FD64.o                         #
#                    F:\ÎÒµÄÏîÄ¿\STM32-CMOS\CAMERA¹¤³Ì\EWARM\STM322xG_EVAL\Ob #
#                    j\FD80.o F:\ÎÒµÄÏîÄ¿\STM32-CMOS\CAMERA¹¤³Ì\EWARM\STM322x #
#                    G_EVAL\Obj\FRAMEWIN.o F:\ÎÒµÄÏîÄ¿\STM32-CMOS\CAMERA¹¤³Ì\ #
#                    EWARM\STM322xG_EVAL\Obj\FRAMEWIN_AddMenu.o               #
#                    F:\ÎÒµÄÏîÄ¿\STM32-CMOS\CAMERA¹¤³Ì\EWARM\STM322xG_EVAL\Ob #
#                    j\FRAMEWIN_Button.o F:\ÎÒµÄÏîÄ¿\STM32-CMOS\CAMERA¹¤³Ì\EW #
#                    ARM\STM322xG_EVAL\Obj\FRAMEWIN_ButtonClose.o             #
#                    F:\ÎÒµÄÏîÄ¿\STM32-CMOS\CAMERA¹¤³Ì\EWARM\STM322xG_EVAL\Ob #
#                    j\FRAMEWIN_ButtonMax.o F:\ÎÒµÄÏîÄ¿\STM32-CMOS\CAMERA¹¤³Ì #
#                    \EWARM\STM322xG_EVAL\Obj\FRAMEWIN_ButtonMin.o            #
#                    F:\ÎÒµÄÏîÄ¿\STM32-CMOS\CAMERA¹¤³Ì\EWARM\STM322xG_EVAL\Ob #
#                    j\FRAMEWIN_Create.o F:\ÎÒµÄÏîÄ¿\STM32-CMOS\CAMERA¹¤³Ì\EW #
#                    ARM\STM322xG_EVAL\Obj\FRAMEWIN_CreateIndirect.o          #
#                    F:\ÎÒµÄÏîÄ¿\STM32-CMOS\CAMERA¹¤³Ì\EWARM\STM322xG_EVAL\Ob #
#                    j\FRAMEWIN_Default.o F:\ÎÒµÄÏîÄ¿\STM32-CMOS\CAMERA¹¤³Ì\E #
#                    WARM\STM322xG_EVAL\Obj\FRAMEWIN_Get.o                    #
#                    F:\ÎÒµÄÏîÄ¿\STM32-CMOS\CAMERA¹¤³Ì\EWARM\STM322xG_EVAL\Ob #
#                    j\FRAMEWIN_IsMinMax.o F:\ÎÒµÄÏîÄ¿\STM32-CMOS\CAMERA¹¤³Ì\ #
#                    EWARM\STM322xG_EVAL\Obj\FRAMEWIN_MinMaxRest.o            #
#                    F:\ÎÒµÄÏîÄ¿\STM32-CMOS\CAMERA¹¤³Ì\EWARM\STM322xG_EVAL\Ob #
#                    j\FRAMEWIN_SetBorderSize.o F:\ÎÒµÄÏîÄ¿\STM32-CMOS\CAMERA #
#                    ¹¤³Ì\EWARM\STM322xG_EVAL\Obj\FRAMEWIN_SetColors.o        #
#                    F:\ÎÒµÄÏîÄ¿\STM32-CMOS\CAMERA¹¤³Ì\EWARM\STM322xG_EVAL\Ob #
#                    j\FRAMEWIN_SetFont.o F:\ÎÒµÄÏîÄ¿\STM32-CMOS\CAMERA¹¤³Ì\E #
#                    WARM\STM322xG_EVAL\Obj\FRAMEWIN_SetResizeable.o          #
#                    F:\ÎÒµÄÏîÄ¿\STM32-CMOS\CAMERA¹¤³Ì\EWARM\STM322xG_EVAL\Ob #
#                    j\FRAMEWIN_SetTitleHeight.o                              #
#                    F:\ÎÒµÄÏîÄ¿\STM32-CMOS\CAMERA¹¤³Ì\EWARM\STM322xG_EVAL\Ob #
#                    j\FRAMEWIN_SetTitleVis.o F:\ÎÒµÄÏîÄ¿\STM32-CMOS\CAMERA¹¤ #
#                    ³Ì\EWARM\STM322xG_EVAL\Obj\FRAMEWIN__UpdateButtons.o     #
#                    F:\ÎÒµÄÏîÄ¿\STM32-CMOS\CAMERA¹¤³Ì\EWARM\STM322xG_EVAL\Ob #
#                    j\GUI2DLib.o F:\ÎÒµÄÏîÄ¿\STM32-CMOS\CAMERA¹¤³Ì\EWARM\STM #
#                    322xG_EVAL\Obj\GUIAAArc.o F:\ÎÒµÄÏîÄ¿\STM32-CMOS\CAMERA¹ #
#                    ¤³Ì\EWARM\STM322xG_EVAL\Obj\GUIAAChar.o                  #
#                    F:\ÎÒµÄÏîÄ¿\STM32-CMOS\CAMERA¹¤³Ì\EWARM\STM322xG_EVAL\Ob #
#                    j\GUIAAChar2.o F:\ÎÒµÄÏîÄ¿\STM32-CMOS\CAMERA¹¤³Ì\EWARM\S #
#                    TM322xG_EVAL\Obj\GUIAAChar4.o                            #
#                    F:\ÎÒµÄÏîÄ¿\STM32-CMOS\CAMERA¹¤³Ì\EWARM\STM322xG_EVAL\Ob #
#                    j\GUIAACircle.o F:\ÎÒµÄÏîÄ¿\STM32-CMOS\CAMERA¹¤³Ì\EWARM\ #
#                    STM322xG_EVAL\Obj\GUIAALib.o                             #
#                    F:\ÎÒµÄÏîÄ¿\STM32-CMOS\CAMERA¹¤³Ì\EWARM\STM322xG_EVAL\Ob #
#                    j\GUIAALine.o F:\ÎÒµÄÏîÄ¿\STM32-CMOS\CAMERA¹¤³Ì\EWARM\ST #
#                    M322xG_EVAL\Obj\GUIAAPoly.o                              #
#                    F:\ÎÒµÄÏîÄ¿\STM32-CMOS\CAMERA¹¤³Ì\EWARM\STM322xG_EVAL\Ob #
#                    j\GUIAAPolyOut.o F:\ÎÒµÄÏîÄ¿\STM32-CMOS\CAMERA¹¤³Ì\EWARM #
#                    \STM322xG_EVAL\Obj\GUIAlloc.o                            #
#                    F:\ÎÒµÄÏîÄ¿\STM32-CMOS\CAMERA¹¤³Ì\EWARM\STM322xG_EVAL\Ob #
#                    j\GUIArc.o F:\ÎÒµÄÏîÄ¿\STM32-CMOS\CAMERA¹¤³Ì\EWARM\STM32 #
#                    2xG_EVAL\Obj\GUIChar.o F:\ÎÒµÄÏîÄ¿\STM32-CMOS\CAMERA¹¤³Ì #
#                    \EWARM\STM322xG_EVAL\Obj\GUICharLine.o                   #
#                    F:\ÎÒµÄÏîÄ¿\STM32-CMOS\CAMERA¹¤³Ì\EWARM\STM322xG_EVAL\Ob #
#                    j\GUICharM.o F:\ÎÒµÄÏîÄ¿\STM32-CMOS\CAMERA¹¤³Ì\EWARM\STM #
#                    322xG_EVAL\Obj\GUICharP.o F:\ÎÒµÄÏîÄ¿\STM32-CMOS\CAMERA¹ #
#                    ¤³Ì\EWARM\STM322xG_EVAL\Obj\GUICirc.o                    #
#                    F:\ÎÒµÄÏîÄ¿\STM32-CMOS\CAMERA¹¤³Ì\EWARM\STM322xG_EVAL\Ob #
#                    j\GUIColor2Index.o F:\ÎÒµÄÏîÄ¿\STM32-CMOS\CAMERA¹¤³Ì\EWA #
#                    RM\STM322xG_EVAL\Obj\GUICore.o                           #
#                    F:\ÎÒµÄÏîÄ¿\STM32-CMOS\CAMERA¹¤³Ì\EWARM\STM322xG_EVAL\Ob #
#                    j\GUICurs.o F:\ÎÒµÄÏîÄ¿\STM32-CMOS\CAMERA¹¤³Ì\EWARM\STM3 #
#                    22xG_EVAL\Obj\GUIDEV.o F:\ÎÒµÄÏîÄ¿\STM32-CMOS\CAMERA¹¤³Ì #
#                    \EWARM\STM322xG_EVAL\Obj\GUIDEV_1.o                      #
#                    F:\ÎÒµÄÏîÄ¿\STM32-CMOS\CAMERA¹¤³Ì\EWARM\STM322xG_EVAL\Ob #
#                    j\GUIDEV_16.o F:\ÎÒµÄÏîÄ¿\STM32-CMOS\CAMERA¹¤³Ì\EWARM\ST #
#                    M322xG_EVAL\Obj\GUIDEV_8.o F:\ÎÒµÄÏîÄ¿\STM32-CMOS\CAMERA #
#                    ¹¤³Ì\EWARM\STM322xG_EVAL\Obj\GUIDEV_AA.o                 #
#                    F:\ÎÒµÄÏîÄ¿\STM32-CMOS\CAMERA¹¤³Ì\EWARM\STM322xG_EVAL\Ob #
#                    j\GUIDEV_Auto.o F:\ÎÒµÄÏîÄ¿\STM32-CMOS\CAMERA¹¤³Ì\EWARM\ #
#                    STM322xG_EVAL\Obj\GUIDEV_Banding.o                       #
#                    F:\ÎÒµÄÏîÄ¿\STM32-CMOS\CAMERA¹¤³Ì\EWARM\STM322xG_EVAL\Ob #
#                    j\GUIDEV_Clear.o F:\ÎÒµÄÏîÄ¿\STM32-CMOS\CAMERA¹¤³Ì\EWARM #
#                    \STM322xG_EVAL\Obj\GUIDEV_CmpWithLCD.o                   #
#                    F:\ÎÒµÄÏîÄ¿\STM32-CMOS\CAMERA¹¤³Ì\EWARM\STM322xG_EVAL\Ob #
#                    j\GUIDEV_CopyFromLCD.o F:\ÎÒµÄÏîÄ¿\STM32-CMOS\CAMERA¹¤³Ì #
#                    \EWARM\STM322xG_EVAL\Obj\GUIDEV_CreateFixed.o            #
#                    F:\ÎÒµÄÏîÄ¿\STM32-CMOS\CAMERA¹¤³Ì\EWARM\STM322xG_EVAL\Ob #
#                    j\GUIDEV_GetDataPtr.o F:\ÎÒµÄÏîÄ¿\STM32-CMOS\CAMERA¹¤³Ì\ #
#                    EWARM\STM322xG_EVAL\Obj\GUIDEV_GetXSize.o                #
#                    F:\ÎÒµÄÏîÄ¿\STM32-CMOS\CAMERA¹¤³Ì\EWARM\STM322xG_EVAL\Ob #
#                    j\GUIDEV_GetYSize.o F:\ÎÒµÄÏîÄ¿\STM32-CMOS\CAMERA¹¤³Ì\EW #
#                    ARM\STM322xG_EVAL\Obj\GUIDEV_Measure.o                   #
#                    F:\ÎÒµÄÏîÄ¿\STM32-CMOS\CAMERA¹¤³Ì\EWARM\STM322xG_EVAL\Ob #
#                    j\GUIDEV_ReduceYSize.o F:\ÎÒµÄÏîÄ¿\STM32-CMOS\CAMERA¹¤³Ì #
#                    \EWARM\STM322xG_EVAL\Obj\GUIDEV_SetOrg.o                 #
#                    F:\ÎÒµÄÏîÄ¿\STM32-CMOS\CAMERA¹¤³Ì\EWARM\STM322xG_EVAL\Ob #
#                    j\GUIDEV_Usage.o F:\ÎÒµÄÏîÄ¿\STM32-CMOS\CAMERA¹¤³Ì\EWARM #
#                    \STM322xG_EVAL\Obj\GUIDEV_UsageBM.o                      #
#                    F:\ÎÒµÄÏîÄ¿\STM32-CMOS\CAMERA¹¤³Ì\EWARM\STM322xG_EVAL\Ob #
#                    j\GUIDEV_Write.o F:\ÎÒµÄÏîÄ¿\STM32-CMOS\CAMERA¹¤³Ì\EWARM #
#                    \STM322xG_EVAL\Obj\GUIDEV_WriteAlpha.o                   #
#                    F:\ÎÒµÄÏîÄ¿\STM32-CMOS\CAMERA¹¤³Ì\EWARM\STM322xG_EVAL\Ob #
#                    j\GUIDEV_WriteEx.o F:\ÎÒµÄÏîÄ¿\STM32-CMOS\CAMERA¹¤³Ì\EWA #
#                    RM\STM322xG_EVAL\Obj\GUIDEV_XY2PTR.o                     #
#                    F:\ÎÒµÄÏîÄ¿\STM32-CMOS\CAMERA¹¤³Ì\EWARM\STM322xG_EVAL\Ob #
#                    j\GUIEncJS.o F:\ÎÒµÄÏîÄ¿\STM32-CMOS\CAMERA¹¤³Ì\EWARM\STM #
#                    322xG_EVAL\Obj\GUIIndex2Color.o                          #
#                    F:\ÎÒµÄÏîÄ¿\STM32-CMOS\CAMERA¹¤³Ì\EWARM\STM322xG_EVAL\Ob #
#                    j\GUIPolyE.o F:\ÎÒµÄÏîÄ¿\STM32-CMOS\CAMERA¹¤³Ì\EWARM\STM #
#                    322xG_EVAL\Obj\GUIPolyM.o F:\ÎÒµÄÏîÄ¿\STM32-CMOS\CAMERA¹ #
#                    ¤³Ì\EWARM\STM322xG_EVAL\Obj\GUIPolyR.o                   #
#                    F:\ÎÒµÄÏîÄ¿\STM32-CMOS\CAMERA¹¤³Ì\EWARM\STM322xG_EVAL\Ob #
#                    j\GUIRealloc.o F:\ÎÒµÄÏîÄ¿\STM32-CMOS\CAMERA¹¤³Ì\EWARM\S #
#                    TM322xG_EVAL\Obj\GUIStream.o                             #
#                    F:\ÎÒµÄÏîÄ¿\STM32-CMOS\CAMERA¹¤³Ì\EWARM\STM322xG_EVAL\Ob #
#                    j\GUITask.o F:\ÎÒµÄÏîÄ¿\STM32-CMOS\CAMERA¹¤³Ì\EWARM\STM3 #
#                    22xG_EVAL\Obj\GUITime.o F:\ÎÒµÄÏîÄ¿\STM32-CMOS\CAMERA¹¤³ #
#                    Ì\EWARM\STM322xG_EVAL\Obj\GUITimer.o                     #
#                    F:\ÎÒµÄÏîÄ¿\STM32-CMOS\CAMERA¹¤³Ì\EWARM\STM322xG_EVAL\Ob #
#                    j\GUIUC0.o F:\ÎÒµÄÏîÄ¿\STM32-CMOS\CAMERA¹¤³Ì\EWARM\STM32 #
#                    2xG_EVAL\Obj\GUIVal.o F:\ÎÒµÄÏîÄ¿\STM32-CMOS\CAMERA¹¤³Ì\ #
#                    EWARM\STM322xG_EVAL\Obj\GUIValf.o                        #
#                    F:\ÎÒµÄÏîÄ¿\STM32-CMOS\CAMERA¹¤³Ì\EWARM\STM322xG_EVAL\Ob #
#                    j\GUI_ALLOC_AllocInit.o F:\ÎÒµÄÏîÄ¿\STM32-CMOS\CAMERA¹¤³ #
#                    Ì\EWARM\STM322xG_EVAL\Obj\GUI_ALLOC_AllocZero.o          #
#                    F:\ÎÒµÄÏîÄ¿\STM32-CMOS\CAMERA¹¤³Ì\EWARM\STM322xG_EVAL\Ob #
#                    j\GUI_ARRAY.o F:\ÎÒµÄÏîÄ¿\STM32-CMOS\CAMERA¹¤³Ì\EWARM\ST #
#                    M322xG_EVAL\Obj\GUI_ARRAY_DeleteItem.o                   #
#                    F:\ÎÒµÄÏîÄ¿\STM32-CMOS\CAMERA¹¤³Ì\EWARM\STM322xG_EVAL\Ob #
#                    j\GUI_ARRAY_InsertItem.o F:\ÎÒµÄÏîÄ¿\STM32-CMOS\CAMERA¹¤ #
#                    ³Ì\EWARM\STM322xG_EVAL\Obj\GUI_ARRAY_ResizeItem.o        #
#                    F:\ÎÒµÄÏîÄ¿\STM32-CMOS\CAMERA¹¤³Ì\EWARM\STM322xG_EVAL\Ob #
#                    j\GUI_AddBin.o F:\ÎÒµÄÏîÄ¿\STM32-CMOS\CAMERA¹¤³Ì\EWARM\S #
#                    TM322xG_EVAL\Obj\GUI_AddDec.o                            #
#                    F:\ÎÒµÄÏîÄ¿\STM32-CMOS\CAMERA¹¤³Ì\EWARM\STM322xG_EVAL\Ob #
#                    j\GUI_AddDecMin.o F:\ÎÒµÄÏîÄ¿\STM32-CMOS\CAMERA¹¤³Ì\EWAR #
#                    M\STM322xG_EVAL\Obj\GUI_AddDecShift.o                    #
#                    F:\ÎÒµÄÏîÄ¿\STM32-CMOS\CAMERA¹¤³Ì\EWARM\STM322xG_EVAL\Ob #
#                    j\GUI_AddHex.o F:\ÎÒµÄÏîÄ¿\STM32-CMOS\CAMERA¹¤³Ì\EWARM\S #
#                    TM322xG_EVAL\Obj\GUI_AddKeyMsgHook.o                     #
#                    F:\ÎÒµÄÏîÄ¿\STM32-CMOS\CAMERA¹¤³Ì\EWARM\STM322xG_EVAL\Ob #
#                    j\GUI_BMP.o F:\ÎÒµÄÏîÄ¿\STM32-CMOS\CAMERA¹¤³Ì\EWARM\STM3 #
#                    22xG_EVAL\Obj\GUI_BMP_Serialize.o                        #
#                    F:\ÎÒµÄÏîÄ¿\STM32-CMOS\CAMERA¹¤³Ì\EWARM\STM322xG_EVAL\Ob #
#                    j\GUI_CalcColorDist.o F:\ÎÒµÄÏîÄ¿\STM32-CMOS\CAMERA¹¤³Ì\ #
#                    EWARM\STM322xG_EVAL\Obj\GUI_ClearRectEx.o                #
#                    F:\ÎÒµÄÏîÄ¿\STM32-CMOS\CAMERA¹¤³Ì\EWARM\STM322xG_EVAL\Ob #
#                    j\GUI_Color2VisColor.o F:\ÎÒµÄÏîÄ¿\STM32-CMOS\CAMERA¹¤³Ì #
#                    \EWARM\STM322xG_EVAL\Obj\GUI_CursorArrowL.o              #
#                    F:\ÎÒµÄÏîÄ¿\STM32-CMOS\CAMERA¹¤³Ì\EWARM\STM322xG_EVAL\Ob #
#                    j\GUI_CursorArrowLI.o F:\ÎÒµÄÏîÄ¿\STM32-CMOS\CAMERA¹¤³Ì\ #
#                    EWARM\STM322xG_EVAL\Obj\GUI_CursorArrowLPx.o             #
#                    F:\ÎÒµÄÏîÄ¿\STM32-CMOS\CAMERA¹¤³Ì\EWARM\STM322xG_EVAL\Ob #
#                    j\GUI_CursorArrowM.o F:\ÎÒµÄÏîÄ¿\STM32-CMOS\CAMERA¹¤³Ì\E #
#                    WARM\STM322xG_EVAL\Obj\GUI_CursorArrowMI.o               #
#                    F:\ÎÒµÄÏîÄ¿\STM32-CMOS\CAMERA¹¤³Ì\EWARM\STM322xG_EVAL\Ob #
#                    j\GUI_CursorArrowMPx.o F:\ÎÒµÄÏîÄ¿\STM32-CMOS\CAMERA¹¤³Ì #
#                    \EWARM\STM322xG_EVAL\Obj\GUI_CursorArrowS.o              #
#                    F:\ÎÒµÄÏîÄ¿\STM32-CMOS\CAMERA¹¤³Ì\EWARM\STM322xG_EVAL\Ob #
#                    j\GUI_CursorArrowSI.o F:\ÎÒµÄÏîÄ¿\STM32-CMOS\CAMERA¹¤³Ì\ #
#                    EWARM\STM322xG_EVAL\Obj\GUI_CursorArrowSPx.o             #
#                    F:\ÎÒµÄÏîÄ¿\STM32-CMOS\CAMERA¹¤³Ì\EWARM\STM322xG_EVAL\Ob #
#                    j\GUI_CursorCrossL.o F:\ÎÒµÄÏîÄ¿\STM32-CMOS\CAMERA¹¤³Ì\E #
#                    WARM\STM322xG_EVAL\Obj\GUI_CursorCrossLI.o               #
#                    F:\ÎÒµÄÏîÄ¿\STM32-CMOS\CAMERA¹¤³Ì\EWARM\STM322xG_EVAL\Ob #
#                    j\GUI_CursorCrossLPx.o F:\ÎÒµÄÏîÄ¿\STM32-CMOS\CAMERA¹¤³Ì #
#                    \EWARM\STM322xG_EVAL\Obj\GUI_CursorCrossM.o              #
#                    F:\ÎÒµÄÏîÄ¿\STM32-CMOS\CAMERA¹¤³Ì\EWARM\STM322xG_EVAL\Ob #
#                    j\GUI_CursorCrossMI.o F:\ÎÒµÄÏîÄ¿\STM32-CMOS\CAMERA¹¤³Ì\ #
#                    EWARM\STM322xG_EVAL\Obj\GUI_CursorCrossMPx.o             #
#                    F:\ÎÒµÄÏîÄ¿\STM32-CMOS\CAMERA¹¤³Ì\EWARM\STM322xG_EVAL\Ob #
#                    j\GUI_CursorCrossS.o F:\ÎÒµÄÏîÄ¿\STM32-CMOS\CAMERA¹¤³Ì\E #
#                    WARM\STM322xG_EVAL\Obj\GUI_CursorCrossSI.o               #
#                    F:\ÎÒµÄÏîÄ¿\STM32-CMOS\CAMERA¹¤³Ì\EWARM\STM322xG_EVAL\Ob #
#                    j\GUI_CursorCrossSPx.o F:\ÎÒµÄÏîÄ¿\STM32-CMOS\CAMERA¹¤³Ì #
#                    \EWARM\STM322xG_EVAL\Obj\GUI_CursorHeaderM.o             #
#                    F:\ÎÒµÄÏîÄ¿\STM32-CMOS\CAMERA¹¤³Ì\EWARM\STM322xG_EVAL\Ob #
#                    j\GUI_CursorHeaderMI.o F:\ÎÒµÄÏîÄ¿\STM32-CMOS\CAMERA¹¤³Ì #
#                    \EWARM\STM322xG_EVAL\Obj\GUI_CursorHeaderMPx.o           #
#                    F:\ÎÒµÄÏîÄ¿\STM32-CMOS\CAMERA¹¤³Ì\EWARM\STM322xG_EVAL\Ob #
#                    j\GUI_CursorPal.o F:\ÎÒµÄÏîÄ¿\STM32-CMOS\CAMERA¹¤³Ì\EWAR #
#                    M\STM322xG_EVAL\Obj\GUI_CursorPalI.o                     #
#                    F:\ÎÒµÄÏîÄ¿\STM32-CMOS\CAMERA¹¤³Ì\EWARM\STM322xG_EVAL\Ob #
#                    j\GUI_DRAW.o F:\ÎÒµÄÏîÄ¿\STM32-CMOS\CAMERA¹¤³Ì\EWARM\STM #
#                    322xG_EVAL\Obj\GUI_DRAW_BITMAP.o                         #
#                    F:\ÎÒµÄÏîÄ¿\STM32-CMOS\CAMERA¹¤³Ì\EWARM\STM322xG_EVAL\Ob #
#                    j\GUI_DRAW_BMP.o F:\ÎÒµÄÏîÄ¿\STM32-CMOS\CAMERA¹¤³Ì\EWARM #
#                    \STM322xG_EVAL\Obj\GUI_DRAW_STREAMED.o                   #
#                    F:\ÎÒµÄÏîÄ¿\STM32-CMOS\CAMERA¹¤³Ì\EWARM\STM322xG_EVAL\Ob #
#                    j\GUI_DRAW_Self.o F:\ÎÒµÄÏîÄ¿\STM32-CMOS\CAMERA¹¤³Ì\EWAR #
#                    M\STM322xG_EVAL\Obj\GUI_DispBin.o                        #
#                    F:\ÎÒµÄÏîÄ¿\STM32-CMOS\CAMERA¹¤³Ì\EWARM\STM322xG_EVAL\Ob #
#                    j\GUI_DispCEOL.o F:\ÎÒµÄÏîÄ¿\STM32-CMOS\CAMERA¹¤³Ì\EWARM #
#                    \STM322xG_EVAL\Obj\GUI_DispChar.o                        #
#                    F:\ÎÒµÄÏîÄ¿\STM32-CMOS\CAMERA¹¤³Ì\EWARM\STM322xG_EVAL\Ob #
#                    j\GUI_DispChars.o F:\ÎÒµÄÏîÄ¿\STM32-CMOS\CAMERA¹¤³Ì\EWAR #
#                    M\STM322xG_EVAL\Obj\GUI_DispHex.o                        #
#                    F:\ÎÒµÄÏîÄ¿\STM32-CMOS\CAMERA¹¤³Ì\EWARM\STM322xG_EVAL\Ob #
#                    j\GUI_DispString.o F:\ÎÒµÄÏîÄ¿\STM32-CMOS\CAMERA¹¤³Ì\EWA #
#                    RM\STM322xG_EVAL\Obj\GUI_DispStringAt.o                  #
#                    F:\ÎÒµÄÏîÄ¿\STM32-CMOS\CAMERA¹¤³Ì\EWARM\STM322xG_EVAL\Ob #
#                    j\GUI_DispStringAtCEOL.o F:\ÎÒµÄÏîÄ¿\STM32-CMOS\CAMERA¹¤ #
#                    ³Ì\EWARM\STM322xG_EVAL\Obj\GUI_DispStringHCenter.o       #
#                    F:\ÎÒµÄÏîÄ¿\STM32-CMOS\CAMERA¹¤³Ì\EWARM\STM322xG_EVAL\Ob #
#                    j\GUI_DispStringInRect.o F:\ÎÒµÄÏîÄ¿\STM32-CMOS\CAMERA¹¤ #
#                    ³Ì\EWARM\STM322xG_EVAL\Obj\GUI_DispStringInRectEx.o      #
#                    F:\ÎÒµÄÏîÄ¿\STM32-CMOS\CAMERA¹¤³Ì\EWARM\STM322xG_EVAL\Ob #
#                    j\GUI_DispStringInRectMax.o                              #
#                    F:\ÎÒµÄÏîÄ¿\STM32-CMOS\CAMERA¹¤³Ì\EWARM\STM322xG_EVAL\Ob #
#                    j\GUI_DispStringLen.o F:\ÎÒµÄÏîÄ¿\STM32-CMOS\CAMERA¹¤³Ì\ #
#                    EWARM\STM322xG_EVAL\Obj\GUI_DrawBitmap.o                 #
#                    F:\ÎÒµÄÏîÄ¿\STM32-CMOS\CAMERA¹¤³Ì\EWARM\STM322xG_EVAL\Ob #
#                    j\GUI_DrawBitmapEx.o F:\ÎÒµÄÏîÄ¿\STM32-CMOS\CAMERA¹¤³Ì\E #
#                    WARM\STM322xG_EVAL\Obj\GUI_DrawBitmapExp.o               #
#                    F:\ÎÒµÄÏîÄ¿\STM32-CMOS\CAMERA¹¤³Ì\EWARM\STM322xG_EVAL\Ob #
#                    j\GUI_DrawBitmapMag.o F:\ÎÒµÄÏîÄ¿\STM32-CMOS\CAMERA¹¤³Ì\ #
#                    EWARM\STM322xG_EVAL\Obj\GUI_DrawFocusRect.o              #
#                    F:\ÎÒµÄÏîÄ¿\STM32-CMOS\CAMERA¹¤³Ì\EWARM\STM322xG_EVAL\Ob #
#                    j\GUI_DrawGraph.o F:\ÎÒµÄÏîÄ¿\STM32-CMOS\CAMERA¹¤³Ì\EWAR #
#                    M\STM322xG_EVAL\Obj\GUI_DrawHLine.o                      #
#                    F:\ÎÒµÄÏîÄ¿\STM32-CMOS\CAMERA¹¤³Ì\EWARM\STM322xG_EVAL\Ob #
#                    j\GUI_DrawPie.o F:\ÎÒµÄÏîÄ¿\STM32-CMOS\CAMERA¹¤³Ì\EWARM\ #
#                    STM322xG_EVAL\Obj\GUI_DrawPixel.o                        #
#                    F:\ÎÒµÄÏîÄ¿\STM32-CMOS\CAMERA¹¤³Ì\EWARM\STM322xG_EVAL\Ob #
#                    j\GUI_DrawPolyline.o F:\ÎÒµÄÏîÄ¿\STM32-CMOS\CAMERA¹¤³Ì\E #
#                    WARM\STM322xG_EVAL\Obj\GUI_DrawRectEx.o                  #
#                    F:\ÎÒµÄÏîÄ¿\STM32-CMOS\CAMERA¹¤³Ì\EWARM\STM322xG_EVAL\Ob #
#                    j\GUI_DrawVLine.o F:\ÎÒµÄÏîÄ¿\STM32-CMOS\CAMERA¹¤³Ì\EWAR #
#                    M\STM322xG_EVAL\Obj\GUI_EditBin.o                        #
#                    F:\ÎÒµÄÏîÄ¿\STM32-CMOS\CAMERA¹¤³Ì\EWARM\STM322xG_EVAL\Ob #
#                    j\GUI_EditDec.o F:\ÎÒµÄÏîÄ¿\STM32-CMOS\CAMERA¹¤³Ì\EWARM\ #
#                    STM322xG_EVAL\Obj\GUI_EditFloat.o                        #
#                    F:\ÎÒµÄÏîÄ¿\STM32-CMOS\CAMERA¹¤³Ì\EWARM\STM322xG_EVAL\Ob #
#                    j\GUI_EditHex.o F:\ÎÒµÄÏîÄ¿\STM32-CMOS\CAMERA¹¤³Ì\EWARM\ #
#                    STM322xG_EVAL\Obj\GUI_EditString.o                       #
#                    F:\ÎÒµÄÏîÄ¿\STM32-CMOS\CAMERA¹¤³Ì\EWARM\STM322xG_EVAL\Ob #
#                    j\GUI_ErrorOut.o F:\ÎÒµÄÏîÄ¿\STM32-CMOS\CAMERA¹¤³Ì\EWARM #
#                    \STM322xG_EVAL\Obj\GUI_Exec.o                            #
#                    F:\ÎÒµÄÏîÄ¿\STM32-CMOS\CAMERA¹¤³Ì\EWARM\STM322xG_EVAL\Ob #
#                    j\GUI_FillPolygon.o F:\ÎÒµÄÏîÄ¿\STM32-CMOS\CAMERA¹¤³Ì\EW #
#                    ARM\STM322xG_EVAL\Obj\GUI_FillRect.o                     #
#                    F:\ÎÒµÄÏîÄ¿\STM32-CMOS\CAMERA¹¤³Ì\EWARM\STM322xG_EVAL\Ob #
#                    j\GUI_FillRectEx.o F:\ÎÒµÄÏîÄ¿\STM32-CMOS\CAMERA¹¤³Ì\EWA #
#                    RM\STM322xG_EVAL\Obj\GUI_GetBitmapPixelColor.o           #
#                    F:\ÎÒµÄÏîÄ¿\STM32-CMOS\CAMERA¹¤³Ì\EWARM\STM322xG_EVAL\Ob #
#                    j\GUI_GetBitmapPixelIndex.o                              #
#                    F:\ÎÒµÄÏîÄ¿\STM32-CMOS\CAMERA¹¤³Ì\EWARM\STM322xG_EVAL\Ob #
#                    j\GUI_GetClientRect.o F:\ÎÒµÄÏîÄ¿\STM32-CMOS\CAMERA¹¤³Ì\ #
#                    EWARM\STM322xG_EVAL\Obj\GUI_GetColor.o                   #
#                    F:\ÎÒµÄÏîÄ¿\STM32-CMOS\CAMERA¹¤³Ì\EWARM\STM322xG_EVAL\Ob #
#                    j\GUI_GetDispPos.o F:\ÎÒµÄÏîÄ¿\STM32-CMOS\CAMERA¹¤³Ì\EWA #
#                    RM\STM322xG_EVAL\Obj\GUI_GetFont.o                       #
#                    F:\ÎÒµÄÏîÄ¿\STM32-CMOS\CAMERA¹¤³Ì\EWARM\STM322xG_EVAL\Ob #
#                    j\GUI_GetFontInfo.o F:\ÎÒµÄÏîÄ¿\STM32-CMOS\CAMERA¹¤³Ì\EW #
#                    ARM\STM322xG_EVAL\Obj\GUI_GetFontSizeY.o                 #
#                    F:\ÎÒµÄÏîÄ¿\STM32-CMOS\CAMERA¹¤³Ì\EWARM\STM322xG_EVAL\Ob #
#                    j\GUI_GetLineStyle.o F:\ÎÒµÄÏîÄ¿\STM32-CMOS\CAMERA¹¤³Ì\E #
#                    WARM\STM322xG_EVAL\Obj\GUI_GetStringDistX.o              #
#                    F:\ÎÒµÄÏîÄ¿\STM32-CMOS\CAMERA¹¤³Ì\EWARM\STM322xG_EVAL\Ob #
#                    j\GUI_GetTextAlign.o F:\ÎÒµÄÏîÄ¿\STM32-CMOS\CAMERA¹¤³Ì\E #
#                    WARM\STM322xG_EVAL\Obj\GUI_GetTextExtend.o               #
#                    F:\ÎÒµÄÏîÄ¿\STM32-CMOS\CAMERA¹¤³Ì\EWARM\STM322xG_EVAL\Ob #
#                    j\GUI_GetTextMode.o F:\ÎÒµÄÏîÄ¿\STM32-CMOS\CAMERA¹¤³Ì\EW #
#                    ARM\STM322xG_EVAL\Obj\GUI_GetVersionString.o             #
#                    F:\ÎÒµÄÏîÄ¿\STM32-CMOS\CAMERA¹¤³Ì\EWARM\STM322xG_EVAL\Ob #
#                    j\GUI_GetYSizeOfFont.o F:\ÎÒµÄÏîÄ¿\STM32-CMOS\CAMERA¹¤³Ì #
#                    \EWARM\STM322xG_EVAL\Obj\GUI_Goto.o                      #
#                    F:\ÎÒµÄÏîÄ¿\STM32-CMOS\CAMERA¹¤³Ì\EWARM\STM322xG_EVAL\Ob #
#                    j\GUI_HOOK.o F:\ÎÒµÄÏîÄ¿\STM32-CMOS\CAMERA¹¤³Ì\EWARM\STM #
#                    322xG_EVAL\Obj\GUI_InitLUT.o                             #
#                    F:\ÎÒµÄÏîÄ¿\STM32-CMOS\CAMERA¹¤³Ì\EWARM\STM322xG_EVAL\Ob #
#                    j\GUI_InvertRect.o F:\ÎÒµÄÏîÄ¿\STM32-CMOS\CAMERA¹¤³Ì\EWA #
#                    RM\STM322xG_EVAL\Obj\GUI_IsInFont.o                      #
#                    F:\ÎÒµÄÏîÄ¿\STM32-CMOS\CAMERA¹¤³Ì\EWARM\STM322xG_EVAL\Ob #
#                    j\GUI_JPEG.o F:\ÎÒµÄÏîÄ¿\STM32-CMOS\CAMERA¹¤³Ì\EWARM\STM #
#                    322xG_EVAL\Obj\GUI_Log.o F:\ÎÒµÄÏîÄ¿\STM32-CMOS\CAMERA¹¤ #
#                    ³Ì\EWARM\STM322xG_EVAL\Obj\GUI_MOUSE.o                   #
#                    F:\ÎÒµÄÏîÄ¿\STM32-CMOS\CAMERA¹¤³Ì\EWARM\STM322xG_EVAL\Ob #
#                    j\GUI_MOUSE_DriverPS2.o F:\ÎÒµÄÏîÄ¿\STM32-CMOS\CAMERA¹¤³ #
#                    Ì\EWARM\STM322xG_EVAL\Obj\GUI_MergeRect.o                #
#                    F:\ÎÒµÄÏîÄ¿\STM32-CMOS\CAMERA¹¤³Ì\EWARM\STM322xG_EVAL\Ob #
#                    j\GUI_MoveRect.o F:\ÎÒµÄÏîÄ¿\STM32-CMOS\CAMERA¹¤³Ì\EWARM #
#                    \STM322xG_EVAL\Obj\GUI_OnKey.o                           #
#                    F:\ÎÒµÄÏîÄ¿\STM32-CMOS\CAMERA¹¤³Ì\EWARM\STM322xG_EVAL\Ob #
#                    j\GUI_PID.o F:\ÎÒµÄÏîÄ¿\STM32-CMOS\CAMERA¹¤³Ì\EWARM\STM3 #
#                    22xG_EVAL\Obj\GUI_Pen.o F:\ÎÒµÄÏîÄ¿\STM32-CMOS\CAMERA¹¤³ #
#                    Ì\EWARM\STM322xG_EVAL\Obj\GUI_RectsIntersect.o           #
#                    F:\ÎÒµÄÏîÄ¿\STM32-CMOS\CAMERA¹¤³Ì\EWARM\STM322xG_EVAL\Ob #
#                    j\GUI_SIF.o F:\ÎÒµÄÏîÄ¿\STM32-CMOS\CAMERA¹¤³Ì\EWARM\STM3 #
#                    22xG_EVAL\Obj\GUI_SIF_Prop.o                             #
#                    F:\ÎÒµÄÏîÄ¿\STM32-CMOS\CAMERA¹¤³Ì\EWARM\STM322xG_EVAL\Ob #
#                    j\GUI_SaveContext.o F:\ÎÒµÄÏîÄ¿\STM32-CMOS\CAMERA¹¤³Ì\EW #
#                    ARM\STM322xG_EVAL\Obj\GUI_SelectLCD.o                    #
#                    F:\ÎÒµÄÏîÄ¿\STM32-CMOS\CAMERA¹¤³Ì\EWARM\STM322xG_EVAL\Ob #
#                    j\GUI_SelectLayer.o F:\ÎÒµÄÏîÄ¿\STM32-CMOS\CAMERA¹¤³Ì\EW #
#                    ARM\STM322xG_EVAL\Obj\GUI_SetColor.o                     #
#                    F:\ÎÒµÄÏîÄ¿\STM32-CMOS\CAMERA¹¤³Ì\EWARM\STM322xG_EVAL\Ob #
#                    j\GUI_SetColorIndex.o F:\ÎÒµÄÏîÄ¿\STM32-CMOS\CAMERA¹¤³Ì\ #
#                    EWARM\STM322xG_EVAL\Obj\GUI_SetDecChar.o                 #
#                    F:\ÎÒµÄÏîÄ¿\STM32-CMOS\CAMERA¹¤³Ì\EWARM\STM322xG_EVAL\Ob #
#                    j\GUI_SetDefault.o F:\ÎÒµÄÏîÄ¿\STM32-CMOS\CAMERA¹¤³Ì\EWA #
#                    RM\STM322xG_EVAL\Obj\GUI_SetDrawMode.o                   #
#                    F:\ÎÒµÄÏîÄ¿\STM32-CMOS\CAMERA¹¤³Ì\EWARM\STM322xG_EVAL\Ob #
#                    j\GUI_SetFont.o F:\ÎÒµÄÏîÄ¿\STM32-CMOS\CAMERA¹¤³Ì\EWARM\ #
#                    STM322xG_EVAL\Obj\GUI_SetLBorder.o                       #
#                    F:\ÎÒµÄÏîÄ¿\STM32-CMOS\CAMERA¹¤³Ì\EWARM\STM322xG_EVAL\Ob #
#                    j\GUI_SetLUTColor.o F:\ÎÒµÄÏîÄ¿\STM32-CMOS\CAMERA¹¤³Ì\EW #
#                    ARM\STM322xG_EVAL\Obj\GUI_SetLUTColorEx.o                #
#                    F:\ÎÒµÄÏîÄ¿\STM32-CMOS\CAMERA¹¤³Ì\EWARM\STM322xG_EVAL\Ob #
#                    j\GUI_SetLUTEntry.o F:\ÎÒµÄÏîÄ¿\STM32-CMOS\CAMERA¹¤³Ì\EW #
#                    ARM\STM322xG_EVAL\Obj\GUI_SetLineStyle.o                 #
#                    F:\ÎÒµÄÏîÄ¿\STM32-CMOS\CAMERA¹¤³Ì\EWARM\STM322xG_EVAL\Ob #
#                    j\GUI_SetOrg.o F:\ÎÒµÄÏîÄ¿\STM32-CMOS\CAMERA¹¤³Ì\EWARM\S #
#                    TM322xG_EVAL\Obj\GUI_SetPixelIndex.o                     #
#                    F:\ÎÒµÄÏîÄ¿\STM32-CMOS\CAMERA¹¤³Ì\EWARM\STM322xG_EVAL\Ob #
#                    j\GUI_SetTextAlign.o F:\ÎÒµÄÏîÄ¿\STM32-CMOS\CAMERA¹¤³Ì\E #
#                    WARM\STM322xG_EVAL\Obj\GUI_SetTextMode.o                 #
#                    F:\ÎÒµÄÏîÄ¿\STM32-CMOS\CAMERA¹¤³Ì\EWARM\STM322xG_EVAL\Ob #
#                    j\GUI_SetTextStyle.o F:\ÎÒµÄÏîÄ¿\STM32-CMOS\CAMERA¹¤³Ì\E #
#                    WARM\STM322xG_EVAL\Obj\GUI_TOUCH.o                       #
#                    F:\ÎÒµÄÏîÄ¿\STM32-CMOS\CAMERA¹¤³Ì\EWARM\STM322xG_EVAL\Ob #
#                    j\GUI_TOUCH_DriverAnalog.o F:\ÎÒµÄÏîÄ¿\STM32-CMOS\CAMERA #
#                    ¹¤³Ì\EWARM\STM322xG_EVAL\Obj\GUI_TOUCH_StoreState.o      #
#                    F:\ÎÒµÄÏîÄ¿\STM32-CMOS\CAMERA¹¤³Ì\EWARM\STM322xG_EVAL\Ob #
#                    j\GUI_TOUCH_StoreUnstable.o                              #
#                    F:\ÎÒµÄÏîÄ¿\STM32-CMOS\CAMERA¹¤³Ì\EWARM\STM322xG_EVAL\Ob #
#                    j\GUI_UC.o F:\ÎÒµÄÏîÄ¿\STM32-CMOS\CAMERA¹¤³Ì\EWARM\STM32 #
#                    2xG_EVAL\Obj\GUI_UC_DispString.o                         #
#                    F:\ÎÒµÄÏîÄ¿\STM32-CMOS\CAMERA¹¤³Ì\EWARM\STM322xG_EVAL\Ob #
#                    j\GUI_UC_EncodeNone.o F:\ÎÒµÄÏîÄ¿\STM32-CMOS\CAMERA¹¤³Ì\ #
#                    EWARM\STM322xG_EVAL\Obj\GUI_UC_EncodeUTF8.o              #
#                    F:\ÎÒµÄÏîÄ¿\STM32-CMOS\CAMERA¹¤³Ì\EWARM\STM322xG_EVAL\Ob #
#                    j\GUI_WaitEvent.o F:\ÎÒµÄÏîÄ¿\STM32-CMOS\CAMERA¹¤³Ì\EWAR #
#                    M\STM322xG_EVAL\Obj\GUI_WaitKey.o                        #
#                    F:\ÎÒµÄÏîÄ¿\STM32-CMOS\CAMERA¹¤³Ì\EWARM\STM322xG_EVAL\Ob #
#                    j\GUI_Warn.o F:\ÎÒµÄÏîÄ¿\STM32-CMOS\CAMERA¹¤³Ì\EWARM\STM #
#                    322xG_EVAL\Obj\GUI_X.o F:\ÎÒµÄÏîÄ¿\STM32-CMOS\CAMERA¹¤³Ì #
#                    \EWARM\STM322xG_EVAL\Obj\GUI__AddSpaceHex.o              #
#                    F:\ÎÒµÄÏîÄ¿\STM32-CMOS\CAMERA¹¤³Ì\EWARM\STM322xG_EVAL\Ob #
#                    j\GUI__CalcTextRect.o F:\ÎÒµÄÏîÄ¿\STM32-CMOS\CAMERA¹¤³Ì\ #
#                    EWARM\STM322xG_EVAL\Obj\GUI__DivideRound.o               #
#                    F:\ÎÒµÄÏîÄ¿\STM32-CMOS\CAMERA¹¤³Ì\EWARM\STM322xG_EVAL\Ob #
#                    j\GUI__DivideRound32.o F:\ÎÒµÄÏîÄ¿\STM32-CMOS\CAMERA¹¤³Ì #
#                    \EWARM\STM322xG_EVAL\Obj\GUI__GetFontSizeY.o             #
#                    F:\ÎÒµÄÏîÄ¿\STM32-CMOS\CAMERA¹¤³Ì\EWARM\STM322xG_EVAL\Ob #
#                    j\GUI__GetNumChars.o F:\ÎÒµÄÏîÄ¿\STM32-CMOS\CAMERA¹¤³Ì\E #
#                    WARM\STM322xG_EVAL\Obj\GUI__HandleEOLine.o               #
#                    F:\ÎÒµÄÏîÄ¿\STM32-CMOS\CAMERA¹¤³Ì\EWARM\STM322xG_EVAL\Ob #
#                    j\GUI__IntersectRect.o F:\ÎÒµÄÏîÄ¿\STM32-CMOS\CAMERA¹¤³Ì #
#                    \EWARM\STM322xG_EVAL\Obj\GUI__IntersectRects.o           #
#                    F:\ÎÒµÄÏîÄ¿\STM32-CMOS\CAMERA¹¤³Ì\EWARM\STM322xG_EVAL\Ob #
#                    j\GUI__Read.o F:\ÎÒµÄÏîÄ¿\STM32-CMOS\CAMERA¹¤³Ì\EWARM\ST #
#                    M322xG_EVAL\Obj\GUI__ReduceRect.o                        #
#                    F:\ÎÒµÄÏîÄ¿\STM32-CMOS\CAMERA¹¤³Ì\EWARM\STM322xG_EVAL\Ob #
#                    j\GUI__SetText.o F:\ÎÒµÄÏîÄ¿\STM32-CMOS\CAMERA¹¤³Ì\EWARM #
#                    \STM322xG_EVAL\Obj\GUI__Wrap.o                           #
#                    F:\ÎÒµÄÏîÄ¿\STM32-CMOS\CAMERA¹¤³Ì\EWARM\STM322xG_EVAL\Ob #
#                    j\GUI__memset.o F:\ÎÒµÄÏîÄ¿\STM32-CMOS\CAMERA¹¤³Ì\EWARM\ #
#                    STM322xG_EVAL\Obj\GUI__memset16.o                        #
#                    F:\ÎÒµÄÏîÄ¿\STM32-CMOS\CAMERA¹¤³Ì\EWARM\STM322xG_EVAL\Ob #
#                    j\GUI__strcmp.o F:\ÎÒµÄÏîÄ¿\STM32-CMOS\CAMERA¹¤³Ì\EWARM\ #
#                    STM322xG_EVAL\Obj\GUI__strlen.o                          #
#                    F:\ÎÒµÄÏîÄ¿\STM32-CMOS\CAMERA¹¤³Ì\EWARM\STM322xG_EVAL\Ob #
#                    j\HEADER.o F:\ÎÒµÄÏîÄ¿\STM32-CMOS\CAMERA¹¤³Ì\EWARM\STM32 #
#                    2xG_EVAL\Obj\HEADER_BMP.o F:\ÎÒµÄÏîÄ¿\STM32-CMOS\CAMERA¹ #
#                    ¤³Ì\EWARM\STM322xG_EVAL\Obj\HEADER_Bitmap.o              #
#                    F:\ÎÒµÄÏîÄ¿\STM32-CMOS\CAMERA¹¤³Ì\EWARM\STM322xG_EVAL\Ob #
#                    j\HEADER_Create.o F:\ÎÒµÄÏîÄ¿\STM32-CMOS\CAMERA¹¤³Ì\EWAR #
#                    M\STM322xG_EVAL\Obj\HEADER_CreateIndirect.o              #
#                    F:\ÎÒµÄÏîÄ¿\STM32-CMOS\CAMERA¹¤³Ì\EWARM\STM322xG_EVAL\Ob #
#                    j\HEADER_StreamedBitmap.o F:\ÎÒµÄÏîÄ¿\STM32-CMOS\CAMERA¹ #
#                    ¤³Ì\EWARM\STM322xG_EVAL\Obj\HEADER__SetDrawObj.o         #
#                    F:\ÎÒµÄÏîÄ¿\STM32-CMOS\CAMERA¹¤³Ì\EWARM\STM322xG_EVAL\Ob #
#                    j\LCD.o F:\ÎÒµÄÏîÄ¿\STM32-CMOS\CAMERA¹¤³Ì\EWARM\STM322xG #
#                    _EVAL\Obj\LCDAA.o F:\ÎÒµÄÏîÄ¿\STM32-CMOS\CAMERA¹¤³Ì\EWAR #
#                    M\STM322xG_EVAL\Obj\LCDColor.o                           #
#                    F:\ÎÒµÄÏîÄ¿\STM32-CMOS\CAMERA¹¤³Ì\EWARM\STM322xG_EVAL\Ob #
#                    j\LCDGetP.o F:\ÎÒµÄÏîÄ¿\STM32-CMOS\CAMERA¹¤³Ì\EWARM\STM3 #
#                    22xG_EVAL\Obj\LCDInfo.o F:\ÎÒµÄÏîÄ¿\STM32-CMOS\CAMERA¹¤³ #
#                    Ì\EWARM\STM322xG_EVAL\Obj\LCDInfo0.o                     #
#                    F:\ÎÒµÄÏîÄ¿\STM32-CMOS\CAMERA¹¤³Ì\EWARM\STM322xG_EVAL\Ob #
#                    j\LCDInfo1.o F:\ÎÒµÄÏîÄ¿\STM32-CMOS\CAMERA¹¤³Ì\EWARM\STM #
#                    322xG_EVAL\Obj\LCDL0Delta.o                              #
#                    F:\ÎÒµÄÏîÄ¿\STM32-CMOS\CAMERA¹¤³Ì\EWARM\STM322xG_EVAL\Ob #
#                    j\LCDL0Mag.o F:\ÎÒµÄÏîÄ¿\STM32-CMOS\CAMERA¹¤³Ì\EWARM\STM #
#                    322xG_EVAL\Obj\LCDNull.o F:\ÎÒµÄÏîÄ¿\STM32-CMOS\CAMERA¹¤ #
#                    ³Ì\EWARM\STM322xG_EVAL\Obj\LCDP0.o                       #
#                    F:\ÎÒµÄÏîÄ¿\STM32-CMOS\CAMERA¹¤³Ì\EWARM\STM322xG_EVAL\Ob #
#                    j\LCDP1.o F:\ÎÒµÄÏîÄ¿\STM32-CMOS\CAMERA¹¤³Ì\EWARM\STM322 #
#                    xG_EVAL\Obj\LCDP111.o F:\ÎÒµÄÏîÄ¿\STM32-CMOS\CAMERA¹¤³Ì\ #
#                    EWARM\STM322xG_EVAL\Obj\LCDP2.o                          #
#                    F:\ÎÒµÄÏîÄ¿\STM32-CMOS\CAMERA¹¤³Ì\EWARM\STM322xG_EVAL\Ob #
#                    j\LCDP222.o F:\ÎÒµÄÏîÄ¿\STM32-CMOS\CAMERA¹¤³Ì\EWARM\STM3 #
#                    22xG_EVAL\Obj\LCDP233.o F:\ÎÒµÄÏîÄ¿\STM32-CMOS\CAMERA¹¤³ #
#                    Ì\EWARM\STM322xG_EVAL\Obj\LCDP323.o                      #
#                    F:\ÎÒµÄÏîÄ¿\STM32-CMOS\CAMERA¹¤³Ì\EWARM\STM322xG_EVAL\Ob #
#                    j\LCDP332.o F:\ÎÒµÄÏîÄ¿\STM32-CMOS\CAMERA¹¤³Ì\EWARM\STM3 #
#                    22xG_EVAL\Obj\LCDP4.o F:\ÎÒµÄÏîÄ¿\STM32-CMOS\CAMERA¹¤³Ì\ #
#                    EWARM\STM322xG_EVAL\Obj\LCDP444_12.o                     #
#                    F:\ÎÒµÄÏîÄ¿\STM32-CMOS\CAMERA¹¤³Ì\EWARM\STM322xG_EVAL\Ob #
#                    j\LCDP444_12_1.o F:\ÎÒµÄÏîÄ¿\STM32-CMOS\CAMERA¹¤³Ì\EWARM #
#                    \STM322xG_EVAL\Obj\LCDP444_16.o                          #
#                    F:\ÎÒµÄÏîÄ¿\STM32-CMOS\CAMERA¹¤³Ì\EWARM\STM322xG_EVAL\Ob #
#                    j\LCDP555.o F:\ÎÒµÄÏîÄ¿\STM32-CMOS\CAMERA¹¤³Ì\EWARM\STM3 #
#                    22xG_EVAL\Obj\LCDP556.o F:\ÎÒµÄÏîÄ¿\STM32-CMOS\CAMERA¹¤³ #
#                    Ì\EWARM\STM322xG_EVAL\Obj\LCDP565.o                      #
#                    F:\ÎÒµÄÏîÄ¿\STM32-CMOS\CAMERA¹¤³Ì\EWARM\STM322xG_EVAL\Ob #
#                    j\LCDP565_Index2Color.o F:\ÎÒµÄÏîÄ¿\STM32-CMOS\CAMERA¹¤³ #
#                    Ì\EWARM\STM322xG_EVAL\Obj\LCDP655.o                      #
#                    F:\ÎÒµÄÏîÄ¿\STM32-CMOS\CAMERA¹¤³Ì\EWARM\STM322xG_EVAL\Ob #
#                    j\LCDP8666.o F:\ÎÒµÄÏîÄ¿\STM32-CMOS\CAMERA¹¤³Ì\EWARM\STM #
#                    322xG_EVAL\Obj\LCDP8666_1.o                              #
#                    F:\ÎÒµÄÏîÄ¿\STM32-CMOS\CAMERA¹¤³Ì\EWARM\STM322xG_EVAL\Ob #
#                    j\LCDPM233.o F:\ÎÒµÄÏîÄ¿\STM32-CMOS\CAMERA¹¤³Ì\EWARM\STM #
#                    322xG_EVAL\Obj\LCDPM323.o F:\ÎÒµÄÏîÄ¿\STM32-CMOS\CAMERA¹ #
#                    ¤³Ì\EWARM\STM322xG_EVAL\Obj\LCDPM332.o                   #
#                    F:\ÎÒµÄÏîÄ¿\STM32-CMOS\CAMERA¹¤³Ì\EWARM\STM322xG_EVAL\Ob #
#                    j\LCDPM444_12.o F:\ÎÒµÄÏîÄ¿\STM32-CMOS\CAMERA¹¤³Ì\EWARM\ #
#                    STM322xG_EVAL\Obj\LCDPM444_16.o                          #
#                    F:\ÎÒµÄÏîÄ¿\STM32-CMOS\CAMERA¹¤³Ì\EWARM\STM322xG_EVAL\Ob #
#                    j\LCDPM555.o F:\ÎÒµÄÏîÄ¿\STM32-CMOS\CAMERA¹¤³Ì\EWARM\STM #
#                    322xG_EVAL\Obj\LCDPM556.o F:\ÎÒµÄÏîÄ¿\STM32-CMOS\CAMERA¹ #
#                    ¤³Ì\EWARM\STM322xG_EVAL\Obj\LCDPM565.o                   #
#                    F:\ÎÒµÄÏîÄ¿\STM32-CMOS\CAMERA¹¤³Ì\EWARM\STM322xG_EVAL\Ob #
#                    j\LCDPM565_Index2Color.o F:\ÎÒµÄÏîÄ¿\STM32-CMOS\CAMERA¹¤ #
#                    ³Ì\EWARM\STM322xG_EVAL\Obj\LCDPM655.o                    #
#                    F:\ÎÒµÄÏîÄ¿\STM32-CMOS\CAMERA¹¤³Ì\EWARM\STM322xG_EVAL\Ob #
#                    j\LCDRLE4.o F:\ÎÒµÄÏîÄ¿\STM32-CMOS\CAMERA¹¤³Ì\EWARM\STM3 #
#                    22xG_EVAL\Obj\LCDRLE8.o F:\ÎÒµÄÏîÄ¿\STM32-CMOS\CAMERA¹¤³ #
#                    Ì\EWARM\STM322xG_EVAL\Obj\LCD_1.o                        #
#                    F:\ÎÒµÄÏîÄ¿\STM32-CMOS\CAMERA¹¤³Ì\EWARM\STM322xG_EVAL\Ob #
#                    j\LCD_2.o F:\ÎÒµÄÏîÄ¿\STM32-CMOS\CAMERA¹¤³Ì\EWARM\STM322 #
#                    xG_EVAL\Obj\LCD_3.o F:\ÎÒµÄÏîÄ¿\STM32-CMOS\CAMERA¹¤³Ì\EW #
#                    ARM\STM322xG_EVAL\Obj\LCD_4.o                            #
#                    F:\ÎÒµÄÏîÄ¿\STM32-CMOS\CAMERA¹¤³Ì\EWARM\STM322xG_EVAL\Ob #
#                    j\LCD_API.o F:\ÎÒµÄÏîÄ¿\STM32-CMOS\CAMERA¹¤³Ì\EWARM\STM3 #
#                    22xG_EVAL\Obj\LCD_DrawBitmap_565.o                       #
#                    F:\ÎÒµÄÏîÄ¿\STM32-CMOS\CAMERA¹¤³Ì\EWARM\STM322xG_EVAL\Ob #
#                    j\LCD_DrawBitmap_M565.o F:\ÎÒµÄÏîÄ¿\STM32-CMOS\CAMERA¹¤³ #
#                    Ì\EWARM\STM322xG_EVAL\Obj\LCD_DrawVLine.o                #
#                    F:\ÎÒµÄÏîÄ¿\STM32-CMOS\CAMERA¹¤³Ì\EWARM\STM322xG_EVAL\Ob #
#                    j\LCD_GetColorIndex.o F:\ÎÒµÄÏîÄ¿\STM32-CMOS\CAMERA¹¤³Ì\ #
#                    EWARM\STM322xG_EVAL\Obj\LCD_GetEx.o                      #
#                    F:\ÎÒµÄÏîÄ¿\STM32-CMOS\CAMERA¹¤³Ì\EWARM\STM322xG_EVAL\Ob #
#                    j\LCD_GetNumDisplays.o F:\ÎÒµÄÏîÄ¿\STM32-CMOS\CAMERA¹¤³Ì #
#                    \EWARM\STM322xG_EVAL\Obj\LCD_GetPixelColor.o             #
#                    F:\ÎÒµÄÏîÄ¿\STM32-CMOS\CAMERA¹¤³Ì\EWARM\STM322xG_EVAL\Ob #
#                    j\LCD_Index2ColorEx.o F:\ÎÒµÄÏîÄ¿\STM32-CMOS\CAMERA¹¤³Ì\ #
#                    EWARM\STM322xG_EVAL\Obj\LCD_L0_Generic.o                 #
#                    F:\ÎÒµÄÏîÄ¿\STM32-CMOS\CAMERA¹¤³Ì\EWARM\STM322xG_EVAL\Ob #
#                    j\LCD_Mirror.o F:\ÎÒµÄÏîÄ¿\STM32-CMOS\CAMERA¹¤³Ì\EWARM\S #
#                    TM322xG_EVAL\Obj\LCD_MixColors256.o                      #
#                    F:\ÎÒµÄÏîÄ¿\STM32-CMOS\CAMERA¹¤³Ì\EWARM\STM322xG_EVAL\Ob #
#                    j\LCD_Rotate180.o F:\ÎÒµÄÏîÄ¿\STM32-CMOS\CAMERA¹¤³Ì\EWAR #
#                    M\STM322xG_EVAL\Obj\LCD_RotateCCW.o                      #
#                    F:\ÎÒµÄÏîÄ¿\STM32-CMOS\CAMERA¹¤³Ì\EWARM\STM322xG_EVAL\Ob #
#                    j\LCD_RotateCW.o F:\ÎÒµÄÏîÄ¿\STM32-CMOS\CAMERA¹¤³Ì\EWARM #
#                    \STM322xG_EVAL\Obj\LCD_SelectLCD.o                       #
#                    F:\ÎÒµÄÏîÄ¿\STM32-CMOS\CAMERA¹¤³Ì\EWARM\STM322xG_EVAL\Ob #
#                    j\LCD_SetAPI.o F:\ÎÒµÄÏîÄ¿\STM32-CMOS\CAMERA¹¤³Ì\EWARM\S #
#                    TM322xG_EVAL\Obj\LCD_SetClipRectEx.o                     #
#                    F:\ÎÒµÄÏîÄ¿\STM32-CMOS\CAMERA¹¤³Ì\EWARM\STM322xG_EVAL\Ob #
#                    j\LCD_UpdateColorIndices.o F:\ÎÒµÄÏîÄ¿\STM32-CMOS\CAMERA #
#                    ¹¤³Ì\EWARM\STM322xG_EVAL\Obj\LISTBOX.o                   #
#                    F:\ÎÒµÄÏîÄ¿\STM32-CMOS\CAMERA¹¤³Ì\EWARM\STM322xG_EVAL\Ob #
#                    j\LISTBOX_Create.o F:\ÎÒµÄÏîÄ¿\STM32-CMOS\CAMERA¹¤³Ì\EWA #
#                    RM\STM322xG_EVAL\Obj\LISTBOX_CreateIndirect.o            #
#                    F:\ÎÒµÄÏîÄ¿\STM32-CMOS\CAMERA¹¤³Ì\EWARM\STM322xG_EVAL\Ob #
#                    j\LISTBOX_Default.o F:\ÎÒµÄÏîÄ¿\STM32-CMOS\CAMERA¹¤³Ì\EW #
#                    ARM\STM322xG_EVAL\Obj\LISTBOX_DeleteItem.o               #
#                    F:\ÎÒµÄÏîÄ¿\STM32-CMOS\CAMERA¹¤³Ì\EWARM\STM322xG_EVAL\Ob #
#                    j\LISTBOX_Font.o F:\ÎÒµÄÏîÄ¿\STM32-CMOS\CAMERA¹¤³Ì\EWARM #
#                    \STM322xG_EVAL\Obj\LISTBOX_GetItemText.o                 #
#                    F:\ÎÒµÄÏîÄ¿\STM32-CMOS\CAMERA¹¤³Ì\EWARM\STM322xG_EVAL\Ob #
#                    j\LISTBOX_GetNumItems.o F:\ÎÒµÄÏîÄ¿\STM32-CMOS\CAMERA¹¤³ #
#                    Ì\EWARM\STM322xG_EVAL\Obj\LISTBOX_InsertString.o         #
#                    F:\ÎÒµÄÏîÄ¿\STM32-CMOS\CAMERA¹¤³Ì\EWARM\STM322xG_EVAL\Ob #
#                    j\LISTBOX_ItemDisabled.o F:\ÎÒµÄÏîÄ¿\STM32-CMOS\CAMERA¹¤ #
#                    ³Ì\EWARM\STM322xG_EVAL\Obj\LISTBOX_ItemSpacing.o         #
#                    F:\ÎÒµÄÏîÄ¿\STM32-CMOS\CAMERA¹¤³Ì\EWARM\STM322xG_EVAL\Ob #
#                    j\LISTBOX_MultiSel.o F:\ÎÒµÄÏîÄ¿\STM32-CMOS\CAMERA¹¤³Ì\E #
#                    WARM\STM322xG_EVAL\Obj\LISTBOX_ScrollStep.o              #
#                    F:\ÎÒµÄÏîÄ¿\STM32-CMOS\CAMERA¹¤³Ì\EWARM\STM322xG_EVAL\Ob #
#                    j\LISTBOX_SetAutoScroll.o F:\ÎÒµÄÏîÄ¿\STM32-CMOS\CAMERA¹ #
#                    ¤³Ì\EWARM\STM322xG_EVAL\Obj\LISTBOX_SetBkColor.o         #
#                    F:\ÎÒµÄÏîÄ¿\STM32-CMOS\CAMERA¹¤³Ì\EWARM\STM322xG_EVAL\Ob #
#                    j\LISTBOX_SetOwner.o F:\ÎÒµÄÏîÄ¿\STM32-CMOS\CAMERA¹¤³Ì\E #
#                    WARM\STM322xG_EVAL\Obj\LISTBOX_SetOwnerDraw.o            #
#                    F:\ÎÒµÄÏîÄ¿\STM32-CMOS\CAMERA¹¤³Ì\EWARM\STM322xG_EVAL\Ob #
#                    j\LISTBOX_SetScrollbarWidth.o                            #
#                    F:\ÎÒµÄÏîÄ¿\STM32-CMOS\CAMERA¹¤³Ì\EWARM\STM322xG_EVAL\Ob #
#                    j\LISTBOX_SetString.o F:\ÎÒµÄÏîÄ¿\STM32-CMOS\CAMERA¹¤³Ì\ #
#                    EWARM\STM322xG_EVAL\Obj\LISTBOX_SetTextColor.o           #
#                    F:\ÎÒµÄÏîÄ¿\STM32-CMOS\CAMERA¹¤³Ì\EWARM\STM322xG_EVAL\Ob #
#                    j\LISTVIEW.o F:\ÎÒµÄÏîÄ¿\STM32-CMOS\CAMERA¹¤³Ì\EWARM\STM #
#                    322xG_EVAL\Obj\LISTVIEW_Create.o                         #
#                    F:\ÎÒµÄÏîÄ¿\STM32-CMOS\CAMERA¹¤³Ì\EWARM\STM322xG_EVAL\Ob #
#                    j\LISTVIEW_CreateIndirect.o                              #
#                    F:\ÎÒµÄÏîÄ¿\STM32-CMOS\CAMERA¹¤³Ì\EWARM\STM322xG_EVAL\Ob #
#                    j\LISTVIEW_Default.o F:\ÎÒµÄÏîÄ¿\STM32-CMOS\CAMERA¹¤³Ì\E #
#                    WARM\STM322xG_EVAL\Obj\LISTVIEW_DeleteColumn.o           #
#                    F:\ÎÒµÄÏîÄ¿\STM32-CMOS\CAMERA¹¤³Ì\EWARM\STM322xG_EVAL\Ob #
#                    j\LISTVIEW_DeleteRow.o F:\ÎÒµÄÏîÄ¿\STM32-CMOS\CAMERA¹¤³Ì #
#                    \EWARM\STM322xG_EVAL\Obj\LISTVIEW_GetBkColor.o           #
#                    F:\ÎÒµÄÏîÄ¿\STM32-CMOS\CAMERA¹¤³Ì\EWARM\STM322xG_EVAL\Ob #
#                    j\LISTVIEW_GetFont.o F:\ÎÒµÄÏîÄ¿\STM32-CMOS\CAMERA¹¤³Ì\E #
#                    WARM\STM322xG_EVAL\Obj\LISTVIEW_GetHeader.o              #
#                    F:\ÎÒµÄÏîÄ¿\STM32-CMOS\CAMERA¹¤³Ì\EWARM\STM322xG_EVAL\Ob #
#                    j\LISTVIEW_GetNumColumns.o F:\ÎÒµÄÏîÄ¿\STM32-CMOS\CAMERA #
#                    ¹¤³Ì\EWARM\STM322xG_EVAL\Obj\LISTVIEW_GetNumRows.o       #
#                    F:\ÎÒµÄÏîÄ¿\STM32-CMOS\CAMERA¹¤³Ì\EWARM\STM322xG_EVAL\Ob #
#                    j\LISTVIEW_GetSel.o F:\ÎÒµÄÏîÄ¿\STM32-CMOS\CAMERA¹¤³Ì\EW #
#                    ARM\STM322xG_EVAL\Obj\LISTVIEW_GetTextColor.o            #
#                    F:\ÎÒµÄÏîÄ¿\STM32-CMOS\CAMERA¹¤³Ì\EWARM\STM322xG_EVAL\Ob #
#                    j\LISTVIEW_SetBkColor.o F:\ÎÒµÄÏîÄ¿\STM32-CMOS\CAMERA¹¤³ #
#                    Ì\EWARM\STM322xG_EVAL\Obj\LISTVIEW_SetColumnWidth.o      #
#                    F:\ÎÒµÄÏîÄ¿\STM32-CMOS\CAMERA¹¤³Ì\EWARM\STM322xG_EVAL\Ob #
#                    j\LISTVIEW_SetFont.o F:\ÎÒµÄÏîÄ¿\STM32-CMOS\CAMERA¹¤³Ì\E #
#                    WARM\STM322xG_EVAL\Obj\LISTVIEW_SetGridVis.o             #
#                    F:\ÎÒµÄÏîÄ¿\STM32-CMOS\CAMERA¹¤³Ì\EWARM\STM322xG_EVAL\Ob #
#                    j\LISTVIEW_SetItemColor.o F:\ÎÒµÄÏîÄ¿\STM32-CMOS\CAMERA¹ #
#                    ¤³Ì\EWARM\STM322xG_EVAL\Obj\LISTVIEW_SetItemText.o       #
#                    F:\ÎÒµÄÏîÄ¿\STM32-CMOS\CAMERA¹¤³Ì\EWARM\STM322xG_EVAL\Ob #
#                    j\LISTVIEW_SetLBorder.o F:\ÎÒµÄÏîÄ¿\STM32-CMOS\CAMERA¹¤³ #
#                    Ì\EWARM\STM322xG_EVAL\Obj\LISTVIEW_SetRBorder.o          #
#                    F:\ÎÒµÄÏîÄ¿\STM32-CMOS\CAMERA¹¤³Ì\EWARM\STM322xG_EVAL\Ob #
#                    j\LISTVIEW_SetRowHeight.o F:\ÎÒµÄÏîÄ¿\STM32-CMOS\CAMERA¹ #
#                    ¤³Ì\EWARM\STM322xG_EVAL\Obj\LISTVIEW_SetSel.o            #
#                    F:\ÎÒµÄÏîÄ¿\STM32-CMOS\CAMERA¹¤³Ì\EWARM\STM322xG_EVAL\Ob #
#                    j\LISTVIEW_SetTextAlign.o F:\ÎÒµÄÏîÄ¿\STM32-CMOS\CAMERA¹ #
#                    ¤³Ì\EWARM\STM322xG_EVAL\Obj\LISTVIEW_SetTextColor.o      #
#                    F:\ÎÒµÄÏîÄ¿\STM32-CMOS\CAMERA¹¤³Ì\EWARM\STM322xG_EVAL\Ob #
#                    j\MENU.o F:\ÎÒµÄÏîÄ¿\STM32-CMOS\CAMERA¹¤³Ì\EWARM\STM322x #
#                    G_EVAL\Obj\MENU_Attach.o F:\ÎÒµÄÏîÄ¿\STM32-CMOS\CAMERA¹¤ #
#                    ³Ì\EWARM\STM322xG_EVAL\Obj\MENU_CreateIndirect.o         #
#                    F:\ÎÒµÄÏîÄ¿\STM32-CMOS\CAMERA¹¤³Ì\EWARM\STM322xG_EVAL\Ob #
#                    j\MENU_Default.o F:\ÎÒµÄÏîÄ¿\STM32-CMOS\CAMERA¹¤³Ì\EWARM #
#                    \STM322xG_EVAL\Obj\MENU_DeleteItem.o                     #
#                    F:\ÎÒµÄÏîÄ¿\STM32-CMOS\CAMERA¹¤³Ì\EWARM\STM322xG_EVAL\Ob #
#                    j\MENU_DisableItem.o F:\ÎÒµÄÏîÄ¿\STM32-CMOS\CAMERA¹¤³Ì\E #
#                    WARM\STM322xG_EVAL\Obj\MENU_EnableItem.o                 #
#                    F:\ÎÒµÄÏîÄ¿\STM32-CMOS\CAMERA¹¤³Ì\EWARM\STM322xG_EVAL\Ob #
#                    j\MENU_GetItem.o F:\ÎÒµÄÏîÄ¿\STM32-CMOS\CAMERA¹¤³Ì\EWARM #
#                    \STM322xG_EVAL\Obj\MENU_GetItemText.o                    #
#                    F:\ÎÒµÄÏîÄ¿\STM32-CMOS\CAMERA¹¤³Ì\EWARM\STM322xG_EVAL\Ob #
#                    j\MENU_GetNumItems.o F:\ÎÒµÄÏîÄ¿\STM32-CMOS\CAMERA¹¤³Ì\E #
#                    WARM\STM322xG_EVAL\Obj\MENU_InsertItem.o                 #
#                    F:\ÎÒµÄÏîÄ¿\STM32-CMOS\CAMERA¹¤³Ì\EWARM\STM322xG_EVAL\Ob #
#                    j\MENU_Popup.o F:\ÎÒµÄÏîÄ¿\STM32-CMOS\CAMERA¹¤³Ì\EWARM\S #
#                    TM322xG_EVAL\Obj\MENU_SetBkColor.o                       #
#                    F:\ÎÒµÄÏîÄ¿\STM32-CMOS\CAMERA¹¤³Ì\EWARM\STM322xG_EVAL\Ob #
#                    j\MENU_SetBorderSize.o F:\ÎÒµÄÏîÄ¿\STM32-CMOS\CAMERA¹¤³Ì #
#                    \EWARM\STM322xG_EVAL\Obj\MENU_SetFont.o                  #
#                    F:\ÎÒµÄÏîÄ¿\STM32-CMOS\CAMERA¹¤³Ì\EWARM\STM322xG_EVAL\Ob #
#                    j\MENU_SetItem.o F:\ÎÒµÄÏîÄ¿\STM32-CMOS\CAMERA¹¤³Ì\EWARM #
#                    \STM322xG_EVAL\Obj\MENU_SetTextColor.o                   #
#                    F:\ÎÒµÄÏîÄ¿\STM32-CMOS\CAMERA¹¤³Ì\EWARM\STM322xG_EVAL\Ob #
#                    j\MENU__FindItem.o F:\ÎÒµÄÏîÄ¿\STM32-CMOS\CAMERA¹¤³Ì\EWA #
#                    RM\STM322xG_EVAL\Obj\MESSAGEBOX.o                        #
#                    F:\ÎÒµÄÏîÄ¿\STM32-CMOS\CAMERA¹¤³Ì\EWARM\STM322xG_EVAL\Ob #
#                    j\MULTIEDIT.o F:\ÎÒµÄÏîÄ¿\STM32-CMOS\CAMERA¹¤³Ì\EWARM\ST #
#                    M322xG_EVAL\Obj\MULTIEDIT_Create.o                       #
#                    F:\ÎÒµÄÏîÄ¿\STM32-CMOS\CAMERA¹¤³Ì\EWARM\STM322xG_EVAL\Ob #
#                    j\MULTIEDIT_CreateIndirect.o                             #
#                    F:\ÎÒµÄÏîÄ¿\STM32-CMOS\CAMERA¹¤³Ì\EWARM\STM322xG_EVAL\Ob #
#                    j\MULTIPAGE.o F:\ÎÒµÄÏîÄ¿\STM32-CMOS\CAMERA¹¤³Ì\EWARM\ST #
#                    M322xG_EVAL\Obj\MULTIPAGE_Create.o                       #
#                    F:\ÎÒµÄÏîÄ¿\STM32-CMOS\CAMERA¹¤³Ì\EWARM\STM322xG_EVAL\Ob #
#                    j\MULTIPAGE_CreateIndirect.o                             #
#                    F:\ÎÒµÄÏîÄ¿\STM32-CMOS\CAMERA¹¤³Ì\EWARM\STM322xG_EVAL\Ob #
#                    j\MULTIPAGE_Default.o F:\ÎÒµÄÏîÄ¿\STM32-CMOS\CAMERA¹¤³Ì\ #
#                    EWARM\STM322xG_EVAL\Obj\PROGBAR.o                        #
#                    F:\ÎÒµÄÏîÄ¿\STM32-CMOS\CAMERA¹¤³Ì\EWARM\STM322xG_EVAL\Ob #
#                    j\PROGBAR_Create.o F:\ÎÒµÄÏîÄ¿\STM32-CMOS\CAMERA¹¤³Ì\EWA #
#                    RM\STM322xG_EVAL\Obj\PROGBAR_CreateIndirect.o            #
#                    F:\ÎÒµÄÏîÄ¿\STM32-CMOS\CAMERA¹¤³Ì\EWARM\STM322xG_EVAL\Ob #
#                    j\RADIO.o F:\ÎÒµÄÏîÄ¿\STM32-CMOS\CAMERA¹¤³Ì\EWARM\STM322 #
#                    xG_EVAL\Obj\RADIO_Create.o F:\ÎÒµÄÏîÄ¿\STM32-CMOS\CAMERA #
#                    ¹¤³Ì\EWARM\STM322xG_EVAL\Obj\RADIO_CreateIndirect.o      #
#                    F:\ÎÒµÄÏîÄ¿\STM32-CMOS\CAMERA¹¤³Ì\EWARM\STM322xG_EVAL\Ob #
#                    j\RADIO_Default.o F:\ÎÒµÄÏîÄ¿\STM32-CMOS\CAMERA¹¤³Ì\EWAR #
#                    M\STM322xG_EVAL\Obj\RADIO_Image.o                        #
#                    F:\ÎÒµÄÏîÄ¿\STM32-CMOS\CAMERA¹¤³Ì\EWARM\STM322xG_EVAL\Ob #
#                    j\RADIO_SetBkColor.o F:\ÎÒµÄÏîÄ¿\STM32-CMOS\CAMERA¹¤³Ì\E #
#                    WARM\STM322xG_EVAL\Obj\RADIO_SetDefaultImage.o           #
#                    F:\ÎÒµÄÏîÄ¿\STM32-CMOS\CAMERA¹¤³Ì\EWARM\STM322xG_EVAL\Ob #
#                    j\RADIO_SetFont.o F:\ÎÒµÄÏîÄ¿\STM32-CMOS\CAMERA¹¤³Ì\EWAR #
#                    M\STM322xG_EVAL\Obj\RADIO_SetGroupId.o                   #
#                    F:\ÎÒµÄÏîÄ¿\STM32-CMOS\CAMERA¹¤³Ì\EWARM\STM322xG_EVAL\Ob #
#                    j\RADIO_SetImage.o F:\ÎÒµÄÏîÄ¿\STM32-CMOS\CAMERA¹¤³Ì\EWA #
#                    RM\STM322xG_EVAL\Obj\RADIO_SetText.o                     #
#                    F:\ÎÒµÄÏîÄ¿\STM32-CMOS\CAMERA¹¤³Ì\EWARM\STM322xG_EVAL\Ob #
#                    j\RADIO_SetTextColor.o F:\ÎÒµÄÏîÄ¿\STM32-CMOS\CAMERA¹¤³Ì #
#                    \EWARM\STM322xG_EVAL\Obj\SCCB.o                          #
#                    F:\ÎÒµÄÏîÄ¿\STM32-CMOS\CAMERA¹¤³Ì\EWARM\STM322xG_EVAL\Ob #
#                    j\SCROLLBAR.o F:\ÎÒµÄÏîÄ¿\STM32-CMOS\CAMERA¹¤³Ì\EWARM\ST #
#                    M322xG_EVAL\Obj\SCROLLBAR_Create.o                       #
#                    F:\ÎÒµÄÏîÄ¿\STM32-CMOS\CAMERA¹¤³Ì\EWARM\STM322xG_EVAL\Ob #
#                    j\SCROLLBAR_CreateIndirect.o                             #
#                    F:\ÎÒµÄÏîÄ¿\STM32-CMOS\CAMERA¹¤³Ì\EWARM\STM322xG_EVAL\Ob #
#                    j\SCROLLBAR_Defaults.o F:\ÎÒµÄÏîÄ¿\STM32-CMOS\CAMERA¹¤³Ì #
#                    \EWARM\STM322xG_EVAL\Obj\SCROLLBAR_GetValue.o            #
#                    F:\ÎÒµÄÏîÄ¿\STM32-CMOS\CAMERA¹¤³Ì\EWARM\STM322xG_EVAL\Ob #
#                    j\SCROLLBAR_SetWidth.o F:\ÎÒµÄÏîÄ¿\STM32-CMOS\CAMERA¹¤³Ì #
#                    \EWARM\STM322xG_EVAL\Obj\SLIDER.o                        #
#                    F:\ÎÒµÄÏîÄ¿\STM32-CMOS\CAMERA¹¤³Ì\EWARM\STM322xG_EVAL\Ob #
#                    j\SLIDER_Create.o F:\ÎÒµÄÏîÄ¿\STM32-CMOS\CAMERA¹¤³Ì\EWAR #
#                    M\STM322xG_EVAL\Obj\SLIDER_CreateIndirect.o              #
#                    F:\ÎÒµÄÏîÄ¿\STM32-CMOS\CAMERA¹¤³Ì\EWARM\STM322xG_EVAL\Ob #
#                    j\TEXT.o F:\ÎÒµÄÏîÄ¿\STM32-CMOS\CAMERA¹¤³Ì\EWARM\STM322x #
#                    G_EVAL\Obj\TEXT_Create.o F:\ÎÒµÄÏîÄ¿\STM32-CMOS\CAMERA¹¤ #
#                    ³Ì\EWARM\STM322xG_EVAL\Obj\TEXT_CreateIndirect.o         #
#                    F:\ÎÒµÄÏîÄ¿\STM32-CMOS\CAMERA¹¤³Ì\EWARM\STM322xG_EVAL\Ob #
#                    j\TEXT_SetBkColor.o F:\ÎÒµÄÏîÄ¿\STM32-CMOS\CAMERA¹¤³Ì\EW #
#                    ARM\STM322xG_EVAL\Obj\TEXT_SetFont.o                     #
#                    F:\ÎÒµÄÏîÄ¿\STM32-CMOS\CAMERA¹¤³Ì\EWARM\STM322xG_EVAL\Ob #
#                    j\TEXT_SetText.o F:\ÎÒµÄÏîÄ¿\STM32-CMOS\CAMERA¹¤³Ì\EWARM #
#                    \STM322xG_EVAL\Obj\TEXT_SetTextAlign.o                   #
#                    F:\ÎÒµÄÏîÄ¿\STM32-CMOS\CAMERA¹¤³Ì\EWARM\STM322xG_EVAL\Ob #
#                    j\TEXT_SetTextColor.o F:\ÎÒµÄÏîÄ¿\STM32-CMOS\CAMERA¹¤³Ì\ #
#                    EWARM\STM322xG_EVAL\Obj\WIDGET.o                         #
#                    F:\ÎÒµÄÏîÄ¿\STM32-CMOS\CAMERA¹¤³Ì\EWARM\STM322xG_EVAL\Ob #
#                    j\WIDGET_Effect_3D.o F:\ÎÒµÄÏîÄ¿\STM32-CMOS\CAMERA¹¤³Ì\E #
#                    WARM\STM322xG_EVAL\Obj\WIDGET_Effect_3D1L.o              #
#                    F:\ÎÒµÄÏîÄ¿\STM32-CMOS\CAMERA¹¤³Ì\EWARM\STM322xG_EVAL\Ob #
#                    j\WIDGET_Effect_3D2L.o F:\ÎÒµÄÏîÄ¿\STM32-CMOS\CAMERA¹¤³Ì #
#                    \EWARM\STM322xG_EVAL\Obj\WIDGET_Effect_None.o            #
#                    F:\ÎÒµÄÏîÄ¿\STM32-CMOS\CAMERA¹¤³Ì\EWARM\STM322xG_EVAL\Ob #
#                    j\WIDGET_Effect_Simple.o F:\ÎÒµÄÏîÄ¿\STM32-CMOS\CAMERA¹¤ #
#                    ³Ì\EWARM\STM322xG_EVAL\Obj\WIDGET_FillStringInRect.o     #
#                    F:\ÎÒµÄÏîÄ¿\STM32-CMOS\CAMERA¹¤³Ì\EWARM\STM322xG_EVAL\Ob #
#                    j\WIDGET_SetEffect.o F:\ÎÒµÄÏîÄ¿\STM32-CMOS\CAMERA¹¤³Ì\E #
#                    WARM\STM322xG_EVAL\Obj\WIDGET_SetWidth.o                 #
#                    F:\ÎÒµÄÏîÄ¿\STM32-CMOS\CAMERA¹¤³Ì\EWARM\STM322xG_EVAL\Ob #
#                    j\WINDOW.o F:\ÎÒµÄÏîÄ¿\STM32-CMOS\CAMERA¹¤³Ì\EWARM\STM32 #
#                    2xG_EVAL\Obj\WINDOW_Default.o                            #
#                    F:\ÎÒµÄÏîÄ¿\STM32-CMOS\CAMERA¹¤³Ì\EWARM\STM322xG_EVAL\Ob #
#                    j\WM.o F:\ÎÒµÄÏîÄ¿\STM32-CMOS\CAMERA¹¤³Ì\EWARM\STM322xG_ #
#                    EVAL\Obj\WMMemDev.o F:\ÎÒµÄÏîÄ¿\STM32-CMOS\CAMERA¹¤³Ì\EW #
#                    ARM\STM322xG_EVAL\Obj\WMTouch.o                          #
#                    F:\ÎÒµÄÏîÄ¿\STM32-CMOS\CAMERA¹¤³Ì\EWARM\STM322xG_EVAL\Ob #
#                    j\WM_AttachWindow.o F:\ÎÒµÄÏîÄ¿\STM32-CMOS\CAMERA¹¤³Ì\EW #
#                    ARM\STM322xG_EVAL\Obj\WM_BringToBottom.o                 #
#                    F:\ÎÒµÄÏîÄ¿\STM32-CMOS\CAMERA¹¤³Ì\EWARM\STM322xG_EVAL\Ob #
#                    j\WM_BringToTop.o F:\ÎÒµÄÏîÄ¿\STM32-CMOS\CAMERA¹¤³Ì\EWAR #
#                    M\STM322xG_EVAL\Obj\WM_Broadcast.o                       #
#                    F:\ÎÒµÄÏîÄ¿\STM32-CMOS\CAMERA¹¤³Ì\EWARM\STM322xG_EVAL\Ob #
#                    j\WM_CheckScrollPos.o F:\ÎÒµÄÏîÄ¿\STM32-CMOS\CAMERA¹¤³Ì\ #
#                    EWARM\STM322xG_EVAL\Obj\WM_CriticalHandle.o              #
#                    F:\ÎÒµÄÏîÄ¿\STM32-CMOS\CAMERA¹¤³Ì\EWARM\STM322xG_EVAL\Ob #
#                    j\WM_DIAG.o F:\ÎÒµÄÏîÄ¿\STM32-CMOS\CAMERA¹¤³Ì\EWARM\STM3 #
#                    22xG_EVAL\Obj\WM_EnableWindow.o                          #
#                    F:\ÎÒµÄÏîÄ¿\STM32-CMOS\CAMERA¹¤³Ì\EWARM\STM322xG_EVAL\Ob #
#                    j\WM_ForEachDesc.o F:\ÎÒµÄÏîÄ¿\STM32-CMOS\CAMERA¹¤³Ì\EWA #
#                    RM\STM322xG_EVAL\Obj\WM_GetBkColor.o                     #
#                    F:\ÎÒµÄÏîÄ¿\STM32-CMOS\CAMERA¹¤³Ì\EWARM\STM322xG_EVAL\Ob #
#                    j\WM_GetClientRect.o F:\ÎÒµÄÏîÄ¿\STM32-CMOS\CAMERA¹¤³Ì\E #
#                    WARM\STM322xG_EVAL\Obj\WM_GetClientWindow.o              #
#                    F:\ÎÒµÄÏîÄ¿\STM32-CMOS\CAMERA¹¤³Ì\EWARM\STM322xG_EVAL\Ob #
#                    j\WM_GetDesktopWindow.o F:\ÎÒµÄÏîÄ¿\STM32-CMOS\CAMERA¹¤³ #
#                    Ì\EWARM\STM322xG_EVAL\Obj\WM_GetDesktopWindowEx.o        #
#                    F:\ÎÒµÄÏîÄ¿\STM32-CMOS\CAMERA¹¤³Ì\EWARM\STM322xG_EVAL\Ob #
#                    j\WM_GetDiagInfo.o F:\ÎÒµÄÏîÄ¿\STM32-CMOS\CAMERA¹¤³Ì\EWA #
#                    RM\STM322xG_EVAL\Obj\WM_GetDialogItem.o                  #
#                    F:\ÎÒµÄÏîÄ¿\STM32-CMOS\CAMERA¹¤³Ì\EWARM\STM322xG_EVAL\Ob #
#                    j\WM_GetFirstChild.o F:\ÎÒµÄÏîÄ¿\STM32-CMOS\CAMERA¹¤³Ì\E #
#                    WARM\STM322xG_EVAL\Obj\WM_GetFlags.o                     #
#                    F:\ÎÒµÄÏîÄ¿\STM32-CMOS\CAMERA¹¤³Ì\EWARM\STM322xG_EVAL\Ob #
#                    j\WM_GetFocussedWindow.o F:\ÎÒµÄÏîÄ¿\STM32-CMOS\CAMERA¹¤ #
#                    ³Ì\EWARM\STM322xG_EVAL\Obj\WM_GetId.o                    #
#                    F:\ÎÒµÄÏîÄ¿\STM32-CMOS\CAMERA¹¤³Ì\EWARM\STM322xG_EVAL\Ob #
#                    j\WM_GetInsideRect.o F:\ÎÒµÄÏîÄ¿\STM32-CMOS\CAMERA¹¤³Ì\E #
#                    WARM\STM322xG_EVAL\Obj\WM_GetInsideRectExScrollbar.o     #
#                    F:\ÎÒµÄÏîÄ¿\STM32-CMOS\CAMERA¹¤³Ì\EWARM\STM322xG_EVAL\Ob #
#                    j\WM_GetInvalidRect.o F:\ÎÒµÄÏîÄ¿\STM32-CMOS\CAMERA¹¤³Ì\ #
#                    EWARM\STM322xG_EVAL\Obj\WM_GetNextSibling.o              #
#                    F:\ÎÒµÄÏîÄ¿\STM32-CMOS\CAMERA¹¤³Ì\EWARM\STM322xG_EVAL\Ob #
#                    j\WM_GetOrg.o F:\ÎÒµÄÏîÄ¿\STM32-CMOS\CAMERA¹¤³Ì\EWARM\ST #
#                    M322xG_EVAL\Obj\WM_GetParent.o                           #
#                    F:\ÎÒµÄÏîÄ¿\STM32-CMOS\CAMERA¹¤³Ì\EWARM\STM322xG_EVAL\Ob #
#                    j\WM_GetPrevSibling.o F:\ÎÒµÄÏîÄ¿\STM32-CMOS\CAMERA¹¤³Ì\ #
#                    EWARM\STM322xG_EVAL\Obj\WM_GetScrollPartner.o            #
#                    F:\ÎÒµÄÏîÄ¿\STM32-CMOS\CAMERA¹¤³Ì\EWARM\STM322xG_EVAL\Ob #
#                    j\WM_GetScrollState.o F:\ÎÒµÄÏîÄ¿\STM32-CMOS\CAMERA¹¤³Ì\ #
#                    EWARM\STM322xG_EVAL\Obj\WM_GetScrollbar.o                #
#                    F:\ÎÒµÄÏîÄ¿\STM32-CMOS\CAMERA¹¤³Ì\EWARM\STM322xG_EVAL\Ob #
#                    j\WM_GetWindowRect.o F:\ÎÒµÄÏîÄ¿\STM32-CMOS\CAMERA¹¤³Ì\E #
#                    WARM\STM322xG_EVAL\Obj\WM_GetWindowSize.o                #
#                    F:\ÎÒµÄÏîÄ¿\STM32-CMOS\CAMERA¹¤³Ì\EWARM\STM322xG_EVAL\Ob #
#                    j\WM_HasCaptured.o F:\ÎÒµÄÏîÄ¿\STM32-CMOS\CAMERA¹¤³Ì\EWA #
#                    RM\STM322xG_EVAL\Obj\WM_HasFocus.o                       #
#                    F:\ÎÒµÄÏîÄ¿\STM32-CMOS\CAMERA¹¤³Ì\EWARM\STM322xG_EVAL\Ob #
#                    j\WM_Hide.o F:\ÎÒµÄÏîÄ¿\STM32-CMOS\CAMERA¹¤³Ì\EWARM\STM3 #
#                    22xG_EVAL\Obj\WM_IsCompletelyVisible.o                   #
#                    F:\ÎÒµÄÏîÄ¿\STM32-CMOS\CAMERA¹¤³Ì\EWARM\STM322xG_EVAL\Ob #
#                    j\WM_IsEnabled.o F:\ÎÒµÄÏîÄ¿\STM32-CMOS\CAMERA¹¤³Ì\EWARM #
#                    \STM322xG_EVAL\Obj\WM_IsFocussable.o                     #
#                    F:\ÎÒµÄÏîÄ¿\STM32-CMOS\CAMERA¹¤³Ì\EWARM\STM322xG_EVAL\Ob #
#                    j\WM_IsVisible.o F:\ÎÒµÄÏîÄ¿\STM32-CMOS\CAMERA¹¤³Ì\EWARM #
#                    \STM322xG_EVAL\Obj\WM_IsWindow.o                         #
#                    F:\ÎÒµÄÏîÄ¿\STM32-CMOS\CAMERA¹¤³Ì\EWARM\STM322xG_EVAL\Ob #
#                    j\WM_MakeModal.o F:\ÎÒµÄÏîÄ¿\STM32-CMOS\CAMERA¹¤³Ì\EWARM #
#                    \STM322xG_EVAL\Obj\WM_Move.o                             #
#                    F:\ÎÒµÄÏîÄ¿\STM32-CMOS\CAMERA¹¤³Ì\EWARM\STM322xG_EVAL\Ob #
#                    j\WM_MoveChildTo.o F:\ÎÒµÄÏîÄ¿\STM32-CMOS\CAMERA¹¤³Ì\EWA #
#                    RM\STM322xG_EVAL\Obj\WM_NotifyParent.o                   #
#                    F:\ÎÒµÄÏîÄ¿\STM32-CMOS\CAMERA¹¤³Ì\EWARM\STM322xG_EVAL\Ob #
#                    j\WM_OnKey.o F:\ÎÒµÄÏîÄ¿\STM32-CMOS\CAMERA¹¤³Ì\EWARM\STM #
#                    322xG_EVAL\Obj\WM_PID__GetPrevState.o                    #
#                    F:\ÎÒµÄÏîÄ¿\STM32-CMOS\CAMERA¹¤³Ì\EWARM\STM322xG_EVAL\Ob #
#                    j\WM_Paint.o F:\ÎÒµÄÏîÄ¿\STM32-CMOS\CAMERA¹¤³Ì\EWARM\STM #
#                    322xG_EVAL\Obj\WM_ResizeWindow.o                         #
#                    F:\ÎÒµÄÏîÄ¿\STM32-CMOS\CAMERA¹¤³Ì\EWARM\STM322xG_EVAL\Ob #
#                    j\WM_Screen2Win.o F:\ÎÒµÄÏîÄ¿\STM32-CMOS\CAMERA¹¤³Ì\EWAR #
#                    M\STM322xG_EVAL\Obj\WM_SendMessageNoPara.o               #
#                    F:\ÎÒµÄÏîÄ¿\STM32-CMOS\CAMERA¹¤³Ì\EWARM\STM322xG_EVAL\Ob #
#                    j\WM_SendToParent.o F:\ÎÒµÄÏîÄ¿\STM32-CMOS\CAMERA¹¤³Ì\EW #
#                    ARM\STM322xG_EVAL\Obj\WM_SetAnchor.o                     #
#                    F:\ÎÒµÄÏîÄ¿\STM32-CMOS\CAMERA¹¤³Ì\EWARM\STM322xG_EVAL\Ob #
#                    j\WM_SetCallback.o F:\ÎÒµÄÏîÄ¿\STM32-CMOS\CAMERA¹¤³Ì\EWA #
#                    RM\STM322xG_EVAL\Obj\WM_SetCapture.o                     #
#                    F:\ÎÒµÄÏîÄ¿\STM32-CMOS\CAMERA¹¤³Ì\EWARM\STM322xG_EVAL\Ob #
#                    j\WM_SetCaptureMove.o F:\ÎÒµÄÏîÄ¿\STM32-CMOS\CAMERA¹¤³Ì\ #
#                    EWARM\STM322xG_EVAL\Obj\WM_SetCreateFlags.o              #
#                    F:\ÎÒµÄÏîÄ¿\STM32-CMOS\CAMERA¹¤³Ì\EWARM\STM322xG_EVAL\Ob #
#                    j\WM_SetDesktopColor.o F:\ÎÒµÄÏîÄ¿\STM32-CMOS\CAMERA¹¤³Ì #
#                    \EWARM\STM322xG_EVAL\Obj\WM_SetFocus.o                   #
#                    F:\ÎÒµÄÏîÄ¿\STM32-CMOS\CAMERA¹¤³Ì\EWARM\STM322xG_EVAL\Ob #
#                    j\WM_SetFocusOnNextChild.o F:\ÎÒµÄÏîÄ¿\STM32-CMOS\CAMERA #
#                    ¹¤³Ì\EWARM\STM322xG_EVAL\Obj\WM_SetFocusOnPrevChild.o    #
#                    F:\ÎÒµÄÏîÄ¿\STM32-CMOS\CAMERA¹¤³Ì\EWARM\STM322xG_EVAL\Ob #
#                    j\WM_SetId.o F:\ÎÒµÄÏîÄ¿\STM32-CMOS\CAMERA¹¤³Ì\EWARM\STM #
#                    322xG_EVAL\Obj\WM_SetScrollState.o                       #
#                    F:\ÎÒµÄÏîÄ¿\STM32-CMOS\CAMERA¹¤³Ì\EWARM\STM322xG_EVAL\Ob #
#                    j\WM_SetScrollbar.o F:\ÎÒµÄÏîÄ¿\STM32-CMOS\CAMERA¹¤³Ì\EW #
#                    ARM\STM322xG_EVAL\Obj\WM_SetSize.o                       #
#                    F:\ÎÒµÄÏîÄ¿\STM32-CMOS\CAMERA¹¤³Ì\EWARM\STM322xG_EVAL\Ob #
#                    j\WM_SetTrans.o F:\ÎÒµÄÏîÄ¿\STM32-CMOS\CAMERA¹¤³Ì\EWARM\ #
#                    STM322xG_EVAL\Obj\WM_SetTransState.o                     #
#                    F:\ÎÒµÄÏîÄ¿\STM32-CMOS\CAMERA¹¤³Ì\EWARM\STM322xG_EVAL\Ob #
#                    j\WM_SetUserClipRect.o F:\ÎÒµÄÏîÄ¿\STM32-CMOS\CAMERA¹¤³Ì #
#                    \EWARM\STM322xG_EVAL\Obj\WM_SetXSize.o                   #
#                    F:\ÎÒµÄÏîÄ¿\STM32-CMOS\CAMERA¹¤³Ì\EWARM\STM322xG_EVAL\Ob #
#                    j\WM_SetYSize.o F:\ÎÒµÄÏîÄ¿\STM32-CMOS\CAMERA¹¤³Ì\EWARM\ #
#                    STM322xG_EVAL\Obj\WM_SetpfPollPID.o                      #
#                    F:\ÎÒµÄÏîÄ¿\STM32-CMOS\CAMERA¹¤³Ì\EWARM\STM322xG_EVAL\Ob #
#                    j\WM_Show.o F:\ÎÒµÄÏîÄ¿\STM32-CMOS\CAMERA¹¤³Ì\EWARM\STM3 #
#                    22xG_EVAL\Obj\WM_StayOnTop.o                             #
#                    F:\ÎÒµÄÏîÄ¿\STM32-CMOS\CAMERA¹¤³Ì\EWARM\STM322xG_EVAL\Ob #
#                    j\WM_Timer.o F:\ÎÒµÄÏîÄ¿\STM32-CMOS\CAMERA¹¤³Ì\EWARM\STM #
#                    322xG_EVAL\Obj\WM_TimerExternal.o                        #
#                    F:\ÎÒµÄÏîÄ¿\STM32-CMOS\CAMERA¹¤³Ì\EWARM\STM322xG_EVAL\Ob #
#                    j\WM_UserData.o F:\ÎÒµÄÏîÄ¿\STM32-CMOS\CAMERA¹¤³Ì\EWARM\ #
#                    STM322xG_EVAL\Obj\WM_Validate.o                          #
#                    F:\ÎÒµÄÏîÄ¿\STM32-CMOS\CAMERA¹¤³Ì\EWARM\STM322xG_EVAL\Ob #
#                    j\WM_ValidateWindow.o F:\ÎÒµÄÏîÄ¿\STM32-CMOS\CAMERA¹¤³Ì\ #
#                    EWARM\STM322xG_EVAL\Obj\WM__ForEachDesc.o                #
#                    F:\ÎÒµÄÏîÄ¿\STM32-CMOS\CAMERA¹¤³Ì\EWARM\STM322xG_EVAL\Ob #
#                    j\WM__GetFirstSibling.o F:\ÎÒµÄÏîÄ¿\STM32-CMOS\CAMERA¹¤³ #
#                    Ì\EWARM\STM322xG_EVAL\Obj\WM__GetFocussedChild.o         #
#                    F:\ÎÒµÄÏîÄ¿\STM32-CMOS\CAMERA¹¤³Ì\EWARM\STM322xG_EVAL\Ob #
#                    j\WM__GetLastSibling.o F:\ÎÒµÄÏîÄ¿\STM32-CMOS\CAMERA¹¤³Ì #
#                    \EWARM\STM322xG_EVAL\Obj\WM__GetOrg_AA.o                 #
#                    F:\ÎÒµÄÏîÄ¿\STM32-CMOS\CAMERA¹¤³Ì\EWARM\STM322xG_EVAL\Ob #
#                    j\WM__GetPrevSibling.o F:\ÎÒµÄÏîÄ¿\STM32-CMOS\CAMERA¹¤³Ì #
#                    \EWARM\STM322xG_EVAL\Obj\WM__IsAncestor.o                #
#                    F:\ÎÒµÄÏîÄ¿\STM32-CMOS\CAMERA¹¤³Ì\EWARM\STM322xG_EVAL\Ob #
#                    j\WM__IsChild.o F:\ÎÒµÄÏîÄ¿\STM32-CMOS\CAMERA¹¤³Ì\EWARM\ #
#                    STM322xG_EVAL\Obj\WM__IsEnabled.o                        #
#                    F:\ÎÒµÄÏîÄ¿\STM32-CMOS\CAMERA¹¤³Ì\EWARM\STM322xG_EVAL\Ob #
#                    j\WM__NotifyVisChanged.o F:\ÎÒµÄÏîÄ¿\STM32-CMOS\CAMERA¹¤ #
#                    ³Ì\EWARM\STM322xG_EVAL\Obj\WM__Screen2Client.o           #
#                    F:\ÎÒµÄÏîÄ¿\STM32-CMOS\CAMERA¹¤³Ì\EWARM\STM322xG_EVAL\Ob #
#                    j\WM__SendMessage.o F:\ÎÒµÄÏîÄ¿\STM32-CMOS\CAMERA¹¤³Ì\EW #
#                    ARM\STM322xG_EVAL\Obj\WM__SendMessageIfEnabled.o         #
#                    F:\ÎÒµÄÏîÄ¿\STM32-CMOS\CAMERA¹¤³Ì\EWARM\STM322xG_EVAL\Ob #
#                    j\WM__SendMessageNoPara.o F:\ÎÒµÄÏîÄ¿\STM32-CMOS\CAMERA¹ #
#                    ¤³Ì\EWARM\STM322xG_EVAL\Obj\WM__UpdateChildPositions.o   #
#                    F:\ÎÒµÄÏîÄ¿\STM32-CMOS\CAMERA¹¤³Ì\EWARM\STM322xG_EVAL\Ob #
#                    j\core_cm3.o F:\ÎÒµÄÏîÄ¿\STM32-CMOS\CAMERA¹¤³Ì\EWARM\STM #
#                    322xG_EVAL\Obj\dcmi_OV7670.o                             #
#                    F:\ÎÒµÄÏîÄ¿\STM32-CMOS\CAMERA¹¤³Ì\EWARM\STM322xG_EVAL\Ob #
#                    j\dcmi_ov9655.o F:\ÎÒµÄÏîÄ¿\STM32-CMOS\CAMERA¹¤³Ì\EWARM\ #
#                    STM322xG_EVAL\Obj\jcomapi.o                              #
#                    F:\ÎÒµÄÏîÄ¿\STM32-CMOS\CAMERA¹¤³Ì\EWARM\STM322xG_EVAL\Ob #
#                    j\jdapimin.o F:\ÎÒµÄÏîÄ¿\STM32-CMOS\CAMERA¹¤³Ì\EWARM\STM #
#                    322xG_EVAL\Obj\jdapistd.o F:\ÎÒµÄÏîÄ¿\STM32-CMOS\CAMERA¹ #
#                    ¤³Ì\EWARM\STM322xG_EVAL\Obj\jdcoefct.o                   #
#                    F:\ÎÒµÄÏîÄ¿\STM32-CMOS\CAMERA¹¤³Ì\EWARM\STM322xG_EVAL\Ob #
#                    j\jdcolor.o F:\ÎÒµÄÏîÄ¿\STM32-CMOS\CAMERA¹¤³Ì\EWARM\STM3 #
#                    22xG_EVAL\Obj\jddctmgr.o F:\ÎÒµÄÏîÄ¿\STM32-CMOS\CAMERA¹¤ #
#                    ³Ì\EWARM\STM322xG_EVAL\Obj\jdhuff.o                      #
#                    F:\ÎÒµÄÏîÄ¿\STM32-CMOS\CAMERA¹¤³Ì\EWARM\STM322xG_EVAL\Ob #
#                    j\jdinput.o F:\ÎÒµÄÏîÄ¿\STM32-CMOS\CAMERA¹¤³Ì\EWARM\STM3 #
#                    22xG_EVAL\Obj\jdmainct.o F:\ÎÒµÄÏîÄ¿\STM32-CMOS\CAMERA¹¤ #
#                    ³Ì\EWARM\STM322xG_EVAL\Obj\jdmarker.o                    #
#                    F:\ÎÒµÄÏîÄ¿\STM32-CMOS\CAMERA¹¤³Ì\EWARM\STM322xG_EVAL\Ob #
#                    j\jdmaster.o F:\ÎÒµÄÏîÄ¿\STM32-CMOS\CAMERA¹¤³Ì\EWARM\STM #
#                    322xG_EVAL\Obj\jdmerge.o F:\ÎÒµÄÏîÄ¿\STM32-CMOS\CAMERA¹¤ #
#                    ³Ì\EWARM\STM322xG_EVAL\Obj\jdphuff.o                     #
#                    F:\ÎÒµÄÏîÄ¿\STM32-CMOS\CAMERA¹¤³Ì\EWARM\STM322xG_EVAL\Ob #
#                    j\jdpostct.o F:\ÎÒµÄÏîÄ¿\STM32-CMOS\CAMERA¹¤³Ì\EWARM\STM #
#                    322xG_EVAL\Obj\jdsample.o F:\ÎÒµÄÏîÄ¿\STM32-CMOS\CAMERA¹ #
#                    ¤³Ì\EWARM\STM322xG_EVAL\Obj\jdtrans.o                    #
#                    F:\ÎÒµÄÏîÄ¿\STM32-CMOS\CAMERA¹¤³Ì\EWARM\STM322xG_EVAL\Ob #
#                    j\jerror.o F:\ÎÒµÄÏîÄ¿\STM32-CMOS\CAMERA¹¤³Ì\EWARM\STM32 #
#                    2xG_EVAL\Obj\jfdctflt.o F:\ÎÒµÄÏîÄ¿\STM32-CMOS\CAMERA¹¤³ #
#                    Ì\EWARM\STM322xG_EVAL\Obj\jfdctfst.o                     #
#                    F:\ÎÒµÄÏîÄ¿\STM32-CMOS\CAMERA¹¤³Ì\EWARM\STM322xG_EVAL\Ob #
#                    j\jfdctint.o F:\ÎÒµÄÏîÄ¿\STM32-CMOS\CAMERA¹¤³Ì\EWARM\STM #
#                    322xG_EVAL\Obj\jidctflt.o F:\ÎÒµÄÏîÄ¿\STM32-CMOS\CAMERA¹ #
#                    ¤³Ì\EWARM\STM322xG_EVAL\Obj\jidctfst.o                   #
#                    F:\ÎÒµÄÏîÄ¿\STM32-CMOS\CAMERA¹¤³Ì\EWARM\STM322xG_EVAL\Ob #
#                    j\jidctint.o F:\ÎÒµÄÏîÄ¿\STM32-CMOS\CAMERA¹¤³Ì\EWARM\STM #
#                    322xG_EVAL\Obj\jidctred.o F:\ÎÒµÄÏîÄ¿\STM32-CMOS\CAMERA¹ #
#                    ¤³Ì\EWARM\STM322xG_EVAL\Obj\jmemmgr.o                    #
#                    F:\ÎÒµÄÏîÄ¿\STM32-CMOS\CAMERA¹¤³Ì\EWARM\STM322xG_EVAL\Ob #
#                    j\jquant1.o F:\ÎÒµÄÏîÄ¿\STM32-CMOS\CAMERA¹¤³Ì\EWARM\STM3 #
#                    22xG_EVAL\Obj\jquant2.o F:\ÎÒµÄÏîÄ¿\STM32-CMOS\CAMERA¹¤³ #
#                    Ì\EWARM\STM322xG_EVAL\Obj\jutils.o                       #
#                    F:\ÎÒµÄÏîÄ¿\STM32-CMOS\CAMERA¹¤³Ì\EWARM\STM322xG_EVAL\Ob #
#                    j\main.o F:\ÎÒµÄÏîÄ¿\STM32-CMOS\CAMERA¹¤³Ì\EWARM\STM322x #
#                    G_EVAL\Obj\misc.o F:\ÎÒµÄÏîÄ¿\STM32-CMOS\CAMERA¹¤³Ì\EWAR #
#                    M\STM322xG_EVAL\Obj\startup_stm32f2xx.o                  #
#                    F:\ÎÒµÄÏîÄ¿\STM32-CMOS\CAMERA¹¤³Ì\EWARM\STM322xG_EVAL\Ob #
#                    j\stm322xg_eval_fsmc_sram.o                              #
#                    F:\ÎÒµÄÏîÄ¿\STM32-CMOS\CAMERA¹¤³Ì\EWARM\STM322xG_EVAL\Ob #
#                    j\stm322xg_eval_ioe.o F:\ÎÒµÄÏîÄ¿\STM32-CMOS\CAMERA¹¤³Ì\ #
#                    EWARM\STM322xG_EVAL\Obj\stm322xg_eval_lcd.o              #
#                    F:\ÎÒµÄÏîÄ¿\STM32-CMOS\CAMERA¹¤³Ì\EWARM\STM322xG_EVAL\Ob #
#                    j\stm32_eval.o F:\ÎÒµÄÏîÄ¿\STM32-CMOS\CAMERA¹¤³Ì\EWARM\S #
#                    TM322xG_EVAL\Obj\stm32f2xx_adc.o                         #
#                    F:\ÎÒµÄÏîÄ¿\STM32-CMOS\CAMERA¹¤³Ì\EWARM\STM322xG_EVAL\Ob #
#                    j\stm32f2xx_can.o F:\ÎÒµÄÏîÄ¿\STM32-CMOS\CAMERA¹¤³Ì\EWAR #
#                    M\STM322xG_EVAL\Obj\stm32f2xx_crc.o                      #
#                    F:\ÎÒµÄÏîÄ¿\STM32-CMOS\CAMERA¹¤³Ì\EWARM\STM322xG_EVAL\Ob #
#                    j\stm32f2xx_cryp.o F:\ÎÒµÄÏîÄ¿\STM32-CMOS\CAMERA¹¤³Ì\EWA #
#                    RM\STM322xG_EVAL\Obj\stm32f2xx_cryp_aes.o                #
#                    F:\ÎÒµÄÏîÄ¿\STM32-CMOS\CAMERA¹¤³Ì\EWARM\STM322xG_EVAL\Ob #
#                    j\stm32f2xx_cryp_des.o F:\ÎÒµÄÏîÄ¿\STM32-CMOS\CAMERA¹¤³Ì #
#                    \EWARM\STM322xG_EVAL\Obj\stm32f2xx_cryp_tdes.o           #
#                    F:\ÎÒµÄÏîÄ¿\STM32-CMOS\CAMERA¹¤³Ì\EWARM\STM322xG_EVAL\Ob #
#                    j\stm32f2xx_dac.o F:\ÎÒµÄÏîÄ¿\STM32-CMOS\CAMERA¹¤³Ì\EWAR #
#                    M\STM322xG_EVAL\Obj\stm32f2xx_dbgmcu.o                   #
#                    F:\ÎÒµÄÏîÄ¿\STM32-CMOS\CAMERA¹¤³Ì\EWARM\STM322xG_EVAL\Ob #
#                    j\stm32f2xx_dcmi.o F:\ÎÒµÄÏîÄ¿\STM32-CMOS\CAMERA¹¤³Ì\EWA #
#                    RM\STM322xG_EVAL\Obj\stm32f2xx_dma.o                     #
#                    F:\ÎÒµÄÏîÄ¿\STM32-CMOS\CAMERA¹¤³Ì\EWARM\STM322xG_EVAL\Ob #
#                    j\stm32f2xx_exti.o F:\ÎÒµÄÏîÄ¿\STM32-CMOS\CAMERA¹¤³Ì\EWA #
#                    RM\STM322xG_EVAL\Obj\stm32f2xx_flash.o                   #
#                    F:\ÎÒµÄÏîÄ¿\STM32-CMOS\CAMERA¹¤³Ì\EWARM\STM322xG_EVAL\Ob #
#                    j\stm32f2xx_fsmc.o F:\ÎÒµÄÏîÄ¿\STM32-CMOS\CAMERA¹¤³Ì\EWA #
#                    RM\STM322xG_EVAL\Obj\stm32f2xx_gpio.o                    #
#                    F:\ÎÒµÄÏîÄ¿\STM32-CMOS\CAMERA¹¤³Ì\EWARM\STM322xG_EVAL\Ob #
#                    j\stm32f2xx_hash.o F:\ÎÒµÄÏîÄ¿\STM32-CMOS\CAMERA¹¤³Ì\EWA #
#                    RM\STM322xG_EVAL\Obj\stm32f2xx_hash_md5.o                #
#                    F:\ÎÒµÄÏîÄ¿\STM32-CMOS\CAMERA¹¤³Ì\EWARM\STM322xG_EVAL\Ob #
[...]
    .data            inited   0x20000054     0x4  stm322xg_eval_ioe.o [1]
                            - 0x20000058    0x58

"P2", part 2 of 3:                           0x8
  .bss               zero     0x20000058     0x4  main.o [1]
                            - 0x2000005c     0x4

"P2", part 3 of 3:                         0x400
  CSTACK                      0x20000060   0x400  <Block>
    CSTACK           uninit   0x20000060   0x400  <Block tail>
                            - 0x20000460   0x400


*******************************************************************************
*** INIT TABLE
***

          Address     Size
          -------     ----
Zero (__iar_zero_init3)
    1 destination range, total size 0x4:
          0x20000058   0x4

Copy (__iar_copy_init3)
    1 source range, total size 0x58:
          0x08003b68  0x58
    1 destination range, total size 0x58:
          0x20000000  0x58



*******************************************************************************
*** MODULE SUMMARY
***

    Module               ro code  ro data  rw data
    ------               -------  -------  -------
F:\ÎÒµÄÏîÄ¿\STM32-CMOS\CAMERA¹¤³Ì\EWARM\STM322xG_EVAL\Obj: [1]
    dcmi_ov9655.o          2 300
    main.o                 1 236       24       28
    misc.o                   104
    startup_stm32f2xx.o      764
    stm322xg_eval_ioe.o    1 100        4        4
    stm322xg_eval_lcd.o    2 100    4 576       16
    stm32_eval.o             380       28       28
    stm32f2xx_adc.o          288
    stm32f2xx_dcmi.o         100
    stm32f2xx_dma.o          452
    stm32f2xx_exti.o         140
    stm32f2xx_fsmc.o         216
    stm32f2xx_gpio.o         148
    stm32f2xx_i2c.o          508
    stm32f2xx_it.o            60
    stm32f2xx_rcc.o          272       16       16
    stm32f2xx_syscfg.o        40
    system_stm32f2xx.o       204
    ----------------------------------------------
    Total:                10 412    4 648       92

command line: [2]
    ----------------------------------------------
    Total:

dl7M_tlf.a: [3]
    exit.o                     4
    low_level_init.o           4
    ----------------------------------------------
    Total:                     8

m7M_tl.a: [4]
    ----------------------------------------------
    Total:

rt7M_tl.a: [5]
    bwt_init3c.o
    cexit.o                   10
    cmain.o                   22
    copy_init3.o              46
    cstartup_M.o              12
    data_init3.o              44
    zero_init3.o              34
    ----------------------------------------------
    Total:                   168

shb_l.a: [6]
    exit.o                    20
    ----------------------------------------------
    Total:                    20

    Gaps                       4
    Linker created                     36    1 024
--------------------------------------------------
    Grand Total:          10 612    4 684    1 116


*******************************************************************************
*** ENTRY LIST
***

Entry                      Address    Size  Type      Object
-----                      -------    ----  ----      ------
?main                   0x080039a5          Code  Gb  cmain.o [5]
ADCVal                  0x20000002     0x2  Data  Gb  main.o [1]
ADC_Cmd                 0x080034c5    0x12  Code  Gb  stm32f2xx_adc.o [1]
ADC_CommonInit          0x080034a9    0x1c  Code  Gb  stm32f2xx_adc.o [1]
ADC_Config              0x08001fd7    0x92  Code  Gb  main.o [1]
ADC_GetConversionValue  0x0800355f     0x6  Code  Gb  stm32f2xx_adc.o [1]
ADC_IRQHandler          0x08003a6d          Code  Wk  startup_stm32f2xx.o [1]
ADC_Init                0x08003455    0x40  Code  Gb  stm32f2xx_adc.o [1]
ADC_RegularChannelConfig
                        0x080034d7    0x7e  Code  Gb  stm32f2xx_adc.o [1]
ADC_SoftwareStartConv   0x08003555     0xa  Code  Gb  stm32f2xx_adc.o [1]
ADC_StructInit          0x08003495    0x14  Code  Gb  stm32f2xx_adc.o [1]
APBAHBPrescTable        0x20000038    0x10  Data  Lc  stm32f2xx_rcc.o [1]
ASCII16x24_Table        0x08000184  0x11d0  Data  Gb  stm322xg_eval_lcd.o [1]
BUTTON_CLK              0x0800247c     0xc  Data  Gb  stm32_eval.o [1]
BUTTON_EXTI_LINE        0x08002488     0x8  Data  Gb  stm32_eval.o [1]
BUTTON_IRQn             0x08002498     0x4  Data  Gb  stm32_eval.o [1]
BUTTON_PIN              0x08002474     0x8  Data  Gb  stm32_eval.o [1]
BUTTON_PIN_SOURCE       0x08002494     0x4  Data  Gb  stm32_eval.o [1]
BUTTON_PORT             0x20000048     0xc  Data  Gb  stm32_eval.o [1]
BUTTON_PORT_SOURCE      0x08002490     0x4  Data  Gb  stm32_eval.o [1]
BackColor               0x2000001a     0x2  Data  Lc  stm322xg_eval_lcd.o [1]
BusFault_Handler        0x080038cf     0x2  Code  Gb  stm32f2xx_it.o [1]
CAN1_RX0_IRQHandler     0x08003a75          Code  Wk  startup_stm32f2xx.o [1]
CAN1_RX1_IRQHandler     0x08003a79          Code  Wk  startup_stm32f2xx.o [1]
CAN1_SCE_IRQHandler     0x08003a7d          Code  Wk  startup_stm32f2xx.o [1]
CAN1_TX_IRQHandler      0x08003a71          Code  Wk  startup_stm32f2xx.o [1]
CAN2_RX0_IRQHandler     0x08003b25          Code  Wk  startup_stm32f2xx.o [1]
CAN2_RX1_IRQHandler     0x08003b29          Code  Wk  startup_stm32f2xx.o [1]
CAN2_SCE_IRQHandler     0x08003b2d          Code  Wk  startup_stm32f2xx.o [1]
CAN2_TX_IRQHandler      0x08003b21          Code  Wk  startup_stm32f2xx.o [1]
CRYP_IRQHandler         0x08003b61          Code  Wk  startup_stm32f2xx.o [1]
CSTACK$$Base            0x20000060           --   Gb  - Linker created -
CSTACK$$Limit           0x20000460           --   Gb  - Linker created -
DCMI_CaptureCmd         0x08003435    0x14  Code  Gb  stm32f2xx_dcmi.o [1]
DCMI_Cmd                0x08003421    0x14  Code  Gb  stm32f2xx_dcmi.o [1]
DCMI_Config             0x08001e7d   0x13a  Code  Gb  main.o [1]
DCMI_IRQHandler         0x08003b5d          Code  Wk  startup_stm32f2xx.o [1]
DCMI_Init               0x080033f1    0x30  Code  Gb  stm32f2xx_dcmi.o [1]
DCMI_OV9655Config       0x08001db5    0x34  Code  Gb  main.o [1]
DCMI_OV9655_QVGASizeSetup
                        0x08001355   0x682  Code  Gb  dcmi_ov9655.o [1]
DCMI_OV9655_ReadID      0x08001a91    0x26  Code  Gb  dcmi_ov9655.o [1]
DCMI_SingleRandomRead   0x08001b55    0xda  Code  Gb  dcmi_ov9655.o [1]
DCMI_SingleRandomWrite  0x08001abb    0x92  Code  Gb  dcmi_ov9655.o [1]
DMA1_Stream0_IRQHandler
                        0x08003a51          Code  Wk  startup_stm32f2xx.o [1]
DMA1_Stream1_IRQHandler
                        0x08003a55          Code  Wk  startup_stm32f2xx.o [1]
DMA1_Stream2_IRQHandler
                        0x08003a59          Code  Wk  startup_stm32f2xx.o [1]
DMA1_Stream3_IRQHandler
                        0x08003a5d          Code  Wk  startup_stm32f2xx.o [1]
DMA1_Stream4_IRQHandler
                        0x08003a61          Code  Wk  startup_stm32f2xx.o [1]
DMA1_Stream5_IRQHandler
                        0x08003a65          Code  Wk  startup_stm32f2xx.o [1]
DMA1_Stream6_IRQHandler
                        0x08003a69          Code  Wk  startup_stm32f2xx.o [1]
DMA1_Stream7_IRQHandler
                        0x08003ae1          Code  Wk  startup_stm32f2xx.o [1]
DMA2_Stream0_IRQHandler
                        0x08003b05          Code  Wk  startup_stm32f2xx.o [1]
DMA2_Stream1_IRQHandler
                        0x08003b09          Code  Wk  startup_stm32f2xx.o [1]
DMA2_Stream2_IRQHandler
                        0x08003b0d          Code  Wk  startup_stm32f2xx.o [1]
DMA2_Stream3_IRQHandler
                        0x08003b11          Code  Wk  startup_stm32f2xx.o [1]
DMA2_Stream4_IRQHandler
                        0x08003b15          Code  Wk  startup_stm32f2xx.o [1]
DMA2_Stream5_IRQHandler
                        0x08003b35          Code  Wk  startup_stm32f2xx.o [1]
DMA2_Stream6_IRQHandler
                        0x08003b39          Code  Wk  startup_stm32f2xx.o [1]
DMA2_Stream7_IRQHandler
                        0x08003b3d          Code  Wk  startup_stm32f2xx.o [1]
DMA_ClearFlag           0x08003371    0x1a  Code  Gb  stm32f2xx_dma.o [1]
DMA_Cmd                 0x0800333d    0x12  Code  Gb  stm32f2xx_dma.o [1]
DMA_DeInit              0x0800322d    0xc0  Code  Gb  stm32f2xx_dma.o [1]
DMA_GetFlagStatus       0x0800334f    0x22  Code  Gb  stm32f2xx_dma.o [1]
DMA_Init                0x080032ed    0x50  Code  Gb  stm32f2xx_dma.o [1]
DebugMon_Handler        0x080038d5     0x2  Code  Gb  stm32f2xx_it.o [1]
Delay                   0x08002069     0xc  Code  Gb  main.o [1]
ETH_IRQHandler          0x08003b19          Code  Wk  startup_stm32f2xx.o [1]
ETH_WKUP_IRQHandler     0x08003b1d          Code  Wk  startup_stm32f2xx.o [1]
EXTI0_IRQHandler        0x08003a3d          Code  Wk  startup_stm32f2xx.o [1]
EXTI15_10_IRQHandler    0x080038dd    0x22  Code  Gb  stm32f2xx_it.o [1]
EXTI1_IRQHandler        0x08003a41          Code  Wk  startup_stm32f2xx.o [1]
EXTI2_IRQHandler        0x08003a45          Code  Wk  startup_stm32f2xx.o [1]
EXTI3_IRQHandler        0x08003a49          Code  Wk  startup_stm32f2xx.o [1]
EXTI4_IRQHandler        0x08003a4d          Code  Wk  startup_stm32f2xx.o [1]
EXTI9_5_IRQHandler      0x08003a81          Code  Wk  startup_stm32f2xx.o [1]
EXTI_ClearITPendingBit  0x080036ab     0x2  Code  Gb  stm32f2xx_exti.o [1]
EXTI_GetITStatus        0x08003695    0x16  Code  Gb  stm32f2xx_exti.o [1]
EXTI_Init               0x08003631    0x64  Code  Gb  stm32f2xx_exti.o [1]
FLASH_IRQHandler        0x08003a35          Code  Wk  startup_stm32f2xx.o [1]
FSMC_IRQHandler         0x08003ae5          Code  Wk  startup_stm32f2xx.o [1]
FSMC_NORSRAMCmd         0x080037db    0x14  Code  Gb  stm32f2xx_fsmc.o [1]
FSMC_NORSRAMInit        0x08003725    0xb6  Code  Gb  stm32f2xx_fsmc.o [1]
Font16x24               0x20000020     0x8  Data  Gb  stm322xg_eval_lcd.o [1]
GPIO_CLK                0x08002464    0x10  Data  Gb  stm32_eval.o [1]
GPIO_Init               0x08003575    0x70  Code  Gb  stm32f2xx_gpio.o [1]
GPIO_PIN                0x0800245c     0x8  Data  Gb  stm32_eval.o [1]
GPIO_PORT               0x20000028    0x10  Data  Gb  stm32_eval.o [1]
GPIO_PinAFConfig        0x080035e5    0x24  Code  Gb  stm32f2xx_gpio.o [1]
HASH_RNG_IRQHandler     0x08003b65          Code  Wk  startup_stm32f2xx.o [1]
HardFault_Handler       0x080038cb     0x2  Code  Gb  stm32f2xx_it.o [1]
I2C1_Config             0x08001df1    0x8c  Code  Gb  main.o [1]
I2C1_ER_IRQHandler      0x08003aa5          Code  Wk  startup_stm32f2xx.o [1]
I2C1_EV_IRQHandler      0x08003aa1          Code  Wk  startup_stm32f2xx.o [1]
I2C2_ER_IRQHandler      0x08003aad          Code  Wk  startup_stm32f2xx.o [1]
I2C2_EV_IRQHandler      0x08003aa9          Code  Wk  startup_stm32f2xx.o [1]
I2C3_ER_IRQHandler      0x08003b49          Code  Wk  startup_stm32f2xx.o [1]
I2C3_EV_IRQHandler      0x08003b45          Code  Wk  startup_stm32f2xx.o [1]
I2C_AcknowledgeConfig   0x0800228d    0x14  Code  Gb  stm32f2xx_i2c.o [1]
I2C_CheckEvent          0x080022d3    0x1a  Code  Gb  stm32f2xx_i2c.o [1]
I2C_Cmd                 0x0800223d    0x14  Code  Gb  stm32f2xx_i2c.o [1]
I2C_DMACmd              0x080022ab    0x14  Code  Gb  stm32f2xx_i2c.o [1]
I2C_DMALastTransferCmd  0x080022bf    0x14  Code  Gb  stm32f2xx_i2c.o [1]
I2C_DeInit              0x08002125    0x52  Code  Gb  stm32f2xx_i2c.o [1]
I2C_GenerateSTART       0x08002251    0x16  Code  Gb  stm32f2xx_i2c.o [1]
I2C_GenerateSTOP        0x08002267    0x16  Code  Gb  stm32f2xx_i2c.o [1]
I2C_GetFlagStatus       0x080022ed    0x34  Code  Gb  stm32f2xx_i2c.o [1]
I2C_Init                0x08002177    0xb0  Code  Gb  stm32f2xx_i2c.o [1]
I2C_ReadDeviceRegister  0x080026df    0xda  Code  Gb  stm322xg_eval_ioe.o [1]
I2C_ReceiveData         0x080022a5     0x6  Code  Gb  stm32f2xx_i2c.o [1]
I2C_Send7bitAddress     0x0800227d    0x10  Code  Gb  stm32f2xx_i2c.o [1]
I2C_SendData            0x080022a1     0x4  Code  Gb  stm32f2xx_i2c.o [1]
I2C_WriteDeviceRegister
                        0x080025e1    0xf6  Code  Gb  stm322xg_eval_ioe.o [1]
IOE_Config              0x0800249d    0xe0  Code  Gb  stm322xg_eval_ioe.o [1]
IOE_DMA_Config          0x08002839    0x6a  Code  Lc  stm322xg_eval_ioe.o [1]
IOE_IOPinConfig         0x080025b5    0x1a  Code  Gb  stm322xg_eval_ioe.o [1]
IOE_TimeOut             0x20000054     0x4  Data  Gb  stm322xg_eval_ioe.o [1]
IOE_WriteIOPin          0x08002585    0x28  Code  Gb  stm322xg_eval_ioe.o [1]
LCD_Clear               0x08002f2d    0x22  Code  Gb  stm322xg_eval_lcd.o [1]
LCD_CtrlLinesConfig     0x08003099    0xae  Code  Gb  stm322xg_eval_lcd.o [1]
LCD_Currentfonts        0x2000001c     0x4  Data  Lc  stm322xg_eval_lcd.o [1]
LCD_DisplayChar         0x08002fd7    0x1c  Code  Gb  stm322xg_eval_lcd.o [1]
LCD_DisplayStringLine   0x08002ff3    0x36  Code  Gb  stm322xg_eval_lcd.o [1]
LCD_DrawChar            0x08002f5d    0x7a  Code  Gb  stm322xg_eval_lcd.o [1]
LCD_FSMCConfig          0x08003193    0x62  Code  Gb  stm322xg_eval_lcd.o [1]
LCD_GetFont             0x08002f25     0x8  Code  Gb  stm322xg_eval_lcd.o [1]
LCD_SetCursor           0x08002f4f     0xe  Code  Gb  stm322xg_eval_lcd.o [1]
LCD_SetDisplayWindow    0x08003029    0x44  Code  Gb  stm322xg_eval_lcd.o [1]
LCD_SetTextColor        0x08002f15    0x10  Code  Gb  stm322xg_eval_lcd.o [1]
LCD_WriteRAM_Prepare    0x08003073     0xa  Code  Gb  stm322xg_eval_lcd.o [1]
MemManage_Handler       0x080038cd     0x2  Code  Gb  stm32f2xx_it.o [1]
NMI_Handler             0x080038c9     0x2  Code  Gb  stm32f2xx_it.o [1]
NVIC_Init               0x080036bd    0x58  Code  Gb  misc.o [1]
OTG_FS_IRQHandler       0x08003b31          Code  Wk  startup_stm32f2xx.o [1]
OTG_FS_WKUP_IRQHandler  0x08003acd          Code  Wk  startup_stm32f2xx.o [1]
OTG_HS_EP1_IN_IRQHandler
                        0x08003b51          Code  Wk  startup_stm32f2xx.o [1]
OTG_HS_EP1_OUT_IRQHandler
                        0x08003b4d          Code  Wk  startup_stm32f2xx.o [1]
OTG_HS_IRQHandler       0x08003b59          Code  Wk  startup_stm32f2xx.o [1]
OTG_HS_WKUP_IRQHandler  0x08003b55          Code  Wk  startup_stm32f2xx.o [1]
OV9655PCLKOutput        0x20000001     0x1  Data  Gb  main.o [1]
PVD_IRQHandler          0x08003a29          Code  Wk  startup_stm32f2xx.o [1]
PendSV_Handler          0x080038d7     0x2  Code  Gb  stm32f2xx_it.o [1]
RCC_AHB1PeriphClockCmd  0x08002965    0x12  Code  Gb  stm32f2xx_rcc.o [1]
RCC_AHB2PeriphClockCmd  0x08002977    0x12  Code  Gb  stm32f2xx_rcc.o [1]
RCC_AHB3PeriphClockCmd  0x08002989    0x12  Code  Gb  stm32f2xx_rcc.o [1]
RCC_APB1PeriphClockCmd  0x0800299b    0x12  Code  Gb  stm32f2xx_rcc.o [1]
RCC_APB1PeriphResetCmd  0x080029bf    0x12  Code  Gb  stm32f2xx_rcc.o [1]
RCC_APB2PeriphClockCmd  0x080029ad    0x12  Code  Gb  stm32f2xx_rcc.o [1]
RCC_Clocks              0x20000004    0x10  Data  Gb  main.o [1]
RCC_GetClocksFreq       0x080028e9    0x7c  Code  Gb  stm32f2xx_rcc.o [1]
RCC_IRQHandler          0x08003a39          Code  Wk  startup_stm32f2xx.o [1]
RTC_Alarm_IRQHandler    0x08003ac9          Code  Wk  startup_stm32f2xx.o [1]
RTC_WKUP_IRQHandler     0x08003a31          Code  Wk  startup_stm32f2xx.o [1]
Region$$Table$$Base     0x08003980           --   Gb  - Linker created -
Region$$Table$$Limit    0x080039a4           --   Gb  - Linker created -
Reset_Handler           0x080039e5          Code  Wk  startup_stm32f2xx.o [1]
SDIO_IRQHandler         0x08003ae9          Code  Wk  startup_stm32f2xx.o [1]
SPI1_IRQHandler         0x08003ab1          Code  Wk  startup_stm32f2xx.o [1]
SPI2_IRQHandler         0x08003ab5          Code  Wk  startup_stm32f2xx.o [1]
SPI3_IRQHandler         0x08003af1          Code  Wk  startup_stm32f2xx.o [1]
STM322xG_LCD_Init       0x080029f9   0x486  Code  Gb  stm322xg_eval_lcd.o [1]
STM_EVAL_LEDInit        0x08002321    0x3a  Code  Gb  stm32_eval.o [1]
STM_EVAL_LEDOff         0x0800236f    0x14  Code  Gb  stm32_eval.o [1]
STM_EVAL_LEDOn          0x0800235b    0x14  Code  Gb  stm32_eval.o [1]
STM_EVAL_LEDToggle      0x08002383    0x18  Code  Gb  stm32_eval.o [1]
STM_EVAL_PBInit         0x0800239b    0x9e  Code  Gb  stm32_eval.o [1]
SVC_Handler             0x080038d3     0x2  Code  Gb  stm32f2xx_it.o [1]
SYSCFG_EXTILineConfig   0x08003609    0x22  Code  Gb  stm32f2xx_syscfg.o [1]
SysTick_Handler         0x080038d9     0x4  Code  Gb  stm32f2xx_it.o [1]
SystemInit              0x080037fd    0xb2  Code  Gb  system_stm32f2xx.o [1]
TAMP_STAMP_IRQHandler   0x08003a2d          Code  Wk  startup_stm32f2xx.o [1]
TIM1_BRK_TIM9_IRQHandler
                        0x08003a85          Code  Wk  startup_stm32f2xx.o [1]
TIM1_CC_IRQHandler      0x08003a91          Code  Wk  startup_stm32f2xx.o [1]
TIM1_TRG_COM_TIM11_IRQHandler
                        0x08003a8d          Code  Wk  startup_stm32f2xx.o [1]
TIM1_UP_TIM10_IRQHandler
                        0x08003a89          Code  Wk  startup_stm32f2xx.o [1]
TIM2_IRQHandler         0x08003a95          Code  Wk  startup_stm32f2xx.o [1]
TIM3_IRQHandler         0x08003a99          Code  Wk  startup_stm32f2xx.o [1]
TIM4_IRQHandler         0x08003a9d          Code  Wk  startup_stm32f2xx.o [1]
TIM5_IRQHandler         0x08003aed          Code  Wk  startup_stm32f2xx.o [1]
TIM6_DAC_IRQHandler     0x08003afd          Code  Wk  startup_stm32f2xx.o [1]
TIM7_IRQHandler         0x08003b01          Code  Wk  startup_stm32f2xx.o [1]
TIM8_BRK_TIM12_IRQHandler
                        0x08003ad1          Code  Wk  startup_stm32f2xx.o [1]
TIM8_CC_IRQHandler      0x08003add          Code  Wk  startup_stm32f2xx.o [1]
TIM8_TRG_COM_TIM14_IRQHandler
                        0x08003ad9          Code  Wk  startup_stm32f2xx.o [1]
TIM8_UP_TIM13_IRQHandler
                        0x08003ad5          Code  Wk  startup_stm32f2xx.o [1]
TextColor               0x20000018     0x2  Data  Lc  stm322xg_eval_lcd.o [1]
TimingDelay             0x20000058     0x4  Data  Lc  main.o [1]
TimingDelay_Decrement   0x08002075     0xe  Code  Gb  main.o [1]
UART4_IRQHandler        0x08003af5          Code  Wk  startup_stm32f2xx.o [1]
UART5_IRQHandler        0x08003af9          Code  Wk  startup_stm32f2xx.o [1]
USART1_IRQHandler       0x08003ab9          Code  Wk  startup_stm32f2xx.o [1]
USART2_IRQHandler       0x08003abd          Code  Wk  startup_stm32f2xx.o [1]
USART3_IRQHandler       0x08003ac1          Code  Wk  startup_stm32f2xx.o [1]
USART6_IRQHandler       0x08003b41          Code  Wk  startup_stm32f2xx.o [1]
UsageFault_Handler      0x080038d1     0x2  Code  Gb  stm32f2xx_it.o [1]
WWDG_IRQHandler         0x08003a25          Code  Wk  startup_stm32f2xx.o [1]
__cmain                 0x080039a5          Code  Gb  cmain.o [5]
__exit                  0x080039d1    0x14  Code  Gb  exit.o [6]
__iar_SB                0x08003b68          Data  Gb  bwt_init3c.o [5]
__iar_copy_init3        0x08003905    0x2e  Code  Gb  copy_init3.o [5]
__iar_data_init3        0x08003955    0x2c  Code  Gb  data_init3.o [5]
__iar_program_start     0x080039f5          Code  Gb  cstartup_M.o [5]
__iar_zero_init3        0x08003933    0x22  Code  Gb  zero_init3.o [5]
__low_level_init        0x080039bb     0x4  Code  Gb  low_level_init.o [3]
__vector_table          0x08000000          Data  Gb  startup_stm32f2xx.o [1]
_call_main              0x080039b1          Code  Gb  cmain.o [5]
_exit                   0x080039c5          Code  Gb  cexit.o [5]
_main                   0x080039b7          Code  Gb  cmain.o [5]
delay                   0x080031f5    0x20  Code  Lc  stm322xg_eval_lcd.o [1]
exit                    0x080039bf     0x4  Code  Gb  exit.o [3]
idnum                   0x20000014     0x4  Data  Gb  main.o [1]
main                    0x08001c51   0x15a  Code  Gb  main.o [1]
testflag                0x20000000     0x1  Data  Gb  main.o [1]


[1] = F:\ÎÒµÄÏîÄ¿\STM32-CMOS\CAMERA¹¤³Ì\EWARM\STM322xG_EVAL\Obj
[2] = command line
[3] = dl7M_tlf.a
[4] = m7M_tl.a
[5] = rt7M_tl.a
[6] = shb_l.a

  10 612 bytes of readonly  code memory
   4 684 bytes of readonly  data memory
   1 116 bytes of readwrite data memory

Errors: none
Warnings: none
