###############################################################################
#                                                                             #
# IAR ELF Linker V6.30.4.53288/W32 for ARM              08/May/2012  17:20:01 #
# Copyright 2007-2011 IAR Systems AB.                                         #
#                                                                             #
#    Output file  =  E:\Data Sheet\ARM\ST\光盘4\02                            #
#                    测试程序\STM32F2xx_StdPeriph_Lib_V1.0.0\Project\12       #
#                    摄像头CAMERA模块程序\EWARM\STM322xG_EVAL\Exe\test.out    #
#    Map file     =  E:\Data Sheet\ARM\ST\光盘4\02                            #
#                    测试程序\STM32F2xx_StdPeriph_Lib_V1.0.0\Project\12       #
#                    摄像头CAMERA模块程序\EWARM\STM322xG_EVAL\List\test.map   #
#    Command line =  "E:\Data Sheet\ARM\ST\光盘4\02                           #
#                    测试程序\STM32F2xx_StdPeriph_Lib_V1.0.0\Project\12       #
#                    摄像头CAMERA模块程序\EWARM\STM322xG_EVAL\Obj\core_cm3.o" #
#                     "E:\Data Sheet\ARM\ST\光盘4\02                          #
#                    测试程序\STM32F2xx_StdPeriph_Lib_V1.0.0\Project\12       #
#                    摄像头CAMERA模块程序\EWARM\STM322xG_EVAL\Obj\dcmi_ov9655 #
#                    .o" "E:\Data Sheet\ARM\ST\光盘4\02                       #
#                    测试程序\STM32F2xx_StdPeriph_Lib_V1.0.0\Project\12       #
#                    摄像头CAMERA模块程序\EWARM\STM322xG_EVAL\Obj\main.o"     #
#                    "E:\Data Sheet\ARM\ST\光盘4\02                           #
#                    测试程序\STM32F2xx_StdPeriph_Lib_V1.0.0\Project\12       #
#                    摄像头CAMERA模块程序\EWARM\STM322xG_EVAL\Obj\misc.o"     #
#                    "E:\Data Sheet\ARM\ST\光盘4\02                           #
#                    测试程序\STM32F2xx_StdPeriph_Lib_V1.0.0\Project\12       #
#                    摄像头CAMERA模块程序\EWARM\STM322xG_EVAL\Obj\startup_stm #
#                    32f2xx.o" "E:\Data Sheet\ARM\ST\光盘4\02                 #
#                    测试程序\STM32F2xx_StdPeriph_Lib_V1.0.0\Project\12       #
#                    摄像头CAMERA模块程序\EWARM\STM322xG_EVAL\Obj\stm322xg_ev #
#                    al_fsmc_sram.o" "E:\Data Sheet\ARM\ST\光盘4\02           #
#                    测试程序\STM32F2xx_StdPeriph_Lib_V1.0.0\Project\12       #
#                    摄像头CAMERA模块程序\EWARM\STM322xG_EVAL\Obj\stm322xg_ev #
#                    al_ioe.o" "E:\Data Sheet\ARM\ST\光盘4\02                 #
#                    测试程序\STM32F2xx_StdPeriph_Lib_V1.0.0\Project\12       #
#                    摄像头CAMERA模块程序\EWARM\STM322xG_EVAL\Obj\stm322xg_ev #
#                    al_lcd.o" "E:\Data Sheet\ARM\ST\光盘4\02                 #
#                    测试程序\STM32F2xx_StdPeriph_Lib_V1.0.0\Project\12       #
#                    摄像头CAMERA模块程序\EWARM\STM322xG_EVAL\Obj\stm32_eval. #
#                    o" "E:\Data Sheet\ARM\ST\光盘4\02                        #
#                    测试程序\STM32F2xx_StdPeriph_Lib_V1.0.0\Project\12       #
#                    摄像头CAMERA模块程序\EWARM\STM322xG_EVAL\Obj\stm32f2xx_a #
#                    dc.o" "E:\Data Sheet\ARM\ST\光盘4\02                     #
#                    测试程序\STM32F2xx_StdPeriph_Lib_V1.0.0\Project\12       #
#                    摄像头CAMERA模块程序\EWARM\STM322xG_EVAL\Obj\stm32f2xx_c #
#                    an.o" "E:\Data Sheet\ARM\ST\光盘4\02                     #
#                    测试程序\STM32F2xx_StdPeriph_Lib_V1.0.0\Project\12       #
#                    摄像头CAMERA模块程序\EWARM\STM322xG_EVAL\Obj\stm32f2xx_c #
#                    rc.o" "E:\Data Sheet\ARM\ST\光盘4\02                     #
#                    测试程序\STM32F2xx_StdPeriph_Lib_V1.0.0\Project\12       #
#                    摄像头CAMERA模块程序\EWARM\STM322xG_EVAL\Obj\stm32f2xx_c #
#                    ryp.o" "E:\Data Sheet\ARM\ST\光盘4\02                    #
#                    测试程序\STM32F2xx_StdPeriph_Lib_V1.0.0\Project\12       #
#                    摄像头CAMERA模块程序\EWARM\STM322xG_EVAL\Obj\stm32f2xx_c #
#                    ryp_aes.o" "E:\Data Sheet\ARM\ST\光盘4\02                #
#                    测试程序\STM32F2xx_StdPeriph_Lib_V1.0.0\Project\12       #
#                    摄像头CAMERA模块程序\EWARM\STM322xG_EVAL\Obj\stm32f2xx_c #
#                    ryp_des.o" "E:\Data Sheet\ARM\ST\光盘4\02                #
#                    测试程序\STM32F2xx_StdPeriph_Lib_V1.0.0\Project\12       #
#                    摄像头CAMERA模块程序\EWARM\STM322xG_EVAL\Obj\stm32f2xx_c #
#                    ryp_tdes.o" "E:\Data Sheet\ARM\ST\光盘4\02               #
#                    测试程序\STM32F2xx_StdPeriph_Lib_V1.0.0\Project\12       #
#                    摄像头CAMERA模块程序\EWARM\STM322xG_EVAL\Obj\stm32f2xx_d #
#                    ac.o" "E:\Data Sheet\ARM\ST\光盘4\02                     #
#                    测试程序\STM32F2xx_StdPeriph_Lib_V1.0.0\Project\12       #
#                    摄像头CAMERA模块程序\EWARM\STM322xG_EVAL\Obj\stm32f2xx_d #
#                    bgmcu.o" "E:\Data Sheet\ARM\ST\光盘4\02                  #
#                    测试程序\STM32F2xx_StdPeriph_Lib_V1.0.0\Project\12       #
#                    摄像头CAMERA模块程序\EWARM\STM322xG_EVAL\Obj\stm32f2xx_d #
#                    cmi.o" "E:\Data Sheet\ARM\ST\光盘4\02                    #
#                    测试程序\STM32F2xx_StdPeriph_Lib_V1.0.0\Project\12       #
#                    摄像头CAMERA模块程序\EWARM\STM322xG_EVAL\Obj\stm32f2xx_d #
#                    ma.o" "E:\Data Sheet\ARM\ST\光盘4\02                     #
#                    测试程序\STM32F2xx_StdPeriph_Lib_V1.0.0\Project\12       #
#                    摄像头CAMERA模块程序\EWARM\STM322xG_EVAL\Obj\stm32f2xx_e #
#                    xti.o" "E:\Data Sheet\ARM\ST\光盘4\02                    #
#                    测试程序\STM32F2xx_StdPeriph_Lib_V1.0.0\Project\12       #
#                    摄像头CAMERA模块程序\EWARM\STM322xG_EVAL\Obj\stm32f2xx_f #
#                    lash.o" "E:\Data Sheet\ARM\ST\光盘4\02                   #
#                    测试程序\STM32F2xx_StdPeriph_Lib_V1.0.0\Project\12       #
#                    摄像头CAMERA模块程序\EWARM\STM322xG_EVAL\Obj\stm32f2xx_f #
#                    smc.o" "E:\Data Sheet\ARM\ST\光盘4\02                    #
#                    测试程序\STM32F2xx_StdPeriph_Lib_V1.0.0\Project\12       #
#                    摄像头CAMERA模块程序\EWARM\STM322xG_EVAL\Obj\stm32f2xx_g #
#                    pio.o" "E:\Data Sheet\ARM\ST\光盘4\02                    #
#                    测试程序\STM32F2xx_StdPeriph_Lib_V1.0.0\Project\12       #
#                    摄像头CAMERA模块程序\EWARM\STM322xG_EVAL\Obj\stm32f2xx_h #
#                    ash.o" "E:\Data Sheet\ARM\ST\光盘4\02                    #
#                    测试程序\STM32F2xx_StdPeriph_Lib_V1.0.0\Project\12       #
#                    摄像头CAMERA模块程序\EWARM\STM322xG_EVAL\Obj\stm32f2xx_h #
#                    ash_md5.o" "E:\Data Sheet\ARM\ST\光盘4\02                #
#                    测试程序\STM32F2xx_StdPeriph_Lib_V1.0.0\Project\12       #
#                    摄像头CAMERA模块程序\EWARM\STM322xG_EVAL\Obj\stm32f2xx_h #
#                    ash_sha1.o" "E:\Data Sheet\ARM\ST\光盘4\02               #
#                    测试程序\STM32F2xx_StdPeriph_Lib_V1.0.0\Project\12       #
#                    摄像头CAMERA模块程序\EWARM\STM322xG_EVAL\Obj\stm32f2xx_i #
#                    2c.o" "E:\Data Sheet\ARM\ST\光盘4\02                     #
#                    测试程序\STM32F2xx_StdPeriph_Lib_V1.0.0\Project\12       #
#                    摄像头CAMERA模块程序\EWARM\STM322xG_EVAL\Obj\stm32f2xx_i #
#                    t.o" "E:\Data Sheet\ARM\ST\光盘4\02                      #
#                    测试程序\STM32F2xx_StdPeriph_Lib_V1.0.0\Project\12       #
#                    摄像头CAMERA模块程序\EWARM\STM322xG_EVAL\Obj\stm32f2xx_i #
#                    wdg.o" "E:\Data Sheet\ARM\ST\光盘4\02                    #
#                    测试程序\STM32F2xx_StdPeriph_Lib_V1.0.0\Project\12       #
#                    摄像头CAMERA模块程序\EWARM\STM322xG_EVAL\Obj\stm32f2xx_p #
#                    wr.o" "E:\Data Sheet\ARM\ST\光盘4\02                     #
#                    测试程序\STM32F2xx_StdPeriph_Lib_V1.0.0\Project\12       #
#                    摄像头CAMERA模块程序\EWARM\STM322xG_EVAL\Obj\stm32f2xx_r #
#                    cc.o" "E:\Data Sheet\ARM\ST\光盘4\02                     #
#                    测试程序\STM32F2xx_StdPeriph_Lib_V1.0.0\Project\12       #
#                    摄像头CAMERA模块程序\EWARM\STM322xG_EVAL\Obj\stm32f2xx_r #
#                    ng.o" "E:\Data Sheet\ARM\ST\光盘4\02                     #
#                    测试程序\STM32F2xx_StdPeriph_Lib_V1.0.0\Project\12       #
#                    摄像头CAMERA模块程序\EWARM\STM322xG_EVAL\Obj\stm32f2xx_r #
#                    tc.o" "E:\Data Sheet\ARM\ST\光盘4\02                     #
#                    测试程序\STM32F2xx_StdPeriph_Lib_V1.0.0\Project\12       #
#                    摄像头CAMERA模块程序\EWARM\STM322xG_EVAL\Obj\stm32f2xx_s #
#                    dio.o" "E:\Data Sheet\ARM\ST\光盘4\02                    #
#                    测试程序\STM32F2xx_StdPeriph_Lib_V1.0.0\Project\12       #
#                    摄像头CAMERA模块程序\EWARM\STM322xG_EVAL\Obj\stm32f2xx_s #
#                    pi.o" "E:\Data Sheet\ARM\ST\光盘4\02                     #
#                    测试程序\STM32F2xx_StdPeriph_Lib_V1.0.0\Project\12       #
#                    摄像头CAMERA模块程序\EWARM\STM322xG_EVAL\Obj\stm32f2xx_s #
#                    yscfg.o" "E:\Data Sheet\ARM\ST\光盘4\02                  #
#                    测试程序\STM32F2xx_StdPeriph_Lib_V1.0.0\Project\12       #
#                    摄像头CAMERA模块程序\EWARM\STM322xG_EVAL\Obj\stm32f2xx_t #
#                    im.o" "E:\Data Sheet\ARM\ST\光盘4\02                     #
#                    测试程序\STM32F2xx_StdPeriph_Lib_V1.0.0\Project\12       #
#                    摄像头CAMERA模块程序\EWARM\STM322xG_EVAL\Obj\stm32f2xx_u #
#                    sart.o" "E:\Data Sheet\ARM\ST\光盘4\02                   #
#                    测试程序\STM32F2xx_StdPeriph_Lib_V1.0.0\Project\12       #
#                    摄像头CAMERA模块程序\EWARM\STM322xG_EVAL\Obj\stm32f2xx_w #
#                    wdg.o" "E:\Data Sheet\ARM\ST\光盘4\02                    #
#                    测试程序\STM32F2xx_StdPeriph_Lib_V1.0.0\Project\12       #
#                    摄像头CAMERA模块程序\EWARM\STM322xG_EVAL\Obj\system_stm3 #
#                    2f2xx.o" --redirect _Printf=_PrintfSmall --redirect      #
#                    _Scanf=_ScanfSmall -o "E:\Data Sheet\ARM\ST\光盘4\02     #
#                    测试程序\STM32F2xx_StdPeriph_Lib_V1.0.0\Project\12       #
#                    摄像头CAMERA模块程序\EWARM\STM322xG_EVAL\Exe\test.out"   #
#                    --map "E:\Data Sheet\ARM\ST\光盘4\02                     #
#                    测试程序\STM32F2xx_StdPeriph_Lib_V1.0.0\Project\12       #
#                    摄像头CAMERA模块程序\EWARM\STM322xG_EVAL\List\test.map"  #
#                    --config "E:\Data Sheet\ARM\ST\光盘4\02                  #
#                    测试程序\STM32F2xx_StdPeriph_Lib_V1.0.0\Project\12       #
#                    摄像头CAMERA模块程序\EWARM\stm32f2xx_flash.icf"          #
#                    --semihosting --entry __iar_program_start --vfe          #
#                                                                             #
#                                                                             #
###############################################################################

*******************************************************************************
*** RUNTIME MODEL ATTRIBUTES
***

CppFlavor       = *
__SystemLibrary = DLib


*******************************************************************************
*** PLACEMENT SUMMARY
***

"A1":  place at 0x08000000 { ro section .intvec };
"P1":  place in [from 0x08000000 to 0x080fffff] { ro };
"P2":  place in [from 0x20000000 to 0x20020000] { rw, block CSTACK, block HEAP };

  Section            Kind        Address    Size  Object
  -------            ----        -------    ----  ------
"A1":                                      0x184
  .intvec            ro code  0x08000000   0x184  startup_stm32f2xx.o [1]
                            - 0x08000184   0x184

"P1":                                     0x3880
  .rodata            const    0x08000184  0x11d0  stm322xg_eval_lcd.o [1]
  .text              ro code  0x08001354   0x8fc  dcmi_ov9655.o [1]
  .text              ro code  0x08001c50   0x4d4  main.o [1]
  .text              ro code  0x08002124   0x1fc  stm32f2xx_i2c.o [1]
  .text              ro code  0x08002320   0x17c  stm32_eval.o [1]
  .text              ro code  0x0800249c   0x44c  stm322xg_eval_ioe.o [1]
  .text              ro code  0x080028e8   0x110  stm32f2xx_rcc.o [1]
  .text              ro code  0x080029f8   0x678  stm322xg_eval_lcd.o [1]
  .text              ro code  0x08003070   0x1c4  stm32f2xx_dma.o [1]
  .text              ro code  0x08003234    0x64  stm32f2xx_dcmi.o [1]
  .text              ro code  0x08003298   0x120  stm32f2xx_adc.o [1]
  .text              ro code  0x080033b8    0x94  stm32f2xx_gpio.o [1]
  .text              ro code  0x0800344c    0x28  stm32f2xx_syscfg.o [1]
  .text              ro code  0x08003474    0x8c  stm32f2xx_exti.o [1]
  .text              ro code  0x08003500    0x68  misc.o [1]
  .text              ro code  0x08003568    0xd8  stm32f2xx_fsmc.o [1]
  .text              ro code  0x08003640    0xcc  system_stm32f2xx.o [1]
  .text              ro code  0x0800370c    0x3c  stm32f2xx_it.o [1]
  .text              ro code  0x08003748    0x2e  copy_init3.o [5]
  .text              ro code  0x08003776    0x22  zero_init3.o [5]
  .text              ro code  0x08003798    0x2c  data_init3.o [5]
  .iar.init_table    const    0x080037c4    0x24  - Linker created -
  .text              ro code  0x080037e8    0x16  cmain.o [5]
  .text              ro code  0x080037fe     0x4  low_level_init.o [3]
  .text              ro code  0x08003802     0x4  exit.o [3]
  .text              ro code  0x08003808     0xa  cexit.o [5]
  .text              ro code  0x08003814    0x14  exit.o [6]
  .text              ro code  0x08003828    0x10  startup_stm32f2xx.o [1]
  .text              ro code  0x08003838     0xc  cstartup_M.o [5]
  .text              ro code  0x08003844     0x4  startup_stm32f2xx.o [1]
  .text              ro code  0x08003848     0x4  startup_stm32f2xx.o [1]
  .text              ro code  0x0800384c     0x4  startup_stm32f2xx.o [1]
  .text              ro code  0x08003850     0x4  startup_stm32f2xx.o [1]
  .text              ro code  0x08003854     0x4  startup_stm32f2xx.o [1]
  .text              ro code  0x08003858     0x4  startup_stm32f2xx.o [1]
  .text              ro code  0x0800385c     0x4  startup_stm32f2xx.o [1]
  .text              ro code  0x08003860     0x4  startup_stm32f2xx.o [1]
  .text              ro code  0x08003864     0x4  startup_stm32f2xx.o [1]
  .text              ro code  0x08003868     0x4  startup_stm32f2xx.o [1]
  .text              ro code  0x0800386c     0x4  startup_stm32f2xx.o [1]
  .text              ro code  0x08003870     0x4  startup_stm32f2xx.o [1]
  .text              ro code  0x08003874     0x4  startup_stm32f2xx.o [1]
  .text              ro code  0x08003878     0x4  startup_stm32f2xx.o [1]
  .text              ro code  0x0800387c     0x4  startup_stm32f2xx.o [1]
  .text              ro code  0x08003880     0x4  startup_stm32f2xx.o [1]
  .text              ro code  0x08003884     0x4  startup_stm32f2xx.o [1]
  .text              ro code  0x08003888     0x4  startup_stm32f2xx.o [1]
  .text              ro code  0x0800388c     0x4  startup_stm32f2xx.o [1]
  .text              ro code  0x08003890     0x4  startup_stm32f2xx.o [1]
  .text              ro code  0x08003894     0x4  startup_stm32f2xx.o [1]
  .text              ro code  0x08003898     0x4  startup_stm32f2xx.o [1]
  .text              ro code  0x0800389c     0x4  startup_stm32f2xx.o [1]
  .text              ro code  0x080038a0     0x4  startup_stm32f2xx.o [1]
  .text              ro code  0x080038a4     0x4  startup_stm32f2xx.o [1]
  .text              ro code  0x080038a8     0x4  startup_stm32f2xx.o [1]
  .text              ro code  0x080038ac     0x4  startup_stm32f2xx.o [1]
  .text              ro code  0x080038b0     0x4  startup_stm32f2xx.o [1]
  .text              ro code  0x080038b4     0x4  startup_stm32f2xx.o [1]
  .text              ro code  0x080038b8     0x4  startup_stm32f2xx.o [1]
  .text              ro code  0x080038bc     0x4  startup_stm32f2xx.o [1]
  .text              ro code  0x080038c0     0x4  startup_stm32f2xx.o [1]
  .text              ro code  0x080038c4     0x4  startup_stm32f2xx.o [1]
  .text              ro code  0x080038c8     0x4  startup_stm32f2xx.o [1]
  .text              ro code  0x080038cc     0x4  startup_stm32f2xx.o [1]
  .text              ro code  0x080038d0     0x4  startup_stm32f2xx.o [1]
  .text              ro code  0x080038d4     0x4  startup_stm32f2xx.o [1]
  .text              ro code  0x080038d8     0x4  startup_stm32f2xx.o [1]
  .text              ro code  0x080038dc     0x4  startup_stm32f2xx.o [1]
  .text              ro code  0x080038e0     0x4  startup_stm32f2xx.o [1]
  .text              ro code  0x080038e4     0x4  startup_stm32f2xx.o [1]
  .text              ro code  0x080038e8     0x4  startup_stm32f2xx.o [1]
  .text              ro code  0x080038ec     0x4  startup_stm32f2xx.o [1]
  .text              ro code  0x080038f0     0x4  startup_stm32f2xx.o [1]
  .text              ro code  0x080038f4     0x4  startup_stm32f2xx.o [1]
  .text              ro code  0x080038f8     0x4  startup_stm32f2xx.o [1]
  .text              ro code  0x080038fc     0x4  startup_stm32f2xx.o [1]
  .text              ro code  0x08003900     0x4  startup_stm32f2xx.o [1]
  .text              ro code  0x08003904     0x4  startup_stm32f2xx.o [1]
  .text              ro code  0x08003908     0x4  startup_stm32f2xx.o [1]
  .text              ro code  0x0800390c     0x4  startup_stm32f2xx.o [1]
  .text              ro code  0x08003910     0x4  startup_stm32f2xx.o [1]
  .text              ro code  0x08003914     0x4  startup_stm32f2xx.o [1]
  .text              ro code  0x08003918     0x4  startup_stm32f2xx.o [1]
  .text              ro code  0x0800391c     0x4  startup_stm32f2xx.o [1]
  .text              ro code  0x08003920     0x4  startup_stm32f2xx.o [1]
  .text              ro code  0x08003924     0x4  startup_stm32f2xx.o [1]
  .text              ro code  0x08003928     0x4  startup_stm32f2xx.o [1]
  .text              ro code  0x0800392c     0x4  startup_stm32f2xx.o [1]
  .text              ro code  0x08003930     0x4  startup_stm32f2xx.o [1]
  .text              ro code  0x08003934     0x4  startup_stm32f2xx.o [1]
  .text              ro code  0x08003938     0x4  startup_stm32f2xx.o [1]
  .text              ro code  0x0800393c     0x4  startup_stm32f2xx.o [1]
  .text              ro code  0x08003940     0x4  startup_stm32f2xx.o [1]
  .text              ro code  0x08003944     0x4  startup_stm32f2xx.o [1]
  .text              ro code  0x08003948     0x4  startup_stm32f2xx.o [1]
  .text              ro code  0x0800394c     0x4  startup_stm32f2xx.o [1]
  .text              ro code  0x08003950     0x4  startup_stm32f2xx.o [1]
  .text              ro code  0x08003954     0x4  startup_stm32f2xx.o [1]
  .text              ro code  0x08003958     0x4  startup_stm32f2xx.o [1]
  .text              ro code  0x0800395c     0x4  startup_stm32f2xx.o [1]
  .text              ro code  0x08003960     0x4  startup_stm32f2xx.o [1]
  .text              ro code  0x08003964     0x4  startup_stm32f2xx.o [1]
  .text              ro code  0x08003968     0x4  startup_stm32f2xx.o [1]
  .text              ro code  0x0800396c     0x4  startup_stm32f2xx.o [1]
  .text              ro code  0x08003970     0x4  startup_stm32f2xx.o [1]
  .text              ro code  0x08003974     0x4  startup_stm32f2xx.o [1]
  .text              ro code  0x08003978     0x4  startup_stm32f2xx.o [1]
  .text              ro code  0x0800397c     0x4  startup_stm32f2xx.o [1]
  .text              ro code  0x08003980     0x4  startup_stm32f2xx.o [1]
  .text              ro code  0x08003984     0x4  startup_stm32f2xx.o [1]
  .text              ro code  0x08003988     0x4  startup_stm32f2xx.o [1]
  .text              ro code  0x0800398c     0x4  startup_stm32f2xx.o [1]
  .text              ro code  0x08003990     0x4  startup_stm32f2xx.o [1]
  .text              ro code  0x08003994     0x4  startup_stm32f2xx.o [1]
  .text              ro code  0x08003998     0x4  startup_stm32f2xx.o [1]
  .text              ro code  0x0800399c     0x4  startup_stm32f2xx.o [1]
  .text              ro code  0x080039a0     0x4  startup_stm32f2xx.o [1]
  .text              ro code  0x080039a4     0x4  startup_stm32f2xx.o [1]
  .text              ro code  0x080039a8     0x4  startup_stm32f2xx.o [1]
  .rodata            const    0x080039ac     0x0  bwt_init3c.o [5]
  Initializer bytes  ro data  0x080039ac    0x58  <for P2 s0>
                            - 0x08003a04  0x3880

"P2", part 1 of 3:                          0x58
  P2 s0                       0x20000000    0x58  <Init block>
    .data            inited   0x20000000    0x18  main.o [1]
    .data            inited   0x20000018    0x10  stm322xg_eval_lcd.o [1]
    .data            inited   0x20000028    0x10  stm32_eval.o [1]
    .data            inited   0x20000038    0x10  stm32f2xx_rcc.o [1]
    .data            inited   0x20000048     0xc  stm32_eval.o [1]
    .data            inited   0x20000054     0x4  stm322xg_eval_ioe.o [1]
                            - 0x20000058    0x58

"P2", part 2 of 3:                           0x8
  .bss               zero     0x20000058     0x4  main.o [1]
                            - 0x2000005c     0x4

"P2", part 3 of 3:                         0x400
  CSTACK                      0x20000060   0x400  <Block>
    CSTACK           uninit   0x20000060   0x400  <Block tail>
                            - 0x20000460   0x400


*******************************************************************************
*** INIT TABLE
***

          Address     Size
          -------     ----
Zero (__iar_zero_init3)
    1 destination range, total size 0x4:
          0x20000058   0x4

Copy (__iar_copy_init3)
    1 source range, total size 0x58:
          0x080039ac  0x58
    1 destination range, total size 0x58:
          0x20000000  0x58



*******************************************************************************
*** MODULE SUMMARY
***

    Module               ro code  ro data  rw data
    ------               -------  -------  -------
E:\Data Sheet\ARM\ST\光盘4\02 测试程序\STM32F2xx_StdPeriph_Lib_V1.0.0\Project\12 摄像头CAMERA模块程序\EWARM\STM322xG_EVAL\Obj: [1]
    dcmi_ov9655.o          2 300
    main.o                 1 236       24       28
    misc.o                   104
    startup_stm32f2xx.o      764
    stm322xg_eval_ioe.o    1 100        4        4
    stm322xg_eval_lcd.o    1 656    4 576       16
    stm32_eval.o             380       28       28
    stm32f2xx_adc.o          288
    stm32f2xx_dcmi.o         100
    stm32f2xx_dma.o          452
    stm32f2xx_exti.o         140
    stm32f2xx_fsmc.o         216
    stm32f2xx_gpio.o         148
    stm32f2xx_i2c.o          508
    stm32f2xx_it.o            60
    stm32f2xx_rcc.o          272       16       16
    stm32f2xx_syscfg.o        40
    system_stm32f2xx.o       204
    ----------------------------------------------
    Total:                 9 968    4 648       92

command line: [2]
    ----------------------------------------------
    Total:

dl7M_tln.a: [3]
    exit.o                     4
    low_level_init.o           4
    ----------------------------------------------
    Total:                     8

m7M_tl.a: [4]
    ----------------------------------------------
    Total:

rt7M_tl.a: [5]
    bwt_init3c.o
    cexit.o                   10
    cmain.o                   22
    copy_init3.o              46
    cstartup_M.o              12
    data_init3.o              44
    zero_init3.o              34
    ----------------------------------------------
    Total:                   168

shb_l.a: [6]
    exit.o                    20
    ----------------------------------------------
    Total:                    20

    Gaps                       4
    Linker created                     36    1 024
--------------------------------------------------
    Grand Total:          10 168    4 684    1 116


*******************************************************************************
*** ENTRY LIST
***

Entry                      Address    Size  Type      Object
-----                      -------    ----  ----      ------
?main                   0x080037e9          Code  Gb  cmain.o [5]
ADCVal                  0x20000002     0x2  Data  Gb  main.o [1]
ADC_Cmd                 0x08003309    0x12  Code  Gb  stm32f2xx_adc.o [1]
ADC_CommonInit          0x080032ed    0x1c  Code  Gb  stm32f2xx_adc.o [1]
ADC_Config              0x08001fd9    0x92  Code  Gb  main.o [1]
ADC_GetConversionValue  0x080033a3     0x6  Code  Gb  stm32f2xx_adc.o [1]
ADC_IRQHandler          0x080038b1          Code  Wk  startup_stm32f2xx.o [1]
ADC_Init                0x08003299    0x40  Code  Gb  stm32f2xx_adc.o [1]
ADC_RegularChannelConfig
                        0x0800331b    0x7e  Code  Gb  stm32f2xx_adc.o [1]
ADC_SoftwareStartConv   0x08003399     0xa  Code  Gb  stm32f2xx_adc.o [1]
ADC_StructInit          0x080032d9    0x14  Code  Gb  stm32f2xx_adc.o [1]
APBAHBPrescTable        0x20000038    0x10  Data  Lc  stm32f2xx_rcc.o [1]
ASCII16x24_Table        0x08000184  0x11d0  Data  Gb  stm322xg_eval_lcd.o [1]
BUTTON_CLK              0x0800247c     0xc  Data  Gb  stm32_eval.o [1]
BUTTON_EXTI_LINE        0x08002488     0x8  Data  Gb  stm32_eval.o [1]
BUTTON_IRQn             0x08002498     0x4  Data  Gb  stm32_eval.o [1]
BUTTON_PIN              0x08002474     0x8  Data  Gb  stm32_eval.o [1]
BUTTON_PIN_SOURCE       0x08002494     0x4  Data  Gb  stm32_eval.o [1]
BUTTON_PORT             0x20000048     0xc  Data  Gb  stm32_eval.o [1]
BUTTON_PORT_SOURCE      0x08002490     0x4  Data  Gb  stm32_eval.o [1]
BackColor               0x2000001a     0x2  Data  Lc  stm322xg_eval_lcd.o [1]
BusFault_Handler        0x08003713     0x2  Code  Gb  stm32f2xx_it.o [1]
CAN1_RX0_IRQHandler     0x080038b9          Code  Wk  startup_stm32f2xx.o [1]
CAN1_RX1_IRQHandler     0x080038bd          Code  Wk  startup_stm32f2xx.o [1]
CAN1_SCE_IRQHandler     0x080038c1          Code  Wk  startup_stm32f2xx.o [1]
CAN1_TX_IRQHandler      0x080038b5          Code  Wk  startup_stm32f2xx.o [1]
CAN2_RX0_IRQHandler     0x08003969          Code  Wk  startup_stm32f2xx.o [1]
CAN2_RX1_IRQHandler     0x0800396d          Code  Wk  startup_stm32f2xx.o [1]
CAN2_SCE_IRQHandler     0x08003971          Code  Wk  startup_stm32f2xx.o [1]
CAN2_TX_IRQHandler      0x08003965          Code  Wk  startup_stm32f2xx.o [1]
CRYP_IRQHandler         0x080039a5          Code  Wk  startup_stm32f2xx.o [1]
CSTACK$$Base            0x20000060           --   Gb  - Linker created -
CSTACK$$Limit           0x20000460           --   Gb  - Linker created -
DCMI_CaptureCmd         0x08003279    0x14  Code  Gb  stm32f2xx_dcmi.o [1]
DCMI_Cmd                0x08003265    0x14  Code  Gb  stm32f2xx_dcmi.o [1]
DCMI_Config             0x08001e7f   0x13a  Code  Gb  main.o [1]
DCMI_IRQHandler         0x080039a1          Code  Wk  startup_stm32f2xx.o [1]
DCMI_Init               0x08003235    0x30  Code  Gb  stm32f2xx_dcmi.o [1]
DCMI_OV9655Config       0x08001db7    0x34  Code  Gb  main.o [1]
DCMI_OV9655_QVGASizeSetup
                        0x08001355   0x682  Code  Gb  dcmi_ov9655.o [1]
DCMI_OV9655_ReadID      0x08001a91    0x26  Code  Gb  dcmi_ov9655.o [1]
DCMI_SingleRandomRead   0x08001b55    0xda  Code  Gb  dcmi_ov9655.o [1]
DCMI_SingleRandomWrite  0x08001abb    0x92  Code  Gb  dcmi_ov9655.o [1]
DMA1_Stream0_IRQHandler
                        0x08003895          Code  Wk  startup_stm32f2xx.o [1]
DMA1_Stream1_IRQHandler
                        0x08003899          Code  Wk  startup_stm32f2xx.o [1]
DMA1_Stream2_IRQHandler
                        0x0800389d          Code  Wk  startup_stm32f2xx.o [1]
DMA1_Stream3_IRQHandler
                        0x080038a1          Code  Wk  startup_stm32f2xx.o [1]
DMA1_Stream4_IRQHandler
                        0x080038a5          Code  Wk  startup_stm32f2xx.o [1]
DMA1_Stream5_IRQHandler
                        0x080038a9          Code  Wk  startup_stm32f2xx.o [1]
DMA1_Stream6_IRQHandler
                        0x080038ad          Code  Wk  startup_stm32f2xx.o [1]
DMA1_Stream7_IRQHandler
                        0x08003925          Code  Wk  startup_stm32f2xx.o [1]
DMA2_Stream0_IRQHandler
                        0x08003949          Code  Wk  startup_stm32f2xx.o [1]
DMA2_Stream1_IRQHandler
                        0x0800394d          Code  Wk  startup_stm32f2xx.o [1]
DMA2_Stream2_IRQHandler
                        0x08003951          Code  Wk  startup_stm32f2xx.o [1]
DMA2_Stream3_IRQHandler
                        0x08003955          Code  Wk  startup_stm32f2xx.o [1]
DMA2_Stream4_IRQHandler
                        0x08003959          Code  Wk  startup_stm32f2xx.o [1]
DMA2_Stream5_IRQHandler
                        0x08003979          Code  Wk  startup_stm32f2xx.o [1]
DMA2_Stream6_IRQHandler
                        0x0800397d          Code  Wk  startup_stm32f2xx.o [1]
DMA2_Stream7_IRQHandler
                        0x08003981          Code  Wk  startup_stm32f2xx.o [1]
DMA_ClearFlag           0x080031b5    0x1a  Code  Gb  stm32f2xx_dma.o [1]
DMA_Cmd                 0x08003181    0x12  Code  Gb  stm32f2xx_dma.o [1]
DMA_DeInit              0x08003071    0xc0  Code  Gb  stm32f2xx_dma.o [1]
DMA_GetFlagStatus       0x08003193    0x22  Code  Gb  stm32f2xx_dma.o [1]
DMA_Init                0x08003131    0x50  Code  Gb  stm32f2xx_dma.o [1]
DebugMon_Handler        0x08003719     0x2  Code  Gb  stm32f2xx_it.o [1]
Delay                   0x0800206b     0xc  Code  Gb  main.o [1]
ETH_IRQHandler          0x0800395d          Code  Wk  startup_stm32f2xx.o [1]
ETH_WKUP_IRQHandler     0x08003961          Code  Wk  startup_stm32f2xx.o [1]
EXTI0_IRQHandler        0x08003881          Code  Wk  startup_stm32f2xx.o [1]
EXTI15_10_IRQHandler    0x08003721    0x22  Code  Gb  stm32f2xx_it.o [1]
EXTI1_IRQHandler        0x08003885          Code  Wk  startup_stm32f2xx.o [1]
EXTI2_IRQHandler        0x08003889          Code  Wk  startup_stm32f2xx.o [1]
EXTI3_IRQHandler        0x0800388d          Code  Wk  startup_stm32f2xx.o [1]
EXTI4_IRQHandler        0x08003891          Code  Wk  startup_stm32f2xx.o [1]
EXTI9_5_IRQHandler      0x080038c5          Code  Wk  startup_stm32f2xx.o [1]
EXTI_ClearITPendingBit  0x080034ef     0x2  Code  Gb  stm32f2xx_exti.o [1]
EXTI_GetITStatus        0x080034d9    0x16  Code  Gb  stm32f2xx_exti.o [1]
EXTI_Init               0x08003475    0x64  Code  Gb  stm32f2xx_exti.o [1]
FLASH_IRQHandler        0x08003879          Code  Wk  startup_stm32f2xx.o [1]
FSMC_IRQHandler         0x08003929          Code  Wk  startup_stm32f2xx.o [1]
FSMC_NORSRAMCmd         0x0800361f    0x14  Code  Gb  stm32f2xx_fsmc.o [1]
FSMC_NORSRAMInit        0x08003569    0xb6  Code  Gb  stm32f2xx_fsmc.o [1]
Font16x24               0x20000020     0x8  Data  Gb  stm322xg_eval_lcd.o [1]
GPIO_CLK                0x08002464    0x10  Data  Gb  stm32_eval.o [1]
GPIO_Init               0x080033b9    0x70  Code  Gb  stm32f2xx_gpio.o [1]
GPIO_PIN                0x0800245c     0x8  Data  Gb  stm32_eval.o [1]
GPIO_PORT               0x20000028    0x10  Data  Gb  stm32_eval.o [1]
GPIO_PinAFConfig        0x08003429    0x24  Code  Gb  stm32f2xx_gpio.o [1]
HASH_RNG_IRQHandler     0x080039a9          Code  Wk  startup_stm32f2xx.o [1]
HardFault_Handler       0x0800370f     0x2  Code  Gb  stm32f2xx_it.o [1]
I2C1_Config             0x08001df3    0x8c  Code  Gb  main.o [1]
I2C1_ER_IRQHandler      0x080038e9          Code  Wk  startup_stm32f2xx.o [1]
I2C1_EV_IRQHandler      0x080038e5          Code  Wk  startup_stm32f2xx.o [1]
I2C2_ER_IRQHandler      0x080038f1          Code  Wk  startup_stm32f2xx.o [1]
I2C2_EV_IRQHandler      0x080038ed          Code  Wk  startup_stm32f2xx.o [1]
I2C3_ER_IRQHandler      0x0800398d          Code  Wk  startup_stm32f2xx.o [1]
I2C3_EV_IRQHandler      0x08003989          Code  Wk  startup_stm32f2xx.o [1]
I2C_AcknowledgeConfig   0x0800228d    0x14  Code  Gb  stm32f2xx_i2c.o [1]
I2C_CheckEvent          0x080022d3    0x1a  Code  Gb  stm32f2xx_i2c.o [1]
I2C_Cmd                 0x0800223d    0x14  Code  Gb  stm32f2xx_i2c.o [1]
I2C_DMACmd              0x080022ab    0x14  Code  Gb  stm32f2xx_i2c.o [1]
I2C_DMALastTransferCmd  0x080022bf    0x14  Code  Gb  stm32f2xx_i2c.o [1]
I2C_DeInit              0x08002125    0x52  Code  Gb  stm32f2xx_i2c.o [1]
I2C_GenerateSTART       0x08002251    0x16  Code  Gb  stm32f2xx_i2c.o [1]
I2C_GenerateSTOP        0x08002267    0x16  Code  Gb  stm32f2xx_i2c.o [1]
I2C_GetFlagStatus       0x080022ed    0x34  Code  Gb  stm32f2xx_i2c.o [1]
I2C_Init                0x08002177    0xb0  Code  Gb  stm32f2xx_i2c.o [1]
I2C_ReadDeviceRegister  0x080026df    0xda  Code  Gb  stm322xg_eval_ioe.o [1]
I2C_ReceiveData         0x080022a5     0x6  Code  Gb  stm32f2xx_i2c.o [1]
I2C_Send7bitAddress     0x0800227d    0x10  Code  Gb  stm32f2xx_i2c.o [1]
I2C_SendData            0x080022a1     0x4  Code  Gb  stm32f2xx_i2c.o [1]
I2C_WriteDeviceRegister
                        0x080025e1    0xf6  Code  Gb  stm322xg_eval_ioe.o [1]
IOE_Config              0x0800249d    0xe0  Code  Gb  stm322xg_eval_ioe.o [1]
IOE_DMA_Config          0x08002839    0x6a  Code  Lc  stm322xg_eval_ioe.o [1]
IOE_IOPinConfig         0x080025b5    0x1a  Code  Gb  stm322xg_eval_ioe.o [1]
IOE_TimeOut             0x20000054     0x4  Data  Gb  stm322xg_eval_ioe.o [1]
IOE_WriteIOPin          0x08002585    0x28  Code  Gb  stm322xg_eval_ioe.o [1]
LCD_Clear               0x08002d75    0x22  Code  Gb  stm322xg_eval_lcd.o [1]
LCD_CtrlLinesConfig     0x08002ed9    0xae  Code  Gb  stm322xg_eval_lcd.o [1]
LCD_Currentfonts        0x2000001c     0x4  Data  Lc  stm322xg_eval_lcd.o [1]
LCD_DisplayChar         0x08002e1f    0x1c  Code  Gb  stm322xg_eval_lcd.o [1]
LCD_DisplayStringLine   0x08002e3b    0x36  Code  Gb  stm322xg_eval_lcd.o [1]
LCD_DrawChar            0x08002da5    0x7a  Code  Gb  stm322xg_eval_lcd.o [1]
LCD_FSMCConfig          0x08002fd9    0x62  Code  Gb  stm322xg_eval_lcd.o [1]
LCD_GetFont             0x08002d6d     0x8  Code  Gb  stm322xg_eval_lcd.o [1]
LCD_SetCursor           0x08002d97     0xe  Code  Gb  stm322xg_eval_lcd.o [1]
LCD_SetDisplayWindow    0x08002e71    0x44  Code  Gb  stm322xg_eval_lcd.o [1]
LCD_SetTextColor        0x08002d5d    0x10  Code  Gb  stm322xg_eval_lcd.o [1]
LCD_WriteRAM_Prepare    0x08002ebb     0xa  Code  Gb  stm322xg_eval_lcd.o [1]
MemManage_Handler       0x08003711     0x2  Code  Gb  stm32f2xx_it.o [1]
NMI_Handler             0x0800370d     0x2  Code  Gb  stm32f2xx_it.o [1]
NVIC_Init               0x08003501    0x58  Code  Gb  misc.o [1]
OTG_FS_IRQHandler       0x08003975          Code  Wk  startup_stm32f2xx.o [1]
OTG_FS_WKUP_IRQHandler  0x08003911          Code  Wk  startup_stm32f2xx.o [1]
OTG_HS_EP1_IN_IRQHandler
                        0x08003995          Code  Wk  startup_stm32f2xx.o [1]
OTG_HS_EP1_OUT_IRQHandler
                        0x08003991          Code  Wk  startup_stm32f2xx.o [1]
OTG_HS_IRQHandler       0x0800399d          Code  Wk  startup_stm32f2xx.o [1]
OTG_HS_WKUP_IRQHandler  0x08003999          Code  Wk  startup_stm32f2xx.o [1]
OV9655PCLKOutput        0x20000001     0x1  Data  Gb  main.o [1]
PVD_IRQHandler          0x0800386d          Code  Wk  startup_stm32f2xx.o [1]
PendSV_Handler          0x0800371b     0x2  Code  Gb  stm32f2xx_it.o [1]
RCC_AHB1PeriphClockCmd  0x08002965    0x12  Code  Gb  stm32f2xx_rcc.o [1]
RCC_AHB2PeriphClockCmd  0x08002977    0x12  Code  Gb  stm32f2xx_rcc.o [1]
RCC_AHB3PeriphClockCmd  0x08002989    0x12  Code  Gb  stm32f2xx_rcc.o [1]
RCC_APB1PeriphClockCmd  0x0800299b    0x12  Code  Gb  stm32f2xx_rcc.o [1]
RCC_APB1PeriphResetCmd  0x080029bf    0x12  Code  Gb  stm32f2xx_rcc.o [1]
RCC_APB2PeriphClockCmd  0x080029ad    0x12  Code  Gb  stm32f2xx_rcc.o [1]
RCC_Clocks              0x20000004    0x10  Data  Gb  main.o [1]
RCC_GetClocksFreq       0x080028e9    0x7c  Code  Gb  stm32f2xx_rcc.o [1]
RCC_IRQHandler          0x0800387d          Code  Wk  startup_stm32f2xx.o [1]
RTC_Alarm_IRQHandler    0x0800390d          Code  Wk  startup_stm32f2xx.o [1]
RTC_WKUP_IRQHandler     0x08003875          Code  Wk  startup_stm32f2xx.o [1]
Region$$Table$$Base     0x080037c4           --   Gb  - Linker created -
Region$$Table$$Limit    0x080037e8           --   Gb  - Linker created -
Reset_Handler           0x08003829          Code  Wk  startup_stm32f2xx.o [1]
SDIO_IRQHandler         0x0800392d          Code  Wk  startup_stm32f2xx.o [1]
SPI1_IRQHandler         0x080038f5          Code  Wk  startup_stm32f2xx.o [1]
SPI2_IRQHandler         0x080038f9          Code  Wk  startup_stm32f2xx.o [1]
SPI3_IRQHandler         0x08003935          Code  Wk  startup_stm32f2xx.o [1]
STM322xG_LCD_Init       0x080029f9   0x2de  Code  Gb  stm322xg_eval_lcd.o [1]
STM_EVAL_LEDInit        0x08002321    0x3a  Code  Gb  stm32_eval.o [1]
STM_EVAL_LEDOff         0x0800236f    0x14  Code  Gb  stm32_eval.o [1]
STM_EVAL_LEDOn          0x0800235b    0x14  Code  Gb  stm32_eval.o [1]
STM_EVAL_LEDToggle      0x08002383    0x18  Code  Gb  stm32_eval.o [1]
STM_EVAL_PBInit         0x0800239b    0x9e  Code  Gb  stm32_eval.o [1]
SVC_Handler             0x08003717     0x2  Code  Gb  stm32f2xx_it.o [1]
SYSCFG_EXTILineConfig   0x0800344d    0x22  Code  Gb  stm32f2xx_syscfg.o [1]
SysTick_Handler         0x0800371d     0x4  Code  Gb  stm32f2xx_it.o [1]
SystemInit              0x08003641    0xb2  Code  Gb  system_stm32f2xx.o [1]
TAMP_STAMP_IRQHandler   0x08003871          Code  Wk  startup_stm32f2xx.o [1]
TIM1_BRK_TIM9_IRQHandler
                        0x080038c9          Code  Wk  startup_stm32f2xx.o [1]
TIM1_CC_IRQHandler      0x080038d5          Code  Wk  startup_stm32f2xx.o [1]
TIM1_TRG_COM_TIM11_IRQHandler
                        0x080038d1          Code  Wk  startup_stm32f2xx.o [1]
TIM1_UP_TIM10_IRQHandler
                        0x080038cd          Code  Wk  startup_stm32f2xx.o [1]
TIM2_IRQHandler         0x080038d9          Code  Wk  startup_stm32f2xx.o [1]
TIM3_IRQHandler         0x080038dd          Code  Wk  startup_stm32f2xx.o [1]
TIM4_IRQHandler         0x080038e1          Code  Wk  startup_stm32f2xx.o [1]
TIM5_IRQHandler         0x08003931          Code  Wk  startup_stm32f2xx.o [1]
TIM6_DAC_IRQHandler     0x08003941          Code  Wk  startup_stm32f2xx.o [1]
TIM7_IRQHandler         0x08003945          Code  Wk  startup_stm32f2xx.o [1]
TIM8_BRK_TIM12_IRQHandler
                        0x08003915          Code  Wk  startup_stm32f2xx.o [1]
TIM8_CC_IRQHandler      0x08003921          Code  Wk  startup_stm32f2xx.o [1]
TIM8_TRG_COM_TIM14_IRQHandler
                        0x0800391d          Code  Wk  startup_stm32f2xx.o [1]
TIM8_UP_TIM13_IRQHandler
                        0x08003919          Code  Wk  startup_stm32f2xx.o [1]
TextColor               0x20000018     0x2  Data  Lc  stm322xg_eval_lcd.o [1]
TimingDelay             0x20000058     0x4  Data  Lc  main.o [1]
TimingDelay_Decrement   0x08002077     0xe  Code  Gb  main.o [1]
UART4_IRQHandler        0x08003939          Code  Wk  startup_stm32f2xx.o [1]
UART5_IRQHandler        0x0800393d          Code  Wk  startup_stm32f2xx.o [1]
USART1_IRQHandler       0x080038fd          Code  Wk  startup_stm32f2xx.o [1]
USART2_IRQHandler       0x08003901          Code  Wk  startup_stm32f2xx.o [1]
USART3_IRQHandler       0x08003905          Code  Wk  startup_stm32f2xx.o [1]
USART6_IRQHandler       0x08003985          Code  Wk  startup_stm32f2xx.o [1]
UsageFault_Handler      0x08003715     0x2  Code  Gb  stm32f2xx_it.o [1]
WWDG_IRQHandler         0x08003869          Code  Wk  startup_stm32f2xx.o [1]
__cmain                 0x080037e9          Code  Gb  cmain.o [5]
__exit                  0x08003815    0x14  Code  Gb  exit.o [6]
__iar_SB                0x080039ac          Data  Gb  bwt_init3c.o [5]
__iar_copy_init3        0x08003749    0x2e  Code  Gb  copy_init3.o [5]
__iar_data_init3        0x08003799    0x2c  Code  Gb  data_init3.o [5]
__iar_program_start     0x08003839          Code  Gb  cstartup_M.o [5]
__iar_zero_init3        0x08003777    0x22  Code  Gb  zero_init3.o [5]
__low_level_init        0x080037ff     0x4  Code  Gb  low_level_init.o [3]
__vector_table          0x08000000          Data  Gb  startup_stm32f2xx.o [1]
_call_main              0x080037f5          Code  Gb  cmain.o [5]
_exit                   0x08003809          Code  Gb  cexit.o [5]
_main                   0x080037fb          Code  Gb  cmain.o [5]
delay                   0x0800303b    0x20  Code  Lc  stm322xg_eval_lcd.o [1]
exit                    0x08003803     0x4  Code  Gb  exit.o [3]
idnum                   0x20000014     0x4  Data  Gb  main.o [1]
main                    0x08001c51   0x15c  Code  Gb  main.o [1]
testflag                0x20000000     0x1  Data  Gb  main.o [1]


[1] = E:\Data Sheet\ARM\ST\光盘4\02 测试程序\STM32F2xx_StdPeriph_Lib_V1.0.0\Project\12 摄像头CAMERA模块程序\EWARM\STM322xG_EVAL\Obj
[2] = command line
[3] = dl7M_tln.a
[4] = m7M_tl.a
[5] = rt7M_tl.a
[6] = shb_l.a

  10 168 bytes of readonly  code memory
   4 684 bytes of readonly  data memory
   1 116 bytes of readwrite data memory

Errors: none
Warnings: none
