###############################################################################
#                                                                             #
# IAR ELF Linker V6.30.4.53288/W32 for ARM              06/Aug/2012  20:11:13 #
# Copyright 2007-2011 IAR Systems AB.                                         #
#                                                                             #
#    Output file  =  F:\我的项目\CAMERA工程\Project\EWARM\STM322xG_EVAL\Exe\P #
#                    roject.out                                               #
#    Map file     =  F:\我的项目\CAMERA工程\Project\EWARM\STM322xG_EVAL\List\ #
#                    Project.map                                              #
#    Command line =  F:\我的项目\CAMERA工程\Project\EWARM\STM322xG_EVAL\Obj\c #
#                    amera_api.o F:\我的项目\CAMERA工程\Project\EWARM\STM322x #
#                    G_EVAL\Obj\dcmi_ov2640.o F:\我的项目\CAMERA工程\Project\ #
#                    EWARM\STM322xG_EVAL\Obj\dcmi_ov7670.o                    #
#                    F:\我的项目\CAMERA工程\Project\EWARM\STM322xG_EVAL\Obj\d #
#                    cmi_ov9655.o F:\我的项目\CAMERA工程\Project\EWARM\STM322 #
#                    xG_EVAL\Obj\diskio.o F:\我的项目\CAMERA工程\Project\EWAR #
#                    M\STM322xG_EVAL\Obj\expioint.o                           #
#                    F:\我的项目\CAMERA工程\Project\EWARM\STM322xG_EVAL\Obj\f #
#                    f.o F:\我的项目\CAMERA工程\Project\EWARM\STM322xG_EVAL\O #
#                    bj\fsmc_nand.o F:\我的项目\CAMERA工程\Project\EWARM\STM3 #
#                    22xG_EVAL\Obj\lcd_log.o F:\我的项目\CAMERA工程\Project\E #
#                    WARM\STM322xG_EVAL\Obj\main.o                            #
#                    F:\我的项目\CAMERA工程\Project\EWARM\STM322xG_EVAL\Obj\m #
#                    isc.o F:\我的项目\CAMERA工程\Project\EWARM\STM322xG_EVAL #
#                    \Obj\startup_stm32f2xx.o F:\我的项目\CAMERA工程\Project\ #
#                    EWARM\STM322xG_EVAL\Obj\stm322xg_eval.o                  #
#                    F:\我的项目\CAMERA工程\Project\EWARM\STM322xG_EVAL\Obj\s #
#                    tm322xg_eval_fsmc_sram.o F:\我的项目\CAMERA工程\Project\ #
#                    EWARM\STM322xG_EVAL\Obj\stm322xg_eval_ioe.o              #
#                    F:\我的项目\CAMERA工程\Project\EWARM\STM322xG_EVAL\Obj\s #
#                    tm322xg_eval_lcd.o F:\我的项目\CAMERA工程\Project\EWARM\ #
#                    STM322xG_EVAL\Obj\stm32f2xx_adc.o                        #
#                    F:\我的项目\CAMERA工程\Project\EWARM\STM322xG_EVAL\Obj\s #
#                    tm32f2xx_can.o F:\我的项目\CAMERA工程\Project\EWARM\STM3 #
#                    22xG_EVAL\Obj\stm32f2xx_crc.o                            #
#                    F:\我的项目\CAMERA工程\Project\EWARM\STM322xG_EVAL\Obj\s #
#                    tm32f2xx_cryp.o F:\我的项目\CAMERA工程\Project\EWARM\STM #
#                    322xG_EVAL\Obj\stm32f2xx_cryp_aes.o                      #
#                    F:\我的项目\CAMERA工程\Project\EWARM\STM322xG_EVAL\Obj\s #
#                    tm32f2xx_cryp_des.o F:\我的项目\CAMERA工程\Project\EWARM #
#                    \STM322xG_EVAL\Obj\stm32f2xx_cryp_tdes.o                 #
#                    F:\我的项目\CAMERA工程\Project\EWARM\STM322xG_EVAL\Obj\s #
#                    tm32f2xx_dac.o F:\我的项目\CAMERA工程\Project\EWARM\STM3 #
#                    22xG_EVAL\Obj\stm32f2xx_dbgmcu.o                         #
#                    F:\我的项目\CAMERA工程\Project\EWARM\STM322xG_EVAL\Obj\s #
#                    tm32f2xx_dcmi.o F:\我的项目\CAMERA工程\Project\EWARM\STM #
#                    322xG_EVAL\Obj\stm32f2xx_dma.o                           #
#                    F:\我的项目\CAMERA工程\Project\EWARM\STM322xG_EVAL\Obj\s #
#                    tm32f2xx_exti.o F:\我的项目\CAMERA工程\Project\EWARM\STM #
#                    322xG_EVAL\Obj\stm32f2xx_flash.o                         #
#                    F:\我的项目\CAMERA工程\Project\EWARM\STM322xG_EVAL\Obj\s #
#                    tm32f2xx_fsmc.o F:\我的项目\CAMERA工程\Project\EWARM\STM #
#                    322xG_EVAL\Obj\stm32f2xx_gpio.o                          #
#                    F:\我的项目\CAMERA工程\Project\EWARM\STM322xG_EVAL\Obj\s #
#                    tm32f2xx_hash.o F:\我的项目\CAMERA工程\Project\EWARM\STM #
#                    322xG_EVAL\Obj\stm32f2xx_hash_md5.o                      #
#                    F:\我的项目\CAMERA工程\Project\EWARM\STM322xG_EVAL\Obj\s #
#                    tm32f2xx_hash_sha1.o F:\我的项目\CAMERA工程\Project\EWAR #
#                    M\STM322xG_EVAL\Obj\stm32f2xx_i2c.o                      #
#                    F:\我的项目\CAMERA工程\Project\EWARM\STM322xG_EVAL\Obj\s #
#                    tm32f2xx_it.o F:\我的项目\CAMERA工程\Project\EWARM\STM32 #
#                    2xG_EVAL\Obj\stm32f2xx_iwdg.o                            #
#                    F:\我的项目\CAMERA工程\Project\EWARM\STM322xG_EVAL\Obj\s #
#                    tm32f2xx_pwr.o F:\我的项目\CAMERA工程\Project\EWARM\STM3 #
#                    22xG_EVAL\Obj\stm32f2xx_rcc.o                            #
#                    F:\我的项目\CAMERA工程\Project\EWARM\STM322xG_EVAL\Obj\s #
#                    tm32f2xx_rng.o F:\我的项目\CAMERA工程\Project\EWARM\STM3 #
#                    22xG_EVAL\Obj\stm32f2xx_rtc.o                            #
#                    F:\我的项目\CAMERA工程\Project\EWARM\STM322xG_EVAL\Obj\s #
#                    tm32f2xx_sdio.o F:\我的项目\CAMERA工程\Project\EWARM\STM #
#                    322xG_EVAL\Obj\stm32f2xx_spi.o                           #
#                    F:\我的项目\CAMERA工程\Project\EWARM\STM322xG_EVAL\Obj\s #
#                    tm32f2xx_syscfg.o F:\我的项目\CAMERA工程\Project\EWARM\S #
#                    TM322xG_EVAL\Obj\stm32f2xx_tim.o                         #
#                    F:\我的项目\CAMERA工程\Project\EWARM\STM322xG_EVAL\Obj\s #
#                    tm32f2xx_usart.o F:\我的项目\CAMERA工程\Project\EWARM\ST #
#                    M322xG_EVAL\Obj\stm32f2xx_wwdg.o                         #
#                    F:\我的项目\CAMERA工程\Project\EWARM\STM322xG_EVAL\Obj\s #
#                    ystem_stm32f2xx.o F:\我的项目\CAMERA工程\Project\EWARM\S #
#                    TM322xG_EVAL\Obj\test.o F:\我的项目\CAMERA工程\Project\E #
#                    WARM\STM322xG_EVAL\Obj\test_fsmc_sram.o --redirect       #
#                    _Printf=_PrintfSmall --redirect _Scanf=_ScanfSmall -o    #
#                    F:\我的项目\CAMERA工程\Project\EWARM\STM322xG_EVAL\Exe\P #
#                    roject.out --map F:\我的项目\CAMERA工程\Project\EWARM\ST #
#                    M322xG_EVAL\List\Project.map --config                    #
#                    F:\我的项目\CAMERA工程\Project\EWARM\stm32f2xx_flash.icf #
#                     --semihosting --entry __iar_program_start --vfe         #
#                                                                             #
#                                                                             #
###############################################################################

*******************************************************************************
*** RUNTIME MODEL ATTRIBUTES
***

CppFlavor                     = *
__Heap_Handler                = Basic
__SystemLibrary               = DLib
__dlib_dynamic_initialization = normal


*******************************************************************************
*** PLACEMENT SUMMARY
***

"A1":  place at 0x08000000 { ro section .intvec };
"P1":  place in [from 0x08000000 to 0x080fffff] { ro };
"P2":  place in [from 0x20000000 to 0x20020000] { rw, block CSTACK, block HEAP };

  Section            Kind        Address    Size  Object
  -------            ----        -------    ----  ------
"A1":                                      0x184
  .intvec            ro code  0x08000000   0x184  startup_stm32f2xx.o [1]
                            - 0x08000184   0x184

"P1":                                     0x680c
  .rodata            const    0x08000184  0x23d0  stm322xg_eval_lcd.o [1]
  .text              ro code  0x08002554   0xcb0  dcmi_ov9655.o [1]
  .text              ro code  0x08003204   0x110  stm32f2xx_rcc.o [1]
  .text              ro code  0x08003314    0x94  stm32f2xx_gpio.o [1]
  .text              ro code  0x080033a8   0x1fc  stm32f2xx_i2c.o [1]
  .text              ro code  0x080035a4   0x1c4  stm32f2xx_dma.o [1]
  .text              ro code  0x08003768    0xe0  camera_api.o [1]
  .text              ro code  0x08003848    0xb8  stm32f2xx_dcmi.o [1]
  .text              ro code  0x08003900   0x6b0  stm322xg_eval_lcd.o [1]
  .text              ro code  0x08003fb0    0x76  ABImemcpy.o [5]
  .text              ro code  0x08004026    0x2e  copy_init3.o [5]
  .text              ro code  0x08004054   0x770  dcmi_ov2640.o [1]
  .text              ro code  0x080047c4   0x23c  dcmi_ov7670.o [1]
  .text              ro code  0x08004a00    0x78  misc.o [1]
  .text              ro code  0x08004a78    0xd8  stm32f2xx_fsmc.o [1]
  .text              ro code  0x08004b50   0x73c  xprintfsmall.o [3]
  .text              ro code  0x0800528c    0x20  xmbtowc.o [3]
  .text              ro code  0x080052ac    0x16  strchr.o [5]
  .text              ro code  0x080052c2    0x22  zero_init3.o [5]
  .text              ro code  0x080052e4    0x36  strlen.o [5]
  .text              ro code  0x0800531a     0xa  xsprout.o [3]
  .text              ro code  0x08005324    0x58  memchr.o [5]
  .text              ro code  0x0800537c     0xa  xmbcurmax.o [3]
  .text              ro code  0x08005388    0xbc  xxmemxmalloc.o [3]
  .text              ro code  0x08005444    0x1a  xwctomb.o [3]
  .text              ro code  0x08005460    0x88  xxmemxfree.o [3]
  .text              ro code  0x080054e8    0x14  setlocale.o [3]
  .text              ro code  0x080054fc    0x5c  xencoding_sb.o [3]
  .text              ro code  0x08005558   0x114  xsyslock.o [3]
  .text              ro code  0x0800566c    0x28  xgetmemchunk.o [3]
  .text              ro code  0x08005694     0x2  xtls.o [3]
  .text              ro code  0x08005696     0x4  xmtx2.o [3]
  .text              ro code  0x0800569a     0x8  xmtx.o [3]
  .text              ro code  0x080056a4   0x478  stm322xg_eval_ioe.o [1]
  .text              ro code  0x08005b1c    0x28  stm32f2xx_syscfg.o [1]
  .text              ro code  0x08005b44    0x78  expioint.o [1]
  .text              ro code  0x08005bbc    0x74  stm32f2xx_exti.o [1]
  .text              ro code  0x08005c30   0x3ec  main.o [1]
  .text              ro code  0x0800601c    0x7c  stm322xg_eval.o [1]
  .text              ro code  0x08006098    0xec  lcd_log.o [1]
  .text              ro code  0x08006184    0x34  sprintf.o [3]
  .text              ro code  0x080061b8   0x11c  stm32f2xx_adc.o [1]
  .text              ro code  0x080062d4    0x3a  ABImemset48.o [5]
  .text              ro code  0x08006310    0xcc  system_stm32f2xx.o [1]
  .text              ro code  0x080063dc    0xc0  stm32f2xx_it.o [1]
  .rodata            const    0x0800649c    0x30  camera_api.o [1]
  .text              ro code  0x080064cc    0x2c  data_init3.o [5]
  .iar.init_table    const    0x080064f8    0x24  - Linker created -
  .text              ro code  0x0800651c    0x16  cmain.o [5]
  .text              ro code  0x08006532     0x4  low_level_init.o [3]
  .text              ro code  0x08006536     0x4  exit.o [3]
  .text              ro code  0x0800653c     0xe  cexit.o [5]
  .text              ro code  0x0800654c    0x14  exit.o [6]
  .text              ro code  0x08006560    0x10  startup_stm32f2xx.o [1]
  .text              ro code  0x08006570     0xc  cstartup_M.o [5]
  .text              ro code  0x0800657c     0x4  startup_stm32f2xx.o [1]
  .text              ro code  0x08006580     0x4  startup_stm32f2xx.o [1]
  .text              ro code  0x08006584     0x4  startup_stm32f2xx.o [1]
  .text              ro code  0x08006588     0x4  startup_stm32f2xx.o [1]
  .text              ro code  0x0800658c     0x4  startup_stm32f2xx.o [1]
  .text              ro code  0x08006590     0x4  startup_stm32f2xx.o [1]
  .text              ro code  0x08006594     0x4  startup_stm32f2xx.o [1]
  .text              ro code  0x08006598     0x4  startup_stm32f2xx.o [1]
  .text              ro code  0x0800659c     0x4  startup_stm32f2xx.o [1]
  .text              ro code  0x080065a0     0x4  startup_stm32f2xx.o [1]
  .text              ro code  0x080065a4     0x4  startup_stm32f2xx.o [1]
  .text              ro code  0x080065a8     0x4  startup_stm32f2xx.o [1]
  .text              ro code  0x080065ac     0x4  startup_stm32f2xx.o [1]
  .text              ro code  0x080065b0     0x4  startup_stm32f2xx.o [1]
  .text              ro code  0x080065b4     0x4  startup_stm32f2xx.o [1]
  .text              ro code  0x080065b8     0x4  startup_stm32f2xx.o [1]
  .text              ro code  0x080065bc     0x4  startup_stm32f2xx.o [1]
  .text              ro code  0x080065c0     0x4  startup_stm32f2xx.o [1]
  .text              ro code  0x080065c4     0x4  startup_stm32f2xx.o [1]
  .text              ro code  0x080065c8     0x4  startup_stm32f2xx.o [1]
  .text              ro code  0x080065cc     0x4  startup_stm32f2xx.o [1]
  .text              ro code  0x080065d0     0x4  startup_stm32f2xx.o [1]
  .text              ro code  0x080065d4     0x4  startup_stm32f2xx.o [1]
  .text              ro code  0x080065d8     0x4  startup_stm32f2xx.o [1]
  .text              ro code  0x080065dc     0x4  startup_stm32f2xx.o [1]
  .text              ro code  0x080065e0     0x4  startup_stm32f2xx.o [1]
  .text              ro code  0x080065e4     0x4  startup_stm32f2xx.o [1]
  .text              ro code  0x080065e8     0x4  startup_stm32f2xx.o [1]
  .text              ro code  0x080065ec     0x4  startup_stm32f2xx.o [1]
  .text              ro code  0x080065f0     0x4  startup_stm32f2xx.o [1]
  .text              ro code  0x080065f4     0x4  startup_stm32f2xx.o [1]
  .text              ro code  0x080065f8     0x4  startup_stm32f2xx.o [1]
  .text              ro code  0x080065fc     0x4  startup_stm32f2xx.o [1]
  .text              ro code  0x08006600     0x4  startup_stm32f2xx.o [1]
  .text              ro code  0x08006604     0x4  startup_stm32f2xx.o [1]
  .text              ro code  0x08006608     0x4  startup_stm32f2xx.o [1]
  .text              ro code  0x0800660c     0x4  startup_stm32f2xx.o [1]
  .text              ro code  0x08006610     0x4  startup_stm32f2xx.o [1]
  .text              ro code  0x08006614     0x4  startup_stm32f2xx.o [1]
  .text              ro code  0x08006618     0x4  startup_stm32f2xx.o [1]
  .text              ro code  0x0800661c     0x4  startup_stm32f2xx.o [1]
  .text              ro code  0x08006620     0x4  startup_stm32f2xx.o [1]
  .text              ro code  0x08006624     0x4  startup_stm32f2xx.o [1]
  .text              ro code  0x08006628     0x4  startup_stm32f2xx.o [1]
  .text              ro code  0x0800662c     0x4  startup_stm32f2xx.o [1]
  .text              ro code  0x08006630     0x4  startup_stm32f2xx.o [1]
  .text              ro code  0x08006634     0x4  startup_stm32f2xx.o [1]
  .text              ro code  0x08006638     0x4  startup_stm32f2xx.o [1]
  .text              ro code  0x0800663c     0x4  startup_stm32f2xx.o [1]
  .text              ro code  0x08006640     0x4  startup_stm32f2xx.o [1]
  .text              ro code  0x08006644     0x4  startup_stm32f2xx.o [1]
  .text              ro code  0x08006648     0x4  startup_stm32f2xx.o [1]
  .text              ro code  0x0800664c     0x4  startup_stm32f2xx.o [1]
  .text              ro code  0x08006650     0x4  startup_stm32f2xx.o [1]
  .text              ro code  0x08006654     0x4  startup_stm32f2xx.o [1]
  .text              ro code  0x08006658     0x4  startup_stm32f2xx.o [1]
  .text              ro code  0x0800665c     0x4  startup_stm32f2xx.o [1]
  .text              ro code  0x08006660     0x4  startup_stm32f2xx.o [1]
  .text              ro code  0x08006664     0x4  startup_stm32f2xx.o [1]
  .text              ro code  0x08006668     0x4  startup_stm32f2xx.o [1]
  .text              ro code  0x0800666c     0x4  startup_stm32f2xx.o [1]
  .text              ro code  0x08006670     0x4  startup_stm32f2xx.o [1]
  .text              ro code  0x08006674     0x4  startup_stm32f2xx.o [1]
  .text              ro code  0x08006678     0x4  startup_stm32f2xx.o [1]
  .text              ro code  0x0800667c     0x4  startup_stm32f2xx.o [1]
  .text              ro code  0x08006680     0x4  startup_stm32f2xx.o [1]
  .text              ro code  0x08006684     0x4  startup_stm32f2xx.o [1]
  .text              ro code  0x08006688     0x4  startup_stm32f2xx.o [1]
  .text              ro code  0x0800668c     0x4  startup_stm32f2xx.o [1]
  .text              ro code  0x08006690     0x4  startup_stm32f2xx.o [1]
  .text              ro code  0x08006694     0x4  startup_stm32f2xx.o [1]
  .text              ro code  0x08006698     0x4  startup_stm32f2xx.o [1]
  .text              ro code  0x0800669c     0x4  startup_stm32f2xx.o [1]
  .text              ro code  0x080066a0     0x4  startup_stm32f2xx.o [1]
  .text              ro code  0x080066a4     0x4  startup_stm32f2xx.o [1]
  .text              ro code  0x080066a8     0x4  startup_stm32f2xx.o [1]
  .text              ro code  0x080066ac     0x4  startup_stm32f2xx.o [1]
  .text              ro code  0x080066b0     0x4  startup_stm32f2xx.o [1]
  .text              ro code  0x080066b4     0x4  startup_stm32f2xx.o [1]
  .text              ro code  0x080066b8     0x4  startup_stm32f2xx.o [1]
  .text              ro code  0x080066bc     0x4  startup_stm32f2xx.o [1]
  .text              ro code  0x080066c0     0x4  startup_stm32f2xx.o [1]
  .text              ro code  0x080066c4     0x4  startup_stm32f2xx.o [1]
  .text              ro code  0x080066c8     0x4  startup_stm32f2xx.o [1]
  .text              ro code  0x080066cc     0x4  startup_stm32f2xx.o [1]
  .text              ro code  0x080066d0     0x4  startup_stm32f2xx.o [1]
  .text              ro code  0x080066d4     0x4  startup_stm32f2xx.o [1]
  .text              ro code  0x080066d8     0x4  startup_stm32f2xx.o [1]
  .text              ro code  0x080066dc     0x4  startup_stm32f2xx.o [1]
  .text              ro code  0x080066e0     0x4  startup_stm32f2xx.o [1]
  .text              ro code  0x080066e4     0x0  cstart_clearlocks.o [5]
  .rodata            const    0x080066e4     0x0  bwt_init3c.o [5]
  Initializer bytes  ro data  0x080066e4   0x2ac  <for P2 s0>
                            - 0x08006990  0x680c

"P2", part 1 of 3:                         0x2ac
  P2 s0                       0x20000000   0x2ac  <Init block>
    .data            inited   0x20000000   0x130  dcmi_ov9655.o [1]
    .data            inited   0x20000130   0x130  dcmi_ov9655.o [1]
    .data            inited   0x20000260    0x10  stm322xg_eval.o [1]
    .data            inited   0x20000270    0x10  stm322xg_eval_lcd.o [1]
    .data            inited   0x20000280    0x10  stm32f2xx_rcc.o [1]
    .data            inited   0x20000290     0x8  camera_api.o [1]
    .data            inited   0x20000298     0x8  stm322xg_eval_lcd.o [1]
    .data            inited   0x200002a0     0x8  stm322xg_eval_lcd.o [1]
    .data            inited   0x200002a8     0x4  stm322xg_eval_ioe.o [1]
                            - 0x200002ac   0x2ac

"P2", part 2 of 3:                         0x114
  __DLIB_PERTHREAD   zero     0x200002ac    0x74  setlocale.o [3]
  .bss               zero     0x20000320    0x48  main.o [1]
  .bss               zero     0x20000368    0x38  xsyslock.o [3]
  .bss               zero     0x200003a0     0x8  camera_api.o [1]
  .bss               zero     0x200003a8     0x8  xxmemxmalloc.o [3]
  .bss               zero     0x200003b0     0x4  camera_api.o [1]
  .bss               zero     0x200003b4     0x4  xgetmemchunk.o [3]
  .bss               zero     0x200003b8     0x2  camera_api.o [1]
  .bss               zero     0x200003ba     0x1  stm32f2xx_it.o [1]
                            - 0x200003bb   0x10f

"P2", part 3 of 3:                         0x600
  CSTACK                      0x200003c0   0x400  <Block>
    CSTACK           uninit   0x200003c0   0x400  <Block tail>
  HEAP                        0x200007c0   0x200  <Block>
    HEAP             uninit   0x200007c0   0x200  <Block tail>
                            - 0x200009c0   0x600


*******************************************************************************
*** INIT TABLE
***

          Address     Size
          -------     ----
Zero (__iar_zero_init3)
    1 destination range, total size 0x10f:
          0x200002ac  0x10f

Copy (__iar_copy_init3)
    1 source range, total size 0x2ac:
          0x080066e4  0x2ac
    1 destination range, total size 0x2ac:
          0x20000000  0x2ac



*******************************************************************************
*** MODULE SUMMARY
***

    Module               ro code  ro data  rw data
    ------               -------  -------  -------
F:\我的项目\CAMERA工程\Project\EWARM\STM322xG_EVAL\Obj: [1]
    camera_api.o             224       56       22
    dcmi_ov2640.o          1 904
    dcmi_ov7670.o            572
    dcmi_ov9655.o          3 248      608      608
    expioint.o               120
    lcd_log.o                236
    main.o                 1 004                72
    misc.o                   120
    startup_stm32f2xx.o      764
    stm322xg_eval.o          124       16       16
    stm322xg_eval_ioe.o    1 144        4        4
    stm322xg_eval_lcd.o    1 712    9 200       32
    stm32f2xx_adc.o          284
    stm32f2xx_dcmi.o         184
    stm32f2xx_dma.o          452
    stm32f2xx_exti.o         116
    stm32f2xx_fsmc.o         216
    stm32f2xx_gpio.o         148
    stm32f2xx_i2c.o          508
    stm32f2xx_it.o           192                 1
    stm32f2xx_rcc.o          272       16       16
    stm32f2xx_syscfg.o        40
    system_stm32f2xx.o       204
    ----------------------------------------------
    Total:                13 788    9 900      771

command line: [2]
    ----------------------------------------------
    Total:

dl7M_tlf.a: [3]
    exit.o                     4
    low_level_init.o           4
    setlocale.o               20               116
    sprintf.o                 52
    xencoding_sb.o            92
    xgetmemchunk.o            40                 4
    xmbcurmax.o               10
    xmbtowc.o                 32
    xmtx.o                     8
    xmtx2.o                    4
    xprintfsmall.o         1 852
    xsprout.o                 10
    xsyslock.o               276                56
    xtls.o                     2
    xwctomb.o                 26
    xxmemxfree.o             136
    xxmemxmalloc.o           188                 8
    ----------------------------------------------
    Total:                 2 756               184

m7M_tl.a: [4]
    ----------------------------------------------
    Total:

rt7M_tl.a: [5]
    ABImemcpy.o              118
    ABImemset48.o             58
    bwt_init3c.o
    cexit.o                   14
    cmain.o                   22
    copy_init3.o              46
    cstart_clearlocks.o
    cstartup_M.o              12
    data_init3.o              44
    memchr.o                  88
    strchr.o                  22
    strlen.o                  54
    zero_init3.o              34
    ----------------------------------------------
    Total:                   512

shb_l.a: [6]
    exit.o                    20
    ----------------------------------------------
    Total:                    20

    Gaps                      12
    Linker created                     36    1 536
--------------------------------------------------
    Grand Total:          17 088    9 936    2 491


*******************************************************************************
*** ENTRY LIST
***

Entry                      Address    Size  Type      Object
-----                      -------    ----  ----      ------
?main                   0x0800651d          Code  Gb  cmain.o [5]
ADC_Cmd                 0x08006229    0x12  Code  Gb  stm32f2xx_adc.o [1]
ADC_CommonInit          0x0800620d    0x1c  Code  Gb  stm32f2xx_adc.o [1]
ADC_Config              0x08005e83    0x92  Code  Gb  main.o [1]
ADC_IRQHandler          0x080065e9          Code  Wk  startup_stm32f2xx.o [1]
ADC_Init                0x080061b9    0x40  Code  Gb  stm32f2xx_adc.o [1]
ADC_RegularChannelConfig
                        0x0800623b    0x7e  Code  Gb  stm32f2xx_adc.o [1]
ADC_SoftwareStartConv   0x080062b9     0xa  Code  Gb  stm32f2xx_adc.o [1]
ADC_StructInit          0x080061f9    0x14  Code  Gb  stm32f2xx_adc.o [1]
APBAHBPrescTable        0x20000280    0x10  Data  Lc  stm32f2xx_rcc.o [1]
ASCII12x12_Table        0x08001354   0x900  Data  Gb  stm322xg_eval_lcd.o [1]
ASCII16x24_Table        0x08000184  0x11d0  Data  Gb  stm322xg_eval_lcd.o [1]
ASCII8x12_Table         0x08001c54   0x900  Data  Gb  stm322xg_eval_lcd.o [1]
BackColor               0x20000272     0x2  Data  Gb  stm322xg_eval_lcd.o [1]
BusFault_Handler        0x080063e3     0x2  Code  Gb  stm32f2xx_it.o [1]
CAN1_RX0_IRQHandler     0x080065f1          Code  Wk  startup_stm32f2xx.o [1]
CAN1_RX1_IRQHandler     0x080065f5          Code  Wk  startup_stm32f2xx.o [1]
CAN1_SCE_IRQHandler     0x080065f9          Code  Wk  startup_stm32f2xx.o [1]
CAN1_TX_IRQHandler      0x080065ed          Code  Wk  startup_stm32f2xx.o [1]
CAN2_RX0_IRQHandler     0x080066a1          Code  Wk  startup_stm32f2xx.o [1]
CAN2_RX1_IRQHandler     0x080066a5          Code  Wk  startup_stm32f2xx.o [1]
CAN2_SCE_IRQHandler     0x080066a9          Code  Wk  startup_stm32f2xx.o [1]
CAN2_TX_IRQHandler      0x0800669d          Code  Wk  startup_stm32f2xx.o [1]
CRYP_IRQHandler         0x080066dd          Code  Wk  startup_stm32f2xx.o [1]
CSTACK$$Base            0x200003c0           --   Gb  - Linker created -
CSTACK$$Limit           0x200007c0           --   Gb  - Linker created -
Camera                  0x200003b8     0x1  Data  Gb  camera_api.o [1]
Camera_Config           0x08003769    0x7a  Code  Gb  camera_api.o [1]
DCMI_CROPCmd            0x08003891    0x14  Code  Gb  stm32f2xx_dcmi.o [1]
DCMI_CROPConfig         0x08003879    0x18  Code  Gb  stm32f2xx_dcmi.o [1]
DCMI_CaptureCmd         0x080038b9    0x14  Code  Gb  stm32f2xx_dcmi.o [1]
DCMI_ClearITPendingBit  0x080038df     0x2  Code  Gb  stm32f2xx_dcmi.o [1]
DCMI_Cmd                0x080038a5    0x14  Code  Gb  stm32f2xx_dcmi.o [1]
DCMI_IRQHandler         0x080063f1    0x20  Code  Gb  stm32f2xx_it.o [1]
DCMI_ITConfig           0x080038cd    0x12  Code  Gb  stm32f2xx_dcmi.o [1]
DCMI_Init               0x08003849    0x30  Code  Gb  stm32f2xx_dcmi.o [1]
DCMI_NVIC_Config        0x080037fd    0x2a  Code  Gb  camera_api.o [1]
DCMI_OV7670_Init        0x080047c5    0x42  Code  Gb  dcmi_ov7670.o [1]
DMA1_Stream0_IRQHandler
                        0x080065cd          Code  Wk  startup_stm32f2xx.o [1]
DMA1_Stream1_IRQHandler
                        0x080065d1          Code  Wk  startup_stm32f2xx.o [1]
DMA1_Stream2_IRQHandler
                        0x080065d5          Code  Wk  startup_stm32f2xx.o [1]
DMA1_Stream3_IRQHandler
                        0x080065d9          Code  Wk  startup_stm32f2xx.o [1]
DMA1_Stream4_IRQHandler
                        0x080065dd          Code  Wk  startup_stm32f2xx.o [1]
DMA1_Stream5_IRQHandler
                        0x080065e1          Code  Wk  startup_stm32f2xx.o [1]
DMA1_Stream6_IRQHandler
                        0x080065e5          Code  Wk  startup_stm32f2xx.o [1]
DMA1_Stream7_IRQHandler
                        0x0800665d          Code  Wk  startup_stm32f2xx.o [1]
DMA2_Stream0_IRQHandler
                        0x08006681          Code  Wk  startup_stm32f2xx.o [1]
DMA2_Stream1_IRQHandler
                        0x08006685          Code  Wk  startup_stm32f2xx.o [1]
DMA2_Stream2_IRQHandler
                        0x08006689          Code  Wk  startup_stm32f2xx.o [1]
DMA2_Stream3_IRQHandler
                        0x0800668d          Code  Wk  startup_stm32f2xx.o [1]
DMA2_Stream4_IRQHandler
                        0x08006691          Code  Wk  startup_stm32f2xx.o [1]
DMA2_Stream5_IRQHandler
                        0x080066b1          Code  Wk  startup_stm32f2xx.o [1]
DMA2_Stream6_IRQHandler
                        0x080066b5          Code  Wk  startup_stm32f2xx.o [1]
DMA2_Stream7_IRQHandler
                        0x080066b9          Code  Wk  startup_stm32f2xx.o [1]
DMA_ClearFlag           0x080036e9    0x1a  Code  Gb  stm32f2xx_dma.o [1]
DMA_Cmd                 0x080036b5    0x12  Code  Gb  stm32f2xx_dma.o [1]
DMA_DeInit              0x080035a5    0xc0  Code  Gb  stm32f2xx_dma.o [1]
DMA_GetFlagStatus       0x080036c7    0x22  Code  Gb  stm32f2xx_dma.o [1]
DMA_Init                0x08003665    0x50  Code  Gb  stm32f2xx_dma.o [1]
DebugMon_Handler        0x080063e9     0x2  Code  Gb  stm32f2xx_it.o [1]
Delay                   0x08003827     0xc  Code  Gb  camera_api.o [1]
Demo_LCD_Clear          0x080037e3    0x1a  Code  Gb  camera_api.o [1]
ETH_IRQHandler          0x08006695          Code  Wk  startup_stm32f2xx.o [1]
ETH_WKUP_IRQHandler     0x08006699          Code  Wk  startup_stm32f2xx.o [1]
EXPIO_Config            0x08005b45    0x78  Code  Gb  expioint.o [1]
EXTI0_IRQHandler        0x080065b9          Code  Wk  startup_stm32f2xx.o [1]
EXTI15_10_IRQHandler    0x08006641          Code  Wk  startup_stm32f2xx.o [1]
EXTI1_IRQHandler        0x080065bd          Code  Wk  startup_stm32f2xx.o [1]
EXTI2_IRQHandler        0x08006411    0x66  Code  Gb  stm32f2xx_it.o [1]
EXTI3_IRQHandler        0x080065c5          Code  Wk  startup_stm32f2xx.o [1]
EXTI4_IRQHandler        0x080065c9          Code  Wk  startup_stm32f2xx.o [1]
EXTI9_5_IRQHandler      0x080065fd          Code  Wk  startup_stm32f2xx.o [1]
EXTI_ClearITPendingBit  0x08005c21     0x2  Code  Gb  stm32f2xx_exti.o [1]
EXTI_Init               0x08005bbd    0x64  Code  Gb  stm32f2xx_exti.o [1]
FLASH_IRQHandler        0x080065b1          Code  Wk  startup_stm32f2xx.o [1]
FSMC_IRQHandler         0x08006661          Code  Wk  startup_stm32f2xx.o [1]
FSMC_NORSRAMCmd         0x08004b2f    0x14  Code  Gb  stm32f2xx_fsmc.o [1]
FSMC_NORSRAMInit        0x08004a79    0xb6  Code  Gb  stm32f2xx_fsmc.o [1]
Font12x12               0x20000298     0x8  Data  Gb  stm322xg_eval_lcd.o [1]
Font16x24               0x20000278     0x8  Data  Gb  stm322xg_eval_lcd.o [1]
Font8x12                0x200002a0     0x8  Data  Gb  stm322xg_eval_lcd.o [1]
GPIO_CLK                0x08006088    0x10  Data  Gb  stm322xg_eval.o [1]
GPIO_Init               0x08003315    0x70  Code  Gb  stm32f2xx_gpio.o [1]
GPIO_PIN                0x08006080     0x8  Data  Gb  stm322xg_eval.o [1]
GPIO_PORT               0x20000260    0x10  Data  Gb  stm322xg_eval.o [1]
GPIO_PinAFConfig        0x08003385    0x24  Code  Gb  stm32f2xx_gpio.o [1]
HASH_RNG_IRQHandler     0x080066e1          Code  Wk  startup_stm32f2xx.o [1]
HEAP$$Base              0x200007c0           --   Gb  - Linker created -
HEAP$$Limit             0x200009c0           --   Gb  - Linker created -
HardFault_Handler       0x080063df     0x2  Code  Gb  stm32f2xx_it.o [1]
I2C1_ER_IRQHandler      0x08006621          Code  Wk  startup_stm32f2xx.o [1]
I2C1_EV_IRQHandler      0x0800661d          Code  Wk  startup_stm32f2xx.o [1]
I2C2_ER_IRQHandler      0x08006629          Code  Wk  startup_stm32f2xx.o [1]
I2C2_EV_IRQHandler      0x08006625          Code  Wk  startup_stm32f2xx.o [1]
I2C3_ER_IRQHandler      0x080066c5          Code  Wk  startup_stm32f2xx.o [1]
I2C3_EV_IRQHandler      0x080066c1          Code  Wk  startup_stm32f2xx.o [1]
I2C_AcknowledgeConfig   0x08003511    0x14  Code  Gb  stm32f2xx_i2c.o [1]
I2C_CheckEvent          0x08003557    0x1a  Code  Gb  stm32f2xx_i2c.o [1]
I2C_Cmd                 0x080034c1    0x14  Code  Gb  stm32f2xx_i2c.o [1]
I2C_DMACmd              0x0800352f    0x14  Code  Gb  stm32f2xx_i2c.o [1]
I2C_DMALastTransferCmd  0x08003543    0x14  Code  Gb  stm32f2xx_i2c.o [1]
I2C_DeInit              0x080033a9    0x52  Code  Gb  stm32f2xx_i2c.o [1]
I2C_GenerateSTART       0x080034d5    0x16  Code  Gb  stm32f2xx_i2c.o [1]
I2C_GenerateSTOP        0x080034eb    0x16  Code  Gb  stm32f2xx_i2c.o [1]
I2C_GetFlagStatus       0x08003571    0x34  Code  Gb  stm32f2xx_i2c.o [1]
I2C_Init                0x080033fb    0xb0  Code  Gb  stm32f2xx_i2c.o [1]
I2C_ReadDeviceRegister  0x080058f1    0xda  Code  Gb  stm322xg_eval_ioe.o [1]
I2C_ReceiveData         0x08003529     0x6  Code  Gb  stm32f2xx_i2c.o [1]
I2C_Send7bitAddress     0x08003501    0x10  Code  Gb  stm32f2xx_i2c.o [1]
I2C_SendData            0x08003525     0x4  Code  Gb  stm32f2xx_i2c.o [1]
I2C_WriteDeviceRegister
                        0x080057f3    0xf6  Code  Gb  stm322xg_eval_ioe.o [1]
IOE_Config              0x080056a5    0xfa  Code  Gb  stm322xg_eval_ioe.o [1]
IOE_DMA_Config          0x08005a4b    0x6a  Code  Lc  stm322xg_eval_ioe.o [1]
IOE_JoyStickGetState    0x080057a7    0x3e  Code  Gb  stm322xg_eval_ioe.o [1]
IOE_TimeOut             0x200002a8     0x4  Data  Gb  stm322xg_eval_ioe.o [1]
ImageForematArray       0x20000290     0x8  Data  Gb  camera_api.o [1]
ImageFormat             0x200003b9     0x1  Data  Gb  camera_api.o [1]
LCD_Clear               0x08003cb3    0x22  Code  Gb  stm322xg_eval_lcd.o [1]
LCD_ClearLine           0x08003c85    0x2e  Code  Gb  stm322xg_eval_lcd.o [1]
LCD_CtrlLinesConfig     0x08003e1b    0xae  Code  Gb  stm322xg_eval_lcd.o [1]
LCD_Currentfonts        0x20000274     0x4  Data  Lc  stm322xg_eval_lcd.o [1]
LCD_DisplayChar         0x08003d5d    0x1c  Code  Gb  stm322xg_eval_lcd.o [1]
LCD_DisplayStringLine   0x08003d79    0x36  Code  Gb  stm322xg_eval_lcd.o [1]
LCD_DrawChar            0x08003ce3    0x7a  Code  Gb  stm322xg_eval_lcd.o [1]
LCD_FSMCConfig          0x08003f19    0x62  Code  Gb  stm322xg_eval_lcd.o [1]
LCD_GetFont             0x08003c7d     0x8  Code  Gb  stm322xg_eval_lcd.o [1]
LCD_LOG_SetFooter       0x0800611d    0x60  Code  Gb  lcd_log.o [1]
LCD_LOG_SetHeader       0x08006099    0x84  Code  Gb  lcd_log.o [1]
LCD_SetBackColor        0x08003c65    0x10  Code  Gb  stm322xg_eval_lcd.o [1]
LCD_SetCursor           0x08003cd5     0xe  Code  Gb  stm322xg_eval_lcd.o [1]
LCD_SetDisplayWindow    0x08003daf    0x44  Code  Gb  stm322xg_eval_lcd.o [1]
LCD_SetFont             0x08003c75     0x8  Code  Gb  stm322xg_eval_lcd.o [1]
LCD_SetTextColor        0x08003c55    0x10  Code  Gb  stm322xg_eval_lcd.o [1]
LCD_WriteRAM_Prepare    0x08003dfd     0xa  Code  Gb  stm322xg_eval_lcd.o [1]
LCD_WriteReg            0x08003df3     0x4  Code  Gb  stm322xg_eval_lcd.o [1]
MemManage_Handler       0x080063e1     0x2  Code  Gb  stm32f2xx_it.o [1]
NMI_Handler             0x080063dd     0x2  Code  Gb  stm32f2xx_it.o [1]
NVIC_Init               0x08004a0b    0x58  Code  Gb  misc.o [1]
NVIC_PriorityGroupConfig
                        0x08004a01     0xa  Code  Gb  misc.o [1]
OTG_FS_IRQHandler       0x080066ad          Code  Wk  startup_stm32f2xx.o [1]
OTG_FS_WKUP_IRQHandler  0x08006649          Code  Wk  startup_stm32f2xx.o [1]
OTG_HS_EP1_IN_IRQHandler
                        0x080066cd          Code  Wk  startup_stm32f2xx.o [1]
OTG_HS_EP1_OUT_IRQHandler
                        0x080066c9          Code  Wk  startup_stm32f2xx.o [1]
OTG_HS_IRQHandler       0x080066d5          Code  Wk  startup_stm32f2xx.o [1]
OTG_HS_WKUP_IRQHandler  0x080066d1          Code  Wk  startup_stm32f2xx.o [1]
OV2640_Camera_ID        0x20000328     0x4  Data  Gb  main.o [1]
OV2640_HW_Init          0x08004055   0x140  Code  Gb  dcmi_ov2640.o [1]
OV2640_Init             0x080041cb    0x94  Code  Gb  dcmi_ov2640.o [1]
OV2640_QQVGA            0x0800437c   0x290  Data  Gb  dcmi_ov2640.o [1]
OV2640_QQVGAConfig      0x0800425f    0x28  Code  Gb  dcmi_ov2640.o [1]
OV2640_QVGA             0x0800460c   0x1b8  Data  Gb  dcmi_ov2640.o [1]
OV2640_QVGAConfig       0x08004287    0x24  Code  Gb  dcmi_ov2640.o [1]
OV2640_Reset            0x080041b5    0x10  Code  Gb  dcmi_ov2640.o [1]
OV2640_WriteReg         0x080042b7    0x90  Code  Gb  dcmi_ov2640.o [1]
OV7670_Camera_ID        0x20000324     0x4  Data  Gb  main.o [1]
OV7670_WriteReg         0x08004807    0x90  Code  Gb  dcmi_ov7670.o [1]
OV9655_Camera_ID        0x20000320     0x4  Data  Gb  main.o [1]
OV9655_HW_Init          0x08002555   0x140  Code  Gb  dcmi_ov9655.o [1]
OV9655_Init             0x080026db    0x3a  Code  Gb  dcmi_ov9655.o [1]
OV9655_InitSet          0x08002715   0x442  Code  Gb  dcmi_ov9655.o [1]
OV9655_QQVGA            0x20000000   0x130  Data  Lc  dcmi_ov9655.o [1]
OV9655_QQVGAConfig      0x08002ce5    0x24  Code  Gb  dcmi_ov9655.o [1]
OV9655_QVGA             0x20000130   0x130  Data  Lc  dcmi_ov9655.o [1]
OV9655_QVGAConfig       0x08002d09    0x34  Code  Gb  dcmi_ov9655.o [1]
OV9655_ReadID           0x080026b5    0x26  Code  Gb  dcmi_ov9655.o [1]
OV9655_ReadReg          0x08002fd9    0xd8  Code  Gb  dcmi_ov9655.o [1]
OV9655_SXGAConfig       0x08002ef1    0x40  Code  Gb  dcmi_ov9655.o [1]
OV9655_SinCapture       0x08002b7f    0x6a  Code  Gb  dcmi_ov9655.o [1]
OV9655_VGAConfig        0x08002e85     0x6  Code  Gb  dcmi_ov9655.o [1]
OV9655_WriteReg         0x08002f31    0x90  Code  Gb  dcmi_ov9655.o [1]
OV9655_ZoomPreview      0x08002c59    0x82  Code  Gb  dcmi_ov9655.o [1]
PVD_IRQHandler          0x080065a5          Code  Wk  startup_stm32f2xx.o [1]
PendSV_Handler          0x080063eb     0x2  Code  Gb  stm32f2xx_it.o [1]
PressedKey              0x200003a4     0x4  Data  Gb  camera_api.o [1]
RCC_AHB1PeriphClockCmd  0x08003281    0x12  Code  Gb  stm32f2xx_rcc.o [1]
RCC_AHB2PeriphClockCmd  0x08003293    0x12  Code  Gb  stm32f2xx_rcc.o [1]
RCC_AHB3PeriphClockCmd  0x080032a5    0x12  Code  Gb  stm32f2xx_rcc.o [1]
RCC_APB1PeriphClockCmd  0x080032b7    0x12  Code  Gb  stm32f2xx_rcc.o [1]
RCC_APB1PeriphResetCmd  0x080032db    0x12  Code  Gb  stm32f2xx_rcc.o [1]
RCC_APB2PeriphClockCmd  0x080032c9    0x12  Code  Gb  stm32f2xx_rcc.o [1]
RCC_Clocks              0x20000330    0x10  Data  Gb  main.o [1]
RCC_GetClocksFreq       0x08003205    0x7c  Code  Gb  stm32f2xx_rcc.o [1]
RCC_IRQHandler          0x080065b5          Code  Wk  startup_stm32f2xx.o [1]
RTC_Alarm_IRQHandler    0x08006645          Code  Wk  startup_stm32f2xx.o [1]
RTC_WKUP_IRQHandler     0x080065ad          Code  Wk  startup_stm32f2xx.o [1]
Region$$Table$$Base     0x080064f8           --   Gb  - Linker created -
Region$$Table$$Limit    0x0800651c           --   Gb  - Linker created -
Reset_Handler           0x08006561          Code  Wk  startup_stm32f2xx.o [1]
SDIO_IRQHandler         0x08006665          Code  Wk  startup_stm32f2xx.o [1]
SPI1_IRQHandler         0x0800662d          Code  Wk  startup_stm32f2xx.o [1]
SPI2_IRQHandler         0x08006631          Code  Wk  startup_stm32f2xx.o [1]
SPI3_IRQHandler         0x0800666d          Code  Wk  startup_stm32f2xx.o [1]
STM322xG_LCD_Init       0x08003901   0x2ce  Code  Gb  stm322xg_eval_lcd.o [1]
STM_EVAL_LEDInit        0x0800601d    0x3a  Code  Gb  stm322xg_eval.o [1]
STM_EVAL_LEDOn          0x08006057    0x14  Code  Gb  stm322xg_eval.o [1]
SVC_Handler             0x080063e7     0x2  Code  Gb  stm32f2xx_it.o [1]
SYSCFG_EXTILineConfig   0x08005b1d    0x22  Code  Gb  stm32f2xx_syscfg.o [1]
SysTick_Handler         0x080063ed     0x4  Code  Gb  stm32f2xx_it.o [1]
SystemInit              0x08006311    0xb2  Code  Gb  system_stm32f2xx.o [1]
TAMP_STAMP_IRQHandler   0x080065a9          Code  Wk  startup_stm32f2xx.o [1]
TIM1_BRK_TIM9_IRQHandler
                        0x08006601          Code  Wk  startup_stm32f2xx.o [1]
TIM1_CC_IRQHandler      0x0800660d          Code  Wk  startup_stm32f2xx.o [1]
TIM1_TRG_COM_TIM11_IRQHandler
                        0x08006609          Code  Wk  startup_stm32f2xx.o [1]
TIM1_UP_TIM10_IRQHandler
                        0x08006605          Code  Wk  startup_stm32f2xx.o [1]
TIM2_IRQHandler         0x08006611          Code  Wk  startup_stm32f2xx.o [1]
TIM3_IRQHandler         0x08006615          Code  Wk  startup_stm32f2xx.o [1]
TIM4_IRQHandler         0x08006619          Code  Wk  startup_stm32f2xx.o [1]
TIM5_IRQHandler         0x08006669          Code  Wk  startup_stm32f2xx.o [1]
TIM6_DAC_IRQHandler     0x08006679          Code  Wk  startup_stm32f2xx.o [1]
TIM7_IRQHandler         0x0800667d          Code  Wk  startup_stm32f2xx.o [1]
TIM8_BRK_TIM12_IRQHandler
                        0x0800664d          Code  Wk  startup_stm32f2xx.o [1]
TIM8_CC_IRQHandler      0x08006659          Code  Wk  startup_stm32f2xx.o [1]
TIM8_TRG_COM_TIM14_IRQHandler
                        0x08006655          Code  Wk  startup_stm32f2xx.o [1]
TIM8_UP_TIM13_IRQHandler
                        0x08006651          Code  Wk  startup_stm32f2xx.o [1]
TextColor               0x20000270     0x2  Data  Gb  stm322xg_eval_lcd.o [1]
TimingDelay             0x200003b0     0x4  Data  Lc  camera_api.o [1]
TimingDelay_Decrement   0x08003833     0xe  Code  Gb  camera_api.o [1]
UART4_IRQHandler        0x08006671          Code  Wk  startup_stm32f2xx.o [1]
UART5_IRQHandler        0x08006675          Code  Wk  startup_stm32f2xx.o [1]
USART1_IRQHandler       0x08006635          Code  Wk  startup_stm32f2xx.o [1]
USART2_IRQHandler       0x08006639          Code  Wk  startup_stm32f2xx.o [1]
USART3_IRQHandler       0x0800663d          Code  Wk  startup_stm32f2xx.o [1]
USART6_IRQHandler       0x080066bd          Code  Wk  startup_stm32f2xx.o [1]
UsageFault_Handler      0x080063e5     0x2  Code  Gb  stm32f2xx_it.o [1]
ValueMax                0x200003a1     0x1  Data  Gb  camera_api.o [1]
ValueMin                0x200003a0     0x1  Data  Gb  camera_api.o [1]
WWDG_IRQHandler         0x080065a1          Code  Wk  startup_stm32f2xx.o [1]
_EncodingSb_Mbtowc      0x08005519    0x30  Code  Gb  xencoding_sb.o [3]
_EncodingSb_Wctomb      0x080054fd    0x1c  Code  Gb  xencoding_sb.o [3]
_IsdstStr               0x200002b0     0x4  Data  Gb  setlocale.o [3]
_LitobSmall             0x08005177    0xd0  Code  Lc  xprintfsmall.o [3]
_LocaleEncoding         0x080054e9     0xe  Code  Gb  setlocale.o [3]
_LocaleReturnString     0x200002d0    0x50  Data  Lc  setlocale.o [3]
_Locale_Profile         0x200002b4    0x1c  Data  Gb  setlocale.o [3]
_Mbtowc                 0x0800528d    0x20  Code  Gb  xmbtowc.o [3]
_PrintfSmall            0x08004b51   0x41e  Code  Gb  xprintfsmall.o [3]
_PutcharsSmall          0x08005247    0x2e  Code  Lc  xprintfsmall.o [3]
_PutstrSmall            0x08004f6f   0x202  Code  Lc  xprintfsmall.o [3]
_SProut                 0x0800531b     0xa  Code  Gb  xsprout.o [3]
_TzoneStr               0x200002ac     0x4  Data  Gb  setlocale.o [3]
_Wctomb                 0x08005445    0x1a  Code  Gb  xwctomb.o [3]
__aeabi_memcpy          0x08003fb1          Code  Gb  ABImemcpy.o [5]
__aeabi_memcpy4         0x08003fd1          Code  Gb  ABImemcpy.o [5]
__aeabi_memcpy8         0x08003fd1          Code  Gb  ABImemcpy.o [5]
__aeabi_memset4         0x080062d5          Code  Gb  ABImemset48.o [5]
__aeabi_memset8         0x080062d5          Code  Gb  ABImemset48.o [5]
__cexit_clearlocks      0x0800653f          Code  Gb  cexit.o [5]
__cmain                 0x0800651d          Code  Gb  cmain.o [5]
__cstart_clearlocks     0x080066e4          Data  Gb  cstart_clearlocks.o [5]
__data_Aldata           0x200003a8     0x8  Data  Gb  xxmemxmalloc.o [3]
__data_GetMemChunk      0x0800566d    0x28  Code  Gb  xgetmemchunk.o [3]
__exit                  0x0800654d    0x14  Code  Gb  exit.o [6]
__iar_Locksyslock       0x080055cd    0x88  Code  Gb  xsyslock.o [3]
__iar_Mbcurmax          0x0800537d     0xa  Code  Gb  xmbcurmax.o [3]
__iar_Memchr            0x08005325          Code  Gb  memchr.o [5]
__iar_Memset4_word      0x080062dd          Code  Gb  ABImemset48.o [5]
__iar_Memset8_word      0x080062dd          Code  Gb  ABImemset48.o [5]
__iar_SB                0x080066e4          Data  Gb  bwt_init3c.o [5]
__iar_Strchr            0x080052ad          Code  Gb  strchr.o [5]
__iar_Unlocksyslock     0x08005655    0x12  Code  Gb  xsyslock.o [3]
__iar_clearlocks        0x08005559    0x74  Code  Gb  xsyslock.o [3]
__iar_copy_init3        0x08004027    0x2e  Code  Gb  copy_init3.o [5]
__iar_data_init3        0x080064cd    0x2c  Code  Gb  data_init3.o [5]
__iar_dlib_perthread_access
                        0x08005695     0x2  Code  Gb  xtls.o [3]
__iar_file_Mtxdst       0x08005699     0x2  Code  Gb  xmtx2.o [3]
__iar_file_Mtxinit      0x08005697     0x2  Code  Gb  xmtx2.o [3]
__iar_program_start     0x08006571          Code  Gb  cstartup_M.o [5]
__iar_system_Mtxdst     0x0800569d     0x2  Code  Gb  xmtx.o [3]
__iar_system_Mtxinit    0x0800569b     0x2  Code  Gb  xmtx.o [3]
__iar_system_Mtxlock    0x0800569f     0x2  Code  Gb  xmtx.o [3]
__iar_system_Mtxunlock  0x080056a1     0x2  Code  Gb  xmtx.o [3]
__iar_zero_init3        0x080052c3    0x22  Code  Gb  zero_init3.o [5]
__low_level_init        0x08006533     0x4  Code  Gb  low_level_init.o [3]
__vector_table          0x08000000          Data  Gb  startup_stm32f2xx.o [1]
_call_main              0x08006529          Code  Gb  cmain.o [5]
_exit                   0x0800653d          Code  Gb  cexit.o [5]
_main                   0x0800652f          Code  Gb  cmain.o [5]
buffer                  0x20000340    0x28  Data  Gb  main.o [1]
change_reg              0x080048b0   0x150  Data  Gb  dcmi_ov7670.o [1]
delay                   0x08005abf    0x20  Code  Lc  stm322xg_eval_ioe.o [1]
delay                   0x08003f7b    0x20  Code  Lc  stm322xg_eval_lcd.o [1]
exit                    0x08006537     0x4  Code  Gb  exit.o [3]
file_mtx                0x2000036c    0x20  Data  Lc  xsyslock.o [3]
free                    0x08005461    0x82  Code  Gb  xxmemxfree.o [3]
intok                   0x200003ba     0x1  Data  Gb  stm32f2xx_it.o [1]
m                       0x2000032c     0x1  Data  Gb  main.o [1]
main                    0x08005c31   0x23c  Code  Gb  main.o [1]
malloc                  0x08005389    0xb6  Code  Gb  xxmemxmalloc.o [3]
memchr                  0x08005325          Code  Gb  memchr.o [5]
mtx                     0x2000038c    0x14  Data  Lc  xsyslock.o [3]
sprintf                 0x08006185    0x34  Code  Gb  sprintf.o [3]
strchr                  0x080052ad          Code  Gb  strchr.o [5]
strlen                  0x080052e5          Code  Gb  strlen.o [5]
syslock_o               0x20000368     0x4  Data  Lc  xsyslock.o [3]
test_vga                0x08002dd1    0x72  Code  Gb  dcmi_ov9655.o [1]


[1] = F:\我的项目\CAMERA工程\Project\EWARM\STM322xG_EVAL\Obj
[2] = command line
[3] = dl7M_tlf.a
[4] = m7M_tl.a
[5] = rt7M_tl.a
[6] = shb_l.a

  17 088 bytes of readonly  code memory
   9 936 bytes of readonly  data memory
   2 491 bytes of readwrite data memory

Errors: none
Warnings: none
