###############################################################################
#                                                                             #
# IAR ELF Linker V6.30.4.53288/W32 for ARM              26/Jul/2012  21:02:07 #
# Copyright 2007-2011 IAR Systems AB.                                         #
#                                                                             #
#    Output file  =  F:\我的项目\CAMERA工程\Project\EWARM\STM322xG_EVAL\Exe\P #
#                    roject.out                                               #
#    Map file     =  F:\我的项目\CAMERA工程\Project\EWARM\STM322xG_EVAL\List\ #
#                    Project.map                                              #
#    Command line =  F:\我的项目\CAMERA工程\Project\EWARM\STM322xG_EVAL\Obj\c #
#                    amera_api.o F:\我的项目\CAMERA工程\Project\EWARM\STM322x #
#                    G_EVAL\Obj\dcmi_ov2640.o F:\我的项目\CAMERA工程\Project\ #
#                    EWARM\STM322xG_EVAL\Obj\dcmi_ov7670.o                    #
#                    F:\我的项目\CAMERA工程\Project\EWARM\STM322xG_EVAL\Obj\d #
#                    cmi_ov9655.o F:\我的项目\CAMERA工程\Project\EWARM\STM322 #
#                    xG_EVAL\Obj\expioint.o F:\我的项目\CAMERA工程\Project\EW #
#                    ARM\STM322xG_EVAL\Obj\lcd_log.o                          #
#                    F:\我的项目\CAMERA工程\Project\EWARM\STM322xG_EVAL\Obj\m #
#                    ain.o F:\我的项目\CAMERA工程\Project\EWARM\STM322xG_EVAL #
#                    \Obj\misc.o F:\我的项目\CAMERA工程\Project\EWARM\STM322x #
#                    G_EVAL\Obj\startup_stm32f2xx.o                           #
#                    F:\我的项目\CAMERA工程\Project\EWARM\STM322xG_EVAL\Obj\s #
#                    tm322xg_eval.o F:\我的项目\CAMERA工程\Project\EWARM\STM3 #
#                    22xG_EVAL\Obj\stm322xg_eval_fsmc_sram.o                  #
#                    F:\我的项目\CAMERA工程\Project\EWARM\STM322xG_EVAL\Obj\s #
#                    tm322xg_eval_ioe.o F:\我的项目\CAMERA工程\Project\EWARM\ #
#                    STM322xG_EVAL\Obj\stm322xg_eval_lcd.o                    #
#                    F:\我的项目\CAMERA工程\Project\EWARM\STM322xG_EVAL\Obj\s #
#                    tm32f2xx_adc.o F:\我的项目\CAMERA工程\Project\EWARM\STM3 #
#                    22xG_EVAL\Obj\stm32f2xx_can.o                            #
#                    F:\我的项目\CAMERA工程\Project\EWARM\STM322xG_EVAL\Obj\s #
#                    tm32f2xx_crc.o F:\我的项目\CAMERA工程\Project\EWARM\STM3 #
#                    22xG_EVAL\Obj\stm32f2xx_cryp.o                           #
#                    F:\我的项目\CAMERA工程\Project\EWARM\STM322xG_EVAL\Obj\s #
#                    tm32f2xx_cryp_aes.o F:\我的项目\CAMERA工程\Project\EWARM #
#                    \STM322xG_EVAL\Obj\stm32f2xx_cryp_des.o                  #
#                    F:\我的项目\CAMERA工程\Project\EWARM\STM322xG_EVAL\Obj\s #
#                    tm32f2xx_cryp_tdes.o F:\我的项目\CAMERA工程\Project\EWAR #
#                    M\STM322xG_EVAL\Obj\stm32f2xx_dac.o                      #
#                    F:\我的项目\CAMERA工程\Project\EWARM\STM322xG_EVAL\Obj\s #
#                    tm32f2xx_dbgmcu.o F:\我的项目\CAMERA工程\Project\EWARM\S #
#                    TM322xG_EVAL\Obj\stm32f2xx_dcmi.o                        #
#                    F:\我的项目\CAMERA工程\Project\EWARM\STM322xG_EVAL\Obj\s #
#                    tm32f2xx_dma.o F:\我的项目\CAMERA工程\Project\EWARM\STM3 #
#                    22xG_EVAL\Obj\stm32f2xx_exti.o                           #
#                    F:\我的项目\CAMERA工程\Project\EWARM\STM322xG_EVAL\Obj\s #
#                    tm32f2xx_flash.o F:\我的项目\CAMERA工程\Project\EWARM\ST #
#                    M322xG_EVAL\Obj\stm32f2xx_fsmc.o                         #
#                    F:\我的项目\CAMERA工程\Project\EWARM\STM322xG_EVAL\Obj\s #
#                    tm32f2xx_gpio.o F:\我的项目\CAMERA工程\Project\EWARM\STM #
#                    322xG_EVAL\Obj\stm32f2xx_hash.o                          #
#                    F:\我的项目\CAMERA工程\Project\EWARM\STM322xG_EVAL\Obj\s #
#                    tm32f2xx_hash_md5.o F:\我的项目\CAMERA工程\Project\EWARM #
#                    \STM322xG_EVAL\Obj\stm32f2xx_hash_sha1.o                 #
#                    F:\我的项目\CAMERA工程\Project\EWARM\STM322xG_EVAL\Obj\s #
#                    tm32f2xx_i2c.o F:\我的项目\CAMERA工程\Project\EWARM\STM3 #
#                    22xG_EVAL\Obj\stm32f2xx_it.o                             #
#                    F:\我的项目\CAMERA工程\Project\EWARM\STM322xG_EVAL\Obj\s #
#                    tm32f2xx_iwdg.o F:\我的项目\CAMERA工程\Project\EWARM\STM #
#                    322xG_EVAL\Obj\stm32f2xx_pwr.o                           #
#                    F:\我的项目\CAMERA工程\Project\EWARM\STM322xG_EVAL\Obj\s #
#                    tm32f2xx_rcc.o F:\我的项目\CAMERA工程\Project\EWARM\STM3 #
#                    22xG_EVAL\Obj\stm32f2xx_rng.o                            #
#                    F:\我的项目\CAMERA工程\Project\EWARM\STM322xG_EVAL\Obj\s #
#                    tm32f2xx_rtc.o F:\我的项目\CAMERA工程\Project\EWARM\STM3 #
#                    22xG_EVAL\Obj\stm32f2xx_sdio.o                           #
#                    F:\我的项目\CAMERA工程\Project\EWARM\STM322xG_EVAL\Obj\s #
#                    tm32f2xx_spi.o F:\我的项目\CAMERA工程\Project\EWARM\STM3 #
#                    22xG_EVAL\Obj\stm32f2xx_syscfg.o                         #
#                    F:\我的项目\CAMERA工程\Project\EWARM\STM322xG_EVAL\Obj\s #
#                    tm32f2xx_tim.o F:\我的项目\CAMERA工程\Project\EWARM\STM3 #
#                    22xG_EVAL\Obj\stm32f2xx_usart.o                          #
#                    F:\我的项目\CAMERA工程\Project\EWARM\STM322xG_EVAL\Obj\s #
#                    tm32f2xx_wwdg.o F:\我的项目\CAMERA工程\Project\EWARM\STM #
#                    322xG_EVAL\Obj\system_stm32f2xx.o --redirect             #
#                    _Printf=_PrintfSmall --redirect _Scanf=_ScanfSmall -o    #
#                    F:\我的项目\CAMERA工程\Project\EWARM\STM322xG_EVAL\Exe\P #
#                    roject.out --map F:\我的项目\CAMERA工程\Project\EWARM\ST #
#                    M322xG_EVAL\List\Project.map --config                    #
#                    F:\我的项目\CAMERA工程\Project\EWARM\stm32f2xx_flash.icf #
#                     --semihosting --entry __iar_program_start --vfe         #
#                                                                             #
#                                                                             #
###############################################################################

*******************************************************************************
*** RUNTIME MODEL ATTRIBUTES
***

CppFlavor                     = *
__Heap_Handler                = Basic
__SystemLibrary               = DLib
__dlib_dynamic_initialization = normal


*******************************************************************************
*** PLACEMENT SUMMARY
***

"A1":  place at 0x08000000 { ro section .intvec };
"P1":  place in [from 0x08000000 to 0x080fffff] { ro };
"P2":  place in [from 0x20000000 to 0x20020000] { rw, block CSTACK, block HEAP };

  Section            Kind        Address    Size  Object
  -------            ----        -------    ----  ------
"A1":                                      0x184
  .intvec            ro code  0x08000000   0x184  startup_stm32f2xx.o [1]
                            - 0x08000184   0x184

"P1":                                     0x5e94
  .rodata            const    0x08000184  0x23d0  stm322xg_eval_lcd.o [1]
  .text              ro code  0x08002554   0x7b0  dcmi_ov2640.o [1]
  .text              ro code  0x08002d04   0x110  stm32f2xx_rcc.o [1]
  .text              ro code  0x08002e14    0x94  stm32f2xx_gpio.o [1]
  .text              ro code  0x08002ea8   0x1fc  stm32f2xx_i2c.o [1]
  .text              ro code  0x080030a4   0x1c4  stm32f2xx_dma.o [1]
  .text              ro code  0x08003268    0x64  stm32f2xx_dcmi.o [1]
  .text              ro code  0x080032cc    0xb8  camera_api.o [1]
  .text              ro code  0x08003384   0x414  dcmi_ov9655.o [1]
  .text              ro code  0x08003798   0x23c  dcmi_ov7670.o [1]
  .text              ro code  0x080039d4   0x6b0  stm322xg_eval_lcd.o [1]
  .text              ro code  0x08004084    0xd8  stm32f2xx_fsmc.o [1]
  .text              ro code  0x0800415c   0x73c  xprintfsmall.o [3]
  .text              ro code  0x08004898    0x20  xmbtowc.o [3]
  .text              ro code  0x080048b8    0x16  strchr.o [5]
  .text              ro code  0x080048ce    0x2e  copy_init3.o [5]
  .text              ro code  0x080048fc    0x36  strlen.o [5]
  .text              ro code  0x08004932    0x22  zero_init3.o [5]
  .text              ro code  0x08004954    0x58  memchr.o [5]
  .text              ro code  0x080049ac     0xa  xmbcurmax.o [3]
  .text              ro code  0x080049b6     0xa  xsprout.o [3]
  .text              ro code  0x080049c0    0xbc  xxmemxmalloc.o [3]
  .text              ro code  0x08004a7c    0x1a  xwctomb.o [3]
  .text              ro code  0x08004a98    0x76  ABImemcpy.o [5]
  .text              ro code  0x08004b10    0x88  xxmemxfree.o [3]
  .text              ro code  0x08004b98    0x14  setlocale.o [3]
  .text              ro code  0x08004bac    0x5c  xencoding_sb.o [3]
  .text              ro code  0x08004c08   0x114  xsyslock.o [3]
  .text              ro code  0x08004d1c    0x28  xgetmemchunk.o [3]
  .text              ro code  0x08004d44     0x2  xtls.o [3]
  .text              ro code  0x08004d46     0x4  xmtx2.o [3]
  .text              ro code  0x08004d4a     0x8  xmtx.o [3]
  .text              ro code  0x08004d54   0x478  stm322xg_eval_ioe.o [1]
  .text              ro code  0x080051cc    0x28  stm32f2xx_syscfg.o [1]
  .text              ro code  0x080051f4    0x78  expioint.o [1]
  .text              ro code  0x0800526c    0x74  stm32f2xx_exti.o [1]
  .text              ro code  0x080052e0    0x68  misc.o [1]
  .text              ro code  0x08005348   0x374  main.o [1]
  .text              ro code  0x080056bc    0x94  stm322xg_eval.o [1]
  .text              ro code  0x08005750    0xec  lcd_log.o [1]
  .text              ro code  0x0800583c    0x34  sprintf.o [3]
  .text              ro code  0x08005870   0x120  stm32f2xx_adc.o [1]
  .text              ro code  0x08005990    0x3a  ABImemset48.o [5]
  .text              ro code  0x080059cc    0xcc  system_stm32f2xx.o [1]
  .text              ro code  0x08005a98    0x8c  stm32f2xx_it.o [1]
  .rodata            const    0x08005b24    0x30  camera_api.o [1]
  .text              ro code  0x08005b54    0x2c  data_init3.o [5]
  .iar.init_table    const    0x08005b80    0x24  - Linker created -
  .text              ro code  0x08005ba4    0x16  cmain.o [5]
  .text              ro code  0x08005bba     0x4  low_level_init.o [3]
  .text              ro code  0x08005bbe     0x4  exit.o [3]
  .text              ro code  0x08005bc4     0xe  cexit.o [5]
  .text              ro code  0x08005bd4    0x14  exit.o [6]
  .text              ro code  0x08005be8    0x10  startup_stm32f2xx.o [1]
  .text              ro code  0x08005bf8     0xc  cstartup_M.o [5]
  .text              ro code  0x08005c04     0x4  startup_stm32f2xx.o [1]
  .text              ro code  0x08005c08     0x4  startup_stm32f2xx.o [1]
  .text              ro code  0x08005c0c     0x4  startup_stm32f2xx.o [1]
  .text              ro code  0x08005c10     0x4  startup_stm32f2xx.o [1]
  .text              ro code  0x08005c14     0x4  startup_stm32f2xx.o [1]
  .text              ro code  0x08005c18     0x4  startup_stm32f2xx.o [1]
  .text              ro code  0x08005c1c     0x4  startup_stm32f2xx.o [1]
  .text              ro code  0x08005c20     0x4  startup_stm32f2xx.o [1]
  .text              ro code  0x08005c24     0x4  startup_stm32f2xx.o [1]
  .text              ro code  0x08005c28     0x4  startup_stm32f2xx.o [1]
  .text              ro code  0x08005c2c     0x4  startup_stm32f2xx.o [1]
  .text              ro code  0x08005c30     0x4  startup_stm32f2xx.o [1]
  .text              ro code  0x08005c34     0x4  startup_stm32f2xx.o [1]
  .text              ro code  0x08005c38     0x4  startup_stm32f2xx.o [1]
  .text              ro code  0x08005c3c     0x4  startup_stm32f2xx.o [1]
  .text              ro code  0x08005c40     0x4  startup_stm32f2xx.o [1]
  .text              ro code  0x08005c44     0x4  startup_stm32f2xx.o [1]
  .text              ro code  0x08005c48     0x4  startup_stm32f2xx.o [1]
  .text              ro code  0x08005c4c     0x4  startup_stm32f2xx.o [1]
  .text              ro code  0x08005c50     0x4  startup_stm32f2xx.o [1]
  .text              ro code  0x08005c54     0x4  startup_stm32f2xx.o [1]
  .text              ro code  0x08005c58     0x4  startup_stm32f2xx.o [1]
  .text              ro code  0x08005c5c     0x4  startup_stm32f2xx.o [1]
  .text              ro code  0x08005c60     0x4  startup_stm32f2xx.o [1]
  .text              ro code  0x08005c64     0x4  startup_stm32f2xx.o [1]
  .text              ro code  0x08005c68     0x4  startup_stm32f2xx.o [1]
  .text              ro code  0x08005c6c     0x4  startup_stm32f2xx.o [1]
  .text              ro code  0x08005c70     0x4  startup_stm32f2xx.o [1]
  .text              ro code  0x08005c74     0x4  startup_stm32f2xx.o [1]
  .text              ro code  0x08005c78     0x4  startup_stm32f2xx.o [1]
  .text              ro code  0x08005c7c     0x4  startup_stm32f2xx.o [1]
  .text              ro code  0x08005c80     0x4  startup_stm32f2xx.o [1]
  .text              ro code  0x08005c84     0x4  startup_stm32f2xx.o [1]
  .text              ro code  0x08005c88     0x4  startup_stm32f2xx.o [1]
  .text              ro code  0x08005c8c     0x4  startup_stm32f2xx.o [1]
  .text              ro code  0x08005c90     0x4  startup_stm32f2xx.o [1]
  .text              ro code  0x08005c94     0x4  startup_stm32f2xx.o [1]
  .text              ro code  0x08005c98     0x4  startup_stm32f2xx.o [1]
  .text              ro code  0x08005c9c     0x4  startup_stm32f2xx.o [1]
  .text              ro code  0x08005ca0     0x4  startup_stm32f2xx.o [1]
  .text              ro code  0x08005ca4     0x4  startup_stm32f2xx.o [1]
  .text              ro code  0x08005ca8     0x4  startup_stm32f2xx.o [1]
  .text              ro code  0x08005cac     0x4  startup_stm32f2xx.o [1]
  .text              ro code  0x08005cb0     0x4  startup_stm32f2xx.o [1]
  .text              ro code  0x08005cb4     0x4  startup_stm32f2xx.o [1]
  .text              ro code  0x08005cb8     0x4  startup_stm32f2xx.o [1]
  .text              ro code  0x08005cbc     0x4  startup_stm32f2xx.o [1]
  .text              ro code  0x08005cc0     0x4  startup_stm32f2xx.o [1]
  .text              ro code  0x08005cc4     0x4  startup_stm32f2xx.o [1]
  .text              ro code  0x08005cc8     0x4  startup_stm32f2xx.o [1]
  .text              ro code  0x08005ccc     0x4  startup_stm32f2xx.o [1]
  .text              ro code  0x08005cd0     0x4  startup_stm32f2xx.o [1]
  .text              ro code  0x08005cd4     0x4  startup_stm32f2xx.o [1]
  .text              ro code  0x08005cd8     0x4  startup_stm32f2xx.o [1]
  .text              ro code  0x08005cdc     0x4  startup_stm32f2xx.o [1]
  .text              ro code  0x08005ce0     0x4  startup_stm32f2xx.o [1]
  .text              ro code  0x08005ce4     0x4  startup_stm32f2xx.o [1]
  .text              ro code  0x08005ce8     0x4  startup_stm32f2xx.o [1]
  .text              ro code  0x08005cec     0x4  startup_stm32f2xx.o [1]
  .text              ro code  0x08005cf0     0x4  startup_stm32f2xx.o [1]
  .text              ro code  0x08005cf4     0x4  startup_stm32f2xx.o [1]
  .text              ro code  0x08005cf8     0x4  startup_stm32f2xx.o [1]
  .text              ro code  0x08005cfc     0x4  startup_stm32f2xx.o [1]
  .text              ro code  0x08005d00     0x4  startup_stm32f2xx.o [1]
  .text              ro code  0x08005d04     0x4  startup_stm32f2xx.o [1]
  .text              ro code  0x08005d08     0x4  startup_stm32f2xx.o [1]
  .text              ro code  0x08005d0c     0x4  startup_stm32f2xx.o [1]
  .text              ro code  0x08005d10     0x4  startup_stm32f2xx.o [1]
  .text              ro code  0x08005d14     0x4  startup_stm32f2xx.o [1]
  .text              ro code  0x08005d18     0x4  startup_stm32f2xx.o [1]
  .text              ro code  0x08005d1c     0x4  startup_stm32f2xx.o [1]
  .text              ro code  0x08005d20     0x4  startup_stm32f2xx.o [1]
  .text              ro code  0x08005d24     0x4  startup_stm32f2xx.o [1]
  .text              ro code  0x08005d28     0x4  startup_stm32f2xx.o [1]
  .text              ro code  0x08005d2c     0x4  startup_stm32f2xx.o [1]
  .text              ro code  0x08005d30     0x4  startup_stm32f2xx.o [1]
  .text              ro code  0x08005d34     0x4  startup_stm32f2xx.o [1]
  .text              ro code  0x08005d38     0x4  startup_stm32f2xx.o [1]
  .text              ro code  0x08005d3c     0x4  startup_stm32f2xx.o [1]
  .text              ro code  0x08005d40     0x4  startup_stm32f2xx.o [1]
  .text              ro code  0x08005d44     0x4  startup_stm32f2xx.o [1]
  .text              ro code  0x08005d48     0x4  startup_stm32f2xx.o [1]
  .text              ro code  0x08005d4c     0x4  startup_stm32f2xx.o [1]
  .text              ro code  0x08005d50     0x4  startup_stm32f2xx.o [1]
  .text              ro code  0x08005d54     0x4  startup_stm32f2xx.o [1]
  .text              ro code  0x08005d58     0x4  startup_stm32f2xx.o [1]
  .text              ro code  0x08005d5c     0x4  startup_stm32f2xx.o [1]
  .text              ro code  0x08005d60     0x4  startup_stm32f2xx.o [1]
  .text              ro code  0x08005d64     0x4  startup_stm32f2xx.o [1]
  .text              ro code  0x08005d68     0x4  startup_stm32f2xx.o [1]
  .text              ro code  0x08005d6c     0x0  cstart_clearlocks.o [5]
  .rodata            const    0x08005d6c     0x0  bwt_init3c.o [5]
  Initializer bytes  ro data  0x08005d6c   0x2ac  <for P2 s0>
                            - 0x08006018  0x5e94

"P2", part 1 of 3:                         0x2ac
  P2 s0                       0x20000000   0x2ac  <Init block>
    .data            inited   0x20000000   0x130  dcmi_ov9655.o [1]
    .data            inited   0x20000130   0x130  dcmi_ov9655.o [1]
    .data            inited   0x20000260    0x10  stm322xg_eval.o [1]
    .data            inited   0x20000270    0x10  stm322xg_eval_lcd.o [1]
    .data            inited   0x20000280    0x10  stm32f2xx_rcc.o [1]
    .data            inited   0x20000290     0x8  camera_api.o [1]
    .data            inited   0x20000298     0x8  stm322xg_eval_lcd.o [1]
    .data            inited   0x200002a0     0x8  stm322xg_eval_lcd.o [1]
    .data            inited   0x200002a8     0x4  stm322xg_eval_ioe.o [1]
                            - 0x200002ac   0x2ac

"P2", part 2 of 3:                         0x114
  __DLIB_PERTHREAD   zero     0x200002ac    0x74  setlocale.o [3]
  .bss               zero     0x20000320    0x48  main.o [1]
  .bss               zero     0x20000368    0x38  xsyslock.o [3]
  .bss               zero     0x200003a0     0x8  camera_api.o [1]
  .bss               zero     0x200003a8     0x8  xxmemxmalloc.o [3]
  .bss               zero     0x200003b0     0x4  camera_api.o [1]
  .bss               zero     0x200003b4     0x4  xgetmemchunk.o [3]
  .bss               zero     0x200003b8     0x2  camera_api.o [1]
                            - 0x200003ba   0x10e

"P2", part 3 of 3:                         0x600
  CSTACK                      0x200003c0   0x400  <Block>
    CSTACK           uninit   0x200003c0   0x400  <Block tail>
  HEAP                        0x200007c0   0x200  <Block>
    HEAP             uninit   0x200007c0   0x200  <Block tail>
                            - 0x200009c0   0x600


*******************************************************************************
*** INIT TABLE
***

          Address     Size
          -------     ----
Zero (__iar_zero_init3)
    1 destination range, total size 0x10e:
          0x200002ac  0x10e

Copy (__iar_copy_init3)
    1 source range, total size 0x2ac:
          0x08005d6c  0x2ac
    1 destination range, total size 0x2ac:
          0x20000000  0x2ac



*******************************************************************************
*** MODULE SUMMARY
***

    Module               ro code  ro data  rw data
    ------               -------  -------  -------
F:\我的项目\CAMERA工程\Project\EWARM\STM322xG_EVAL\Obj: [1]
    camera_api.o             184       56       22
    dcmi_ov2640.o          1 968
    dcmi_ov7670.o            572
    dcmi_ov9655.o          1 044      608      608
    expioint.o               120
    lcd_log.o                236
    main.o                   884                72
    misc.o                   104
    startup_stm32f2xx.o      764
    stm322xg_eval.o          148       16       16
    stm322xg_eval_ioe.o    1 144        4        4
    stm322xg_eval_lcd.o    1 712    9 200       32
    stm32f2xx_adc.o          288
    stm32f2xx_dcmi.o         100
    stm32f2xx_dma.o          452
    stm32f2xx_exti.o         116
    stm32f2xx_fsmc.o         216
    stm32f2xx_gpio.o         148
    stm32f2xx_i2c.o          508
    stm32f2xx_it.o           140
    stm32f2xx_rcc.o          272       16       16
    stm32f2xx_syscfg.o        40
    system_stm32f2xx.o       204
    ----------------------------------------------
    Total:                11 364    9 900      770

command line: [2]
    ----------------------------------------------
    Total:

dl7M_tlf.a: [3]
    exit.o                     4
    low_level_init.o           4
    setlocale.o               20               116
    sprintf.o                 52
    xencoding_sb.o            92
    xgetmemchunk.o            40                 4
    xmbcurmax.o               10
    xmbtowc.o                 32
    xmtx.o                     8
    xmtx2.o                    4
    xprintfsmall.o         1 852
    xsprout.o                 10
    xsyslock.o               276                56
    xtls.o                     2
    xwctomb.o                 26
    xxmemxfree.o             136
    xxmemxmalloc.o           188                 8
    ----------------------------------------------
    Total:                 2 756               184

m7M_tl.a: [4]
    ----------------------------------------------
    Total:

rt7M_tl.a: [5]
    ABImemcpy.o              118
    ABImemset48.o             58
    bwt_init3c.o
    cexit.o                   14
    cmain.o                   22
    copy_init3.o              46
    cstart_clearlocks.o
    cstartup_M.o              12
    data_init3.o              44
    memchr.o                  88
    strchr.o                  22
    strlen.o                  54
    zero_init3.o              34
    ----------------------------------------------
    Total:                   512

shb_l.a: [6]
    exit.o                    20
    ----------------------------------------------
    Total:                    20

    Gaps                      12
    Linker created                     36    1 536
--------------------------------------------------
    Grand Total:          14 664    9 936    2 490


*******************************************************************************
*** ENTRY LIST
***

Entry                      Address    Size  Type      Object
-----                      -------    ----  ----      ------
?main                   0x08005ba5          Code  Gb  cmain.o [5]
ADCVal                  0x2000032c     0x2  Data  Gb  main.o [1]
ADC_Cmd                 0x080058e1    0x12  Code  Gb  stm32f2xx_adc.o [1]
ADC_CommonInit          0x080058c5    0x1c  Code  Gb  stm32f2xx_adc.o [1]
ADC_Config              0x0800552b    0x92  Code  Gb  main.o [1]
ADC_GetConversionValue  0x0800597b     0x6  Code  Gb  stm32f2xx_adc.o [1]
ADC_IRQHandler          0x08005c71          Code  Wk  startup_stm32f2xx.o [1]
ADC_Init                0x08005871    0x40  Code  Gb  stm32f2xx_adc.o [1]
ADC_RegularChannelConfig
                        0x080058f3    0x7e  Code  Gb  stm32f2xx_adc.o [1]
ADC_SoftwareStartConv   0x08005971     0xa  Code  Gb  stm32f2xx_adc.o [1]
ADC_StructInit          0x080058b1    0x14  Code  Gb  stm32f2xx_adc.o [1]
APBAHBPrescTable        0x20000280    0x10  Data  Lc  stm32f2xx_rcc.o [1]
ASCII12x12_Table        0x08001354   0x900  Data  Gb  stm322xg_eval_lcd.o [1]
ASCII16x24_Table        0x08000184  0x11d0  Data  Gb  stm322xg_eval_lcd.o [1]
ASCII8x12_Table         0x08001c54   0x900  Data  Gb  stm322xg_eval_lcd.o [1]
BackColor               0x20000272     0x2  Data  Gb  stm322xg_eval_lcd.o [1]
BusFault_Handler        0x08005a9f     0x2  Code  Gb  stm32f2xx_it.o [1]
CAN1_RX0_IRQHandler     0x08005c79          Code  Wk  startup_stm32f2xx.o [1]
CAN1_RX1_IRQHandler     0x08005c7d          Code  Wk  startup_stm32f2xx.o [1]
CAN1_SCE_IRQHandler     0x08005c81          Code  Wk  startup_stm32f2xx.o [1]
CAN1_TX_IRQHandler      0x08005c75          Code  Wk  startup_stm32f2xx.o [1]
CAN2_RX0_IRQHandler     0x08005d29          Code  Wk  startup_stm32f2xx.o [1]
CAN2_RX1_IRQHandler     0x08005d2d          Code  Wk  startup_stm32f2xx.o [1]
CAN2_SCE_IRQHandler     0x08005d31          Code  Wk  startup_stm32f2xx.o [1]
CAN2_TX_IRQHandler      0x08005d25          Code  Wk  startup_stm32f2xx.o [1]
CRYP_IRQHandler         0x08005d65          Code  Wk  startup_stm32f2xx.o [1]
CSTACK$$Base            0x200003c0           --   Gb  - Linker created -
CSTACK$$Limit           0x200007c0           --   Gb  - Linker created -
Camera                  0x200003b8     0x1  Data  Gb  camera_api.o [1]
Camera_Config           0x080032cd    0x7a  Code  Gb  camera_api.o [1]
DCMI_CaptureCmd         0x080032ad    0x14  Code  Gb  stm32f2xx_dcmi.o [1]
DCMI_Cmd                0x08003299    0x14  Code  Gb  stm32f2xx_dcmi.o [1]
DCMI_IRQHandler         0x08005d61          Code  Wk  startup_stm32f2xx.o [1]
DCMI_Init               0x08003269    0x30  Code  Gb  stm32f2xx_dcmi.o [1]
DCMI_OV7670_Init        0x08003799    0x42  Code  Gb  dcmi_ov7670.o [1]
DMA1_Stream0_IRQHandler
                        0x08005c55          Code  Wk  startup_stm32f2xx.o [1]
DMA1_Stream1_IRQHandler
                        0x08005c59          Code  Wk  startup_stm32f2xx.o [1]
DMA1_Stream2_IRQHandler
                        0x08005c5d          Code  Wk  startup_stm32f2xx.o [1]
DMA1_Stream3_IRQHandler
                        0x08005c61          Code  Wk  startup_stm32f2xx.o [1]
DMA1_Stream4_IRQHandler
                        0x08005c65          Code  Wk  startup_stm32f2xx.o [1]
DMA1_Stream5_IRQHandler
                        0x08005c69          Code  Wk  startup_stm32f2xx.o [1]
DMA1_Stream6_IRQHandler
                        0x08005c6d          Code  Wk  startup_stm32f2xx.o [1]
DMA1_Stream7_IRQHandler
                        0x08005ce5          Code  Wk  startup_stm32f2xx.o [1]
DMA2_Stream0_IRQHandler
                        0x08005d09          Code  Wk  startup_stm32f2xx.o [1]
DMA2_Stream1_IRQHandler
                        0x08005d0d          Code  Wk  startup_stm32f2xx.o [1]
DMA2_Stream2_IRQHandler
                        0x08005d11          Code  Wk  startup_stm32f2xx.o [1]
DMA2_Stream3_IRQHandler
                        0x08005d15          Code  Wk  startup_stm32f2xx.o [1]
DMA2_Stream4_IRQHandler
                        0x08005d19          Code  Wk  startup_stm32f2xx.o [1]
DMA2_Stream5_IRQHandler
                        0x08005d39          Code  Wk  startup_stm32f2xx.o [1]
DMA2_Stream6_IRQHandler
                        0x08005d3d          Code  Wk  startup_stm32f2xx.o [1]
DMA2_Stream7_IRQHandler
                        0x08005d41          Code  Wk  startup_stm32f2xx.o [1]
DMA_ClearFlag           0x080031e9    0x1a  Code  Gb  stm32f2xx_dma.o [1]
DMA_Cmd                 0x080031b5    0x12  Code  Gb  stm32f2xx_dma.o [1]
DMA_DeInit              0x080030a5    0xc0  Code  Gb  stm32f2xx_dma.o [1]
DMA_GetFlagStatus       0x080031c7    0x22  Code  Gb  stm32f2xx_dma.o [1]
DMA_Init                0x08003165    0x50  Code  Gb  stm32f2xx_dma.o [1]
DebugMon_Handler        0x08005aa5     0x2  Code  Gb  stm32f2xx_it.o [1]
Delay                   0x08003361     0xc  Code  Gb  camera_api.o [1]
Demo_LCD_Clear          0x08003347    0x1a  Code  Gb  camera_api.o [1]
ETH_IRQHandler          0x08005d1d          Code  Wk  startup_stm32f2xx.o [1]
ETH_WKUP_IRQHandler     0x08005d21          Code  Wk  startup_stm32f2xx.o [1]
EXPIO_Config            0x080051f5    0x78  Code  Gb  expioint.o [1]
EXTI0_IRQHandler        0x08005c41          Code  Wk  startup_stm32f2xx.o [1]
EXTI15_10_IRQHandler    0x08005cc9          Code  Wk  startup_stm32f2xx.o [1]
EXTI1_IRQHandler        0x08005c45          Code  Wk  startup_stm32f2xx.o [1]
EXTI2_IRQHandler        0x08005aad    0x5c  Code  Gb  stm32f2xx_it.o [1]
EXTI3_IRQHandler        0x08005c4d          Code  Wk  startup_stm32f2xx.o [1]
EXTI4_IRQHandler        0x08005c51          Code  Wk  startup_stm32f2xx.o [1]
EXTI9_5_IRQHandler      0x08005c85          Code  Wk  startup_stm32f2xx.o [1]
EXTI_ClearITPendingBit  0x080052d1     0x2  Code  Gb  stm32f2xx_exti.o [1]
EXTI_Init               0x0800526d    0x64  Code  Gb  stm32f2xx_exti.o [1]
FLASH_IRQHandler        0x08005c39          Code  Wk  startup_stm32f2xx.o [1]
FSMC_IRQHandler         0x08005ce9          Code  Wk  startup_stm32f2xx.o [1]
FSMC_NORSRAMCmd         0x0800413b    0x14  Code  Gb  stm32f2xx_fsmc.o [1]
FSMC_NORSRAMInit        0x08004085    0xb6  Code  Gb  stm32f2xx_fsmc.o [1]
Font12x12               0x20000298     0x8  Data  Gb  stm322xg_eval_lcd.o [1]
Font16x24               0x20000278     0x8  Data  Gb  stm322xg_eval_lcd.o [1]
Font8x12                0x200002a0     0x8  Data  Gb  stm322xg_eval_lcd.o [1]
GPIO_CLK                0x08005740    0x10  Data  Gb  stm322xg_eval.o [1]
GPIO_Init               0x08002e15    0x70  Code  Gb  stm32f2xx_gpio.o [1]
GPIO_PIN                0x08005738     0x8  Data  Gb  stm322xg_eval.o [1]
GPIO_PORT               0x20000260    0x10  Data  Gb  stm322xg_eval.o [1]
GPIO_PinAFConfig        0x08002e85    0x24  Code  Gb  stm32f2xx_gpio.o [1]
HASH_RNG_IRQHandler     0x08005d69          Code  Wk  startup_stm32f2xx.o [1]
HEAP$$Base              0x200007c0           --   Gb  - Linker created -
HEAP$$Limit             0x200009c0           --   Gb  - Linker created -
HardFault_Handler       0x08005a9b     0x2  Code  Gb  stm32f2xx_it.o [1]
I2C1_ER_IRQHandler      0x08005ca9          Code  Wk  startup_stm32f2xx.o [1]
I2C1_EV_IRQHandler      0x08005ca5          Code  Wk  startup_stm32f2xx.o [1]
I2C2_ER_IRQHandler      0x08005cb1          Code  Wk  startup_stm32f2xx.o [1]
I2C2_EV_IRQHandler      0x08005cad          Code  Wk  startup_stm32f2xx.o [1]
I2C3_ER_IRQHandler      0x08005d4d          Code  Wk  startup_stm32f2xx.o [1]
I2C3_EV_IRQHandler      0x08005d49          Code  Wk  startup_stm32f2xx.o [1]
I2C_AcknowledgeConfig   0x08003011    0x14  Code  Gb  stm32f2xx_i2c.o [1]
I2C_CheckEvent          0x08003057    0x1a  Code  Gb  stm32f2xx_i2c.o [1]
I2C_Cmd                 0x08002fc1    0x14  Code  Gb  stm32f2xx_i2c.o [1]
I2C_DMACmd              0x0800302f    0x14  Code  Gb  stm32f2xx_i2c.o [1]
I2C_DMALastTransferCmd  0x08003043    0x14  Code  Gb  stm32f2xx_i2c.o [1]
I2C_DeInit              0x08002ea9    0x52  Code  Gb  stm32f2xx_i2c.o [1]
I2C_GenerateSTART       0x08002fd5    0x16  Code  Gb  stm32f2xx_i2c.o [1]
I2C_GenerateSTOP        0x08002feb    0x16  Code  Gb  stm32f2xx_i2c.o [1]
I2C_GetFlagStatus       0x08003071    0x34  Code  Gb  stm32f2xx_i2c.o [1]
I2C_Init                0x08002efb    0xb0  Code  Gb  stm32f2xx_i2c.o [1]
I2C_ReadDeviceRegister  0x08004fa1    0xda  Code  Gb  stm322xg_eval_ioe.o [1]
I2C_ReceiveData         0x08003029     0x6  Code  Gb  stm32f2xx_i2c.o [1]
I2C_Send7bitAddress     0x08003001    0x10  Code  Gb  stm32f2xx_i2c.o [1]
I2C_SendData            0x08003025     0x4  Code  Gb  stm32f2xx_i2c.o [1]
I2C_WriteDeviceRegister
                        0x08004ea3    0xf6  Code  Gb  stm322xg_eval_ioe.o [1]
IOE_Config              0x08004d55    0xfa  Code  Gb  stm322xg_eval_ioe.o [1]
IOE_DMA_Config          0x080050fb    0x6a  Code  Lc  stm322xg_eval_ioe.o [1]
IOE_JoyStickGetState    0x08004e57    0x3e  Code  Gb  stm322xg_eval_ioe.o [1]
IOE_TimeOut             0x200002a8     0x4  Data  Gb  stm322xg_eval_ioe.o [1]
ImageForematArray       0x20000290     0x8  Data  Gb  camera_api.o [1]
ImageFormat             0x200003b9     0x1  Data  Gb  camera_api.o [1]
LCD_Clear               0x08003d87    0x22  Code  Gb  stm322xg_eval_lcd.o [1]
LCD_ClearLine           0x08003d59    0x2e  Code  Gb  stm322xg_eval_lcd.o [1]
LCD_CtrlLinesConfig     0x08003eef    0xae  Code  Gb  stm322xg_eval_lcd.o [1]
LCD_Currentfonts        0x20000274     0x4  Data  Lc  stm322xg_eval_lcd.o [1]
LCD_DisplayChar         0x08003e31    0x1c  Code  Gb  stm322xg_eval_lcd.o [1]
LCD_DisplayStringLine   0x08003e4d    0x36  Code  Gb  stm322xg_eval_lcd.o [1]
LCD_DrawChar            0x08003db7    0x7a  Code  Gb  stm322xg_eval_lcd.o [1]
LCD_FSMCConfig          0x08003fed    0x62  Code  Gb  stm322xg_eval_lcd.o [1]
LCD_GetFont             0x08003d51     0x8  Code  Gb  stm322xg_eval_lcd.o [1]
LCD_LOG_SetFooter       0x080057d5    0x60  Code  Gb  lcd_log.o [1]
LCD_LOG_SetHeader       0x08005751    0x84  Code  Gb  lcd_log.o [1]
LCD_SetBackColor        0x08003d39    0x10  Code  Gb  stm322xg_eval_lcd.o [1]
LCD_SetCursor           0x08003da9     0xe  Code  Gb  stm322xg_eval_lcd.o [1]
LCD_SetDisplayWindow    0x08003e83    0x44  Code  Gb  stm322xg_eval_lcd.o [1]
LCD_SetFont             0x08003d49     0x8  Code  Gb  stm322xg_eval_lcd.o [1]
LCD_SetTextColor        0x08003d29    0x10  Code  Gb  stm322xg_eval_lcd.o [1]
LCD_WriteRAM_Prepare    0x08003ed1     0xa  Code  Gb  stm322xg_eval_lcd.o [1]
LCD_WriteReg            0x08003ec7     0x4  Code  Gb  stm322xg_eval_lcd.o [1]
MemManage_Handler       0x08005a9d     0x2  Code  Gb  stm32f2xx_it.o [1]
NMI_Handler             0x08005a99     0x2  Code  Gb  stm32f2xx_it.o [1]
NVIC_Init               0x080052e1    0x58  Code  Gb  misc.o [1]
OTG_FS_IRQHandler       0x08005d35          Code  Wk  startup_stm32f2xx.o [1]
OTG_FS_WKUP_IRQHandler  0x08005cd1          Code  Wk  startup_stm32f2xx.o [1]
OTG_HS_EP1_IN_IRQHandler
                        0x08005d55          Code  Wk  startup_stm32f2xx.o [1]
OTG_HS_EP1_OUT_IRQHandler
                        0x08005d51          Code  Wk  startup_stm32f2xx.o [1]
OTG_HS_IRQHandler       0x08005d5d          Code  Wk  startup_stm32f2xx.o [1]
OTG_HS_WKUP_IRQHandler  0x08005d59          Code  Wk  startup_stm32f2xx.o [1]
OV2640_BrightnessConfig
                        0x080027bd    0x1e  Code  Gb  dcmi_ov2640.o [1]
OV2640_Camera_ID        0x20000328     0x4  Data  Gb  main.o [1]
OV2640_HW_Init          0x08002555   0x140  Code  Gb  dcmi_ov2640.o [1]
OV2640_Init             0x080026cb    0x9a  Code  Gb  dcmi_ov2640.o [1]
OV2640_QQVGA            0x080028bc   0x290  Data  Gb  dcmi_ov2640.o [1]
OV2640_QQVGAConfig      0x08002765    0x28  Code  Gb  dcmi_ov2640.o [1]
OV2640_QVGA             0x08002b4c   0x1b8  Data  Gb  dcmi_ov2640.o [1]
OV2640_QVGAConfig       0x0800278d    0x24  Code  Gb  dcmi_ov2640.o [1]
OV2640_Reset            0x080026b5    0x10  Code  Gb  dcmi_ov2640.o [1]
OV2640_WriteReg         0x080027f7    0x90  Code  Gb  dcmi_ov2640.o [1]
OV7670_Camera_ID        0x20000324     0x4  Data  Gb  main.o [1]
OV7670_WriteReg         0x080037db    0x90  Code  Gb  dcmi_ov7670.o [1]
OV9655_BrightnessConfig
                        0x080035dd     0x4  Code  Gb  dcmi_ov9655.o [1]
OV9655_Camera_ID        0x20000320     0x4  Data  Gb  main.o [1]
OV9655_HW_Init          0x08003385   0x13c  Code  Gb  dcmi_ov9655.o [1]
OV9655_Init             0x08003507    0x90  Code  Gb  dcmi_ov9655.o [1]
OV9655_QQVGA            0x20000000   0x130  Data  Lc  dcmi_ov9655.o [1]
OV9655_QQVGAConfig      0x08003597    0x16  Code  Gb  dcmi_ov9655.o [1]
OV9655_QVGA             0x20000130   0x130  Data  Lc  dcmi_ov9655.o [1]
OV9655_QVGAConfig       0x080035ad    0x14  Code  Gb  dcmi_ov9655.o [1]
OV9655_ReadID           0x080034e1    0x26  Code  Gb  dcmi_ov9655.o [1]
OV9655_ReadReg          0x08003679    0xd8  Code  Gb  dcmi_ov9655.o [1]
OV9655_WriteReg         0x080035e1    0x90  Code  Gb  dcmi_ov9655.o [1]
PVD_IRQHandler          0x08005c2d          Code  Wk  startup_stm32f2xx.o [1]
PendSV_Handler          0x08005aa7     0x2  Code  Gb  stm32f2xx_it.o [1]
PressedKey              0x200003a4     0x4  Data  Gb  camera_api.o [1]
RCC_AHB1PeriphClockCmd  0x08002d81    0x12  Code  Gb  stm32f2xx_rcc.o [1]
RCC_AHB2PeriphClockCmd  0x08002d93    0x12  Code  Gb  stm32f2xx_rcc.o [1]
RCC_AHB3PeriphClockCmd  0x08002da5    0x12  Code  Gb  stm32f2xx_rcc.o [1]
RCC_APB1PeriphClockCmd  0x08002db7    0x12  Code  Gb  stm32f2xx_rcc.o [1]
RCC_APB1PeriphResetCmd  0x08002ddb    0x12  Code  Gb  stm32f2xx_rcc.o [1]
RCC_APB2PeriphClockCmd  0x08002dc9    0x12  Code  Gb  stm32f2xx_rcc.o [1]
RCC_Clocks              0x20000330    0x10  Data  Gb  main.o [1]
RCC_GetClocksFreq       0x08002d05    0x7c  Code  Gb  stm32f2xx_rcc.o [1]
RCC_IRQHandler          0x08005c3d          Code  Wk  startup_stm32f2xx.o [1]
RTC_Alarm_IRQHandler    0x08005ccd          Code  Wk  startup_stm32f2xx.o [1]
RTC_WKUP_IRQHandler     0x08005c35          Code  Wk  startup_stm32f2xx.o [1]
Region$$Table$$Base     0x08005b80           --   Gb  - Linker created -
Region$$Table$$Limit    0x08005ba4           --   Gb  - Linker created -
Reset_Handler           0x08005be9          Code  Wk  startup_stm32f2xx.o [1]
SDIO_IRQHandler         0x08005ced          Code  Wk  startup_stm32f2xx.o [1]
SPI1_IRQHandler         0x08005cb5          Code  Wk  startup_stm32f2xx.o [1]
SPI2_IRQHandler         0x08005cb9          Code  Wk  startup_stm32f2xx.o [1]
SPI3_IRQHandler         0x08005cf5          Code  Wk  startup_stm32f2xx.o [1]
STM322xG_LCD_Init       0x080039d5   0x2ce  Code  Gb  stm322xg_eval_lcd.o [1]
STM_EVAL_LEDInit        0x080056bd    0x3a  Code  Gb  stm322xg_eval.o [1]
STM_EVAL_LEDOn          0x080056f7    0x14  Code  Gb  stm322xg_eval.o [1]
STM_EVAL_LEDToggle      0x0800570b    0x18  Code  Gb  stm322xg_eval.o [1]
SVC_Handler             0x08005aa3     0x2  Code  Gb  stm32f2xx_it.o [1]
SYSCFG_EXTILineConfig   0x080051cd    0x22  Code  Gb  stm32f2xx_syscfg.o [1]
SysTick_Handler         0x08005aa9     0x4  Code  Gb  stm32f2xx_it.o [1]
SystemInit              0x080059cd    0xb2  Code  Gb  system_stm32f2xx.o [1]
TAMP_STAMP_IRQHandler   0x08005c31          Code  Wk  startup_stm32f2xx.o [1]
TIM1_BRK_TIM9_IRQHandler
                        0x08005c89          Code  Wk  startup_stm32f2xx.o [1]
TIM1_CC_IRQHandler      0x08005c95          Code  Wk  startup_stm32f2xx.o [1]
TIM1_TRG_COM_TIM11_IRQHandler
                        0x08005c91          Code  Wk  startup_stm32f2xx.o [1]
TIM1_UP_TIM10_IRQHandler
                        0x08005c8d          Code  Wk  startup_stm32f2xx.o [1]
TIM2_IRQHandler         0x08005c99          Code  Wk  startup_stm32f2xx.o [1]
TIM3_IRQHandler         0x08005c9d          Code  Wk  startup_stm32f2xx.o [1]
TIM4_IRQHandler         0x08005ca1          Code  Wk  startup_stm32f2xx.o [1]
TIM5_IRQHandler         0x08005cf1          Code  Wk  startup_stm32f2xx.o [1]
TIM6_DAC_IRQHandler     0x08005d01          Code  Wk  startup_stm32f2xx.o [1]
TIM7_IRQHandler         0x08005d05          Code  Wk  startup_stm32f2xx.o [1]
TIM8_BRK_TIM12_IRQHandler
                        0x08005cd5          Code  Wk  startup_stm32f2xx.o [1]
TIM8_CC_IRQHandler      0x08005ce1          Code  Wk  startup_stm32f2xx.o [1]
TIM8_TRG_COM_TIM14_IRQHandler
                        0x08005cdd          Code  Wk  startup_stm32f2xx.o [1]
TIM8_UP_TIM13_IRQHandler
                        0x08005cd9          Code  Wk  startup_stm32f2xx.o [1]
TextColor               0x20000270     0x2  Data  Gb  stm322xg_eval_lcd.o [1]
TimingDelay             0x200003b0     0x4  Data  Lc  camera_api.o [1]
TimingDelay_Decrement   0x0800336d     0xe  Code  Gb  camera_api.o [1]
UART4_IRQHandler        0x08005cf9          Code  Wk  startup_stm32f2xx.o [1]
UART5_IRQHandler        0x08005cfd          Code  Wk  startup_stm32f2xx.o [1]
USART1_IRQHandler       0x08005cbd          Code  Wk  startup_stm32f2xx.o [1]
USART2_IRQHandler       0x08005cc1          Code  Wk  startup_stm32f2xx.o [1]
USART3_IRQHandler       0x08005cc5          Code  Wk  startup_stm32f2xx.o [1]
USART6_IRQHandler       0x08005d45          Code  Wk  startup_stm32f2xx.o [1]
UsageFault_Handler      0x08005aa1     0x2  Code  Gb  stm32f2xx_it.o [1]
ValueMax                0x200003a1     0x1  Data  Gb  camera_api.o [1]
ValueMin                0x200003a0     0x1  Data  Gb  camera_api.o [1]
WWDG_IRQHandler         0x08005c29          Code  Wk  startup_stm32f2xx.o [1]
_EncodingSb_Mbtowc      0x08004bc9    0x30  Code  Gb  xencoding_sb.o [3]
_EncodingSb_Wctomb      0x08004bad    0x1c  Code  Gb  xencoding_sb.o [3]
_IsdstStr               0x200002b0     0x4  Data  Gb  setlocale.o [3]
_LitobSmall             0x08004783    0xd0  Code  Lc  xprintfsmall.o [3]
_LocaleEncoding         0x08004b99     0xe  Code  Gb  setlocale.o [3]
_LocaleReturnString     0x200002d0    0x50  Data  Lc  setlocale.o [3]
_Locale_Profile         0x200002b4    0x1c  Data  Gb  setlocale.o [3]
_Mbtowc                 0x08004899    0x20  Code  Gb  xmbtowc.o [3]
_PrintfSmall            0x0800415d   0x41e  Code  Gb  xprintfsmall.o [3]
_PutcharsSmall          0x08004853    0x2e  Code  Lc  xprintfsmall.o [3]
_PutstrSmall            0x0800457b   0x202  Code  Lc  xprintfsmall.o [3]
_SProut                 0x080049b7     0xa  Code  Gb  xsprout.o [3]
_TzoneStr               0x200002ac     0x4  Data  Gb  setlocale.o [3]
_Wctomb                 0x08004a7d    0x1a  Code  Gb  xwctomb.o [3]
__aeabi_memcpy          0x08004a99          Code  Gb  ABImemcpy.o [5]
__aeabi_memcpy4         0x08004ab9          Code  Gb  ABImemcpy.o [5]
__aeabi_memcpy8         0x08004ab9          Code  Gb  ABImemcpy.o [5]
__aeabi_memset4         0x08005991          Code  Gb  ABImemset48.o [5]
__aeabi_memset8         0x08005991          Code  Gb  ABImemset48.o [5]
__cexit_clearlocks      0x08005bc7          Code  Gb  cexit.o [5]
__cmain                 0x08005ba5          Code  Gb  cmain.o [5]
__cstart_clearlocks     0x08005d6c          Data  Gb  cstart_clearlocks.o [5]
__data_Aldata           0x200003a8     0x8  Data  Gb  xxmemxmalloc.o [3]
__data_GetMemChunk      0x08004d1d    0x28  Code  Gb  xgetmemchunk.o [3]
__exit                  0x08005bd5    0x14  Code  Gb  exit.o [6]
__iar_Locksyslock       0x08004c7d    0x88  Code  Gb  xsyslock.o [3]
__iar_Mbcurmax          0x080049ad     0xa  Code  Gb  xmbcurmax.o [3]
__iar_Memchr            0x08004955          Code  Gb  memchr.o [5]
__iar_Memset4_word      0x08005999          Code  Gb  ABImemset48.o [5]
__iar_Memset8_word      0x08005999          Code  Gb  ABImemset48.o [5]
__iar_SB                0x08005d6c          Data  Gb  bwt_init3c.o [5]
__iar_Strchr            0x080048b9          Code  Gb  strchr.o [5]
__iar_Unlocksyslock     0x08004d05    0x12  Code  Gb  xsyslock.o [3]
__iar_clearlocks        0x08004c09    0x74  Code  Gb  xsyslock.o [3]
__iar_copy_init3        0x080048cf    0x2e  Code  Gb  copy_init3.o [5]
__iar_data_init3        0x08005b55    0x2c  Code  Gb  data_init3.o [5]
__iar_dlib_perthread_access
                        0x08004d45     0x2  Code  Gb  xtls.o [3]
__iar_file_Mtxdst       0x08004d49     0x2  Code  Gb  xmtx2.o [3]
__iar_file_Mtxinit      0x08004d47     0x2  Code  Gb  xmtx2.o [3]
__iar_program_start     0x08005bf9          Code  Gb  cstartup_M.o [5]
__iar_system_Mtxdst     0x08004d4d     0x2  Code  Gb  xmtx.o [3]
__iar_system_Mtxinit    0x08004d4b     0x2  Code  Gb  xmtx.o [3]
__iar_system_Mtxlock    0x08004d4f     0x2  Code  Gb  xmtx.o [3]
__iar_system_Mtxunlock  0x08004d51     0x2  Code  Gb  xmtx.o [3]
__iar_zero_init3        0x08004933    0x22  Code  Gb  zero_init3.o [5]
__low_level_init        0x08005bbb     0x4  Code  Gb  low_level_init.o [3]
__vector_table          0x08000000          Data  Gb  startup_stm32f2xx.o [1]
_call_main              0x08005bb1          Code  Gb  cmain.o [5]
_exit                   0x08005bc5          Code  Gb  cexit.o [5]
_main                   0x08005bb7          Code  Gb  cmain.o [5]
buffer                  0x20000340    0x28  Data  Gb  main.o [1]
change_reg              0x08003884   0x150  Data  Gb  dcmi_ov7670.o [1]
delay                   0x0800516f    0x20  Code  Lc  stm322xg_eval_ioe.o [1]
delay                   0x0800404f    0x20  Code  Lc  stm322xg_eval_lcd.o [1]
exit                    0x08005bbf     0x4  Code  Gb  exit.o [3]
file_mtx                0x2000036c    0x20  Data  Lc  xsyslock.o [3]
free                    0x08004b11    0x82  Code  Gb  xxmemxfree.o [3]
main                    0x08005349   0x1d4  Code  Gb  main.o [1]
malloc                  0x080049c1    0xb6  Code  Gb  xxmemxmalloc.o [3]
memchr                  0x08004955          Code  Gb  memchr.o [5]
mtx                     0x2000038c    0x14  Data  Lc  xsyslock.o [3]
sprintf                 0x0800583d    0x34  Code  Gb  sprintf.o [3]
strchr                  0x080048b9          Code  Gb  strchr.o [5]
strlen                  0x080048fd          Code  Gb  strlen.o [5]
syslock_o               0x20000368     0x4  Data  Lc  xsyslock.o [3]


[1] = F:\我的项目\CAMERA工程\Project\EWARM\STM322xG_EVAL\Obj
[2] = command line
[3] = dl7M_tlf.a
[4] = m7M_tl.a
[5] = rt7M_tl.a
[6] = shb_l.a

  14 664 bytes of readonly  code memory
   9 936 bytes of readonly  data memory
   2 490 bytes of readwrite data memory

Errors: none
Warnings: none
